Component: Arm Compiler for Embedded 6.19 Tool: armlink [5e73cb00]

==============================================================================

Section Cross References

    startup_stm32f40_41xxx.o(RESET) refers to startup_stm32f40_41xxx.o(STACK) for __initial_sp
    startup_stm32f40_41xxx.o(RESET) refers to startup_stm32f40_41xxx.o(.text) for Reset_Handler
    startup_stm32f40_41xxx.o(RESET) refers to stm32f4xx_it.o(.text.NMI_Handler) for NMI_Handler
    startup_stm32f40_41xxx.o(RESET) refers to stm32f4xx_it.o(.text.HardFault_Handler) for HardFault_Handler
    startup_stm32f40_41xxx.o(RESET) refers to stm32f4xx_it.o(.text.MemManage_Handler) for MemManage_Handler
    startup_stm32f40_41xxx.o(RESET) refers to stm32f4xx_it.o(.text.BusFault_Handler) for BusFault_Handler
    startup_stm32f40_41xxx.o(RESET) refers to stm32f4xx_it.o(.text.UsageFault_Handler) for UsageFault_Handler
    startup_stm32f40_41xxx.o(RESET) refers to port.o(.text.SVC_Handler) for SVC_Handler
    startup_stm32f40_41xxx.o(RESET) refers to stm32f4xx_it.o(.text.DebugMon_Handler) for DebugMon_Handler
    startup_stm32f40_41xxx.o(RESET) refers to port.o(.text.PendSV_Handler) for PendSV_Handler
    startup_stm32f40_41xxx.o(RESET) refers to port.o(.text.SysTick_Handler) for SysTick_Handler
    startup_stm32f40_41xxx.o(RESET) refers to stepmotor.o(.text.TIM1_UP_TIM10_IRQHandler) for TIM1_UP_TIM10_IRQHandler
    startup_stm32f40_41xxx.o(RESET) refers to usart.o(.text.USART1_IRQHandler) for USART1_IRQHandler
    startup_stm32f40_41xxx.o(.text) refers to system_stm32f4xx.o(.text.SystemInit) for SystemInit
    startup_stm32f40_41xxx.o(.text) refers to entry.o(.ARM.Collect$$$$00000000) for __main
    misc.o(.ARM.exidx.text.NVIC_PriorityGroupConfig) refers to misc.o(.text.NVIC_PriorityGroupConfig) for [Anonymous Symbol]
    misc.o(.ARM.exidx.text.NVIC_Init) refers to misc.o(.text.NVIC_Init) for [Anonymous Symbol]
    misc.o(.ARM.exidx.text.NVIC_SetVectorTable) refers to misc.o(.text.NVIC_SetVectorTable) for [Anonymous Symbol]
    misc.o(.ARM.exidx.text.NVIC_SystemLPConfig) refers to misc.o(.text.NVIC_SystemLPConfig) for [Anonymous Symbol]
    misc.o(.ARM.exidx.text.SysTick_CLKSourceConfig) refers to misc.o(.text.SysTick_CLKSourceConfig) for [Anonymous Symbol]
    stm32f4xx_exti.o(.ARM.exidx.text.EXTI_DeInit) refers to stm32f4xx_exti.o(.text.EXTI_DeInit) for [Anonymous Symbol]
    stm32f4xx_exti.o(.ARM.exidx.text.EXTI_Init) refers to stm32f4xx_exti.o(.text.EXTI_Init) for [Anonymous Symbol]
    stm32f4xx_exti.o(.ARM.exidx.text.EXTI_StructInit) refers to stm32f4xx_exti.o(.text.EXTI_StructInit) for [Anonymous Symbol]
    stm32f4xx_exti.o(.ARM.exidx.text.EXTI_GenerateSWInterrupt) refers to stm32f4xx_exti.o(.text.EXTI_GenerateSWInterrupt) for [Anonymous Symbol]
    stm32f4xx_exti.o(.ARM.exidx.text.EXTI_GetFlagStatus) refers to stm32f4xx_exti.o(.text.EXTI_GetFlagStatus) for [Anonymous Symbol]
    stm32f4xx_exti.o(.ARM.exidx.text.EXTI_ClearFlag) refers to stm32f4xx_exti.o(.text.EXTI_ClearFlag) for [Anonymous Symbol]
    stm32f4xx_exti.o(.ARM.exidx.text.EXTI_GetITStatus) refers to stm32f4xx_exti.o(.text.EXTI_GetITStatus) for [Anonymous Symbol]
    stm32f4xx_exti.o(.ARM.exidx.text.EXTI_ClearITPendingBit) refers to stm32f4xx_exti.o(.text.EXTI_ClearITPendingBit) for [Anonymous Symbol]
    stm32f4xx_gpio.o(.text.GPIO_DeInit) refers to stm32f4xx_gpio.o(.rodata..Lswitch.table.GPIO_DeInit.1) for .Lswitch.table.GPIO_DeInit.1
    stm32f4xx_gpio.o(.text.GPIO_DeInit) refers to stm32f4xx_rcc.o(.text.RCC_AHB1PeriphResetCmd) for RCC_AHB1PeriphResetCmd
    stm32f4xx_gpio.o(.ARM.exidx.text.GPIO_DeInit) refers to stm32f4xx_gpio.o(.text.GPIO_DeInit) for [Anonymous Symbol]
    stm32f4xx_gpio.o(.ARM.exidx.text.GPIO_Init) refers to stm32f4xx_gpio.o(.text.GPIO_Init) for [Anonymous Symbol]
    stm32f4xx_gpio.o(.ARM.exidx.text.GPIO_StructInit) refers to stm32f4xx_gpio.o(.text.GPIO_StructInit) for [Anonymous Symbol]
    stm32f4xx_gpio.o(.ARM.exidx.text.GPIO_PinLockConfig) refers to stm32f4xx_gpio.o(.text.GPIO_PinLockConfig) for [Anonymous Symbol]
    stm32f4xx_gpio.o(.ARM.exidx.text.GPIO_ReadInputDataBit) refers to stm32f4xx_gpio.o(.text.GPIO_ReadInputDataBit) for [Anonymous Symbol]
    stm32f4xx_gpio.o(.ARM.exidx.text.GPIO_ReadInputData) refers to stm32f4xx_gpio.o(.text.GPIO_ReadInputData) for [Anonymous Symbol]
    stm32f4xx_gpio.o(.ARM.exidx.text.GPIO_ReadOutputDataBit) refers to stm32f4xx_gpio.o(.text.GPIO_ReadOutputDataBit) for [Anonymous Symbol]
    stm32f4xx_gpio.o(.ARM.exidx.text.GPIO_ReadOutputData) refers to stm32f4xx_gpio.o(.text.GPIO_ReadOutputData) for [Anonymous Symbol]
    stm32f4xx_gpio.o(.ARM.exidx.text.GPIO_SetBits) refers to stm32f4xx_gpio.o(.text.GPIO_SetBits) for [Anonymous Symbol]
    stm32f4xx_gpio.o(.ARM.exidx.text.GPIO_ResetBits) refers to stm32f4xx_gpio.o(.text.GPIO_ResetBits) for [Anonymous Symbol]
[...]
    Removing stm32f4xx_tim.o(.text.TIM_GenerateEvent), (4 bytes).
    Removing stm32f4xx_tim.o(.ARM.exidx.text.TIM_GenerateEvent), (8 bytes).
    Removing stm32f4xx_tim.o(.text.TIM_GetFlagStatus), (10 bytes).
    Removing stm32f4xx_tim.o(.ARM.exidx.text.TIM_GetFlagStatus), (8 bytes).
    Removing stm32f4xx_tim.o(.text.TIM_ClearFlag), (6 bytes).
    Removing stm32f4xx_tim.o(.ARM.exidx.text.TIM_ClearFlag), (8 bytes).
    Removing stm32f4xx_tim.o(.ARM.exidx.text.TIM_GetITStatus), (8 bytes).
    Removing stm32f4xx_tim.o(.ARM.exidx.text.TIM_ClearITPendingBit), (8 bytes).
    Removing stm32f4xx_tim.o(.text.TIM_DMAConfig), (8 bytes).
    Removing stm32f4xx_tim.o(.ARM.exidx.text.TIM_DMAConfig), (8 bytes).
    Removing stm32f4xx_tim.o(.text.TIM_DMACmd), (16 bytes).
    Removing stm32f4xx_tim.o(.ARM.exidx.text.TIM_DMACmd), (8 bytes).
    Removing stm32f4xx_tim.o(.text.TIM_SelectCCDMA), (20 bytes).
    Removing stm32f4xx_tim.o(.ARM.exidx.text.TIM_SelectCCDMA), (8 bytes).
    Removing stm32f4xx_tim.o(.text.TIM_InternalClockConfig), (10 bytes).
    Removing stm32f4xx_tim.o(.ARM.exidx.text.TIM_InternalClockConfig), (8 bytes).
    Removing stm32f4xx_tim.o(.text.TIM_ITRxExternalClockConfig), (20 bytes).
    Removing stm32f4xx_tim.o(.ARM.exidx.text.TIM_ITRxExternalClockConfig), (8 bytes).
    Removing stm32f4xx_tim.o(.text.TIM_SelectInputTrigger), (12 bytes).
    Removing stm32f4xx_tim.o(.ARM.exidx.text.TIM_SelectInputTrigger), (8 bytes).
    Removing stm32f4xx_tim.o(.text.TIM_TIxExternalClockConfig), (114 bytes).
    Removing stm32f4xx_tim.o(.ARM.exidx.text.TIM_TIxExternalClockConfig), (8 bytes).
    Removing stm32f4xx_tim.o(.text.TIM_ETRClockMode1Config), (30 bytes).
    Removing stm32f4xx_tim.o(.ARM.exidx.text.TIM_ETRClockMode1Config), (8 bytes).
    Removing stm32f4xx_tim.o(.text.TIM_ETRConfig), (22 bytes).
    Removing stm32f4xx_tim.o(.ARM.exidx.text.TIM_ETRConfig), (8 bytes).
    Removing stm32f4xx_tim.o(.text.TIM_ETRClockMode2Config), (30 bytes).
    Removing stm32f4xx_tim.o(.ARM.exidx.text.TIM_ETRClockMode2Config), (8 bytes).
    Removing stm32f4xx_tim.o(.text.TIM_SelectOutputTrigger), (16 bytes).
    Removing stm32f4xx_tim.o(.ARM.exidx.text.TIM_SelectOutputTrigger), (8 bytes).
    Removing stm32f4xx_tim.o(.text.TIM_SelectSlaveMode), (16 bytes).
    Removing stm32f4xx_tim.o(.ARM.exidx.text.TIM_SelectSlaveMode), (8 bytes).
    Removing stm32f4xx_tim.o(.text.TIM_SelectMasterSlaveMode), (16 bytes).
    Removing stm32f4xx_tim.o(.ARM.exidx.text.TIM_SelectMasterSlaveMode), (8 bytes).
    Removing stm32f4xx_tim.o(.text.TIM_EncoderInterfaceConfig), (48 bytes).
    Removing stm32f4xx_tim.o(.ARM.exidx.text.TIM_EncoderInterfaceConfig), (8 bytes).
    Removing stm32f4xx_tim.o(.text.TIM_SelectHallSensor), (20 bytes).
    Removing stm32f4xx_tim.o(.ARM.exidx.text.TIM_SelectHallSensor), (8 bytes).
    Removing stm32f4xx_tim.o(.text.TIM_RemapConfig), (6 bytes).
    Removing stm32f4xx_tim.o(.ARM.exidx.text.TIM_RemapConfig), (8 bytes).
    Removing stm32f4xx_usart.o(.text), (0 bytes).
    Removing stm32f4xx_usart.o(.text.USART_DeInit), (274 bytes).
    Removing stm32f4xx_usart.o(.ARM.exidx.text.USART_DeInit), (8 bytes).
    Removing stm32f4xx_usart.o(.text.USART_Init), (186 bytes).
    Removing stm32f4xx_usart.o(.ARM.exidx.text.USART_Init), (8 bytes).
    Removing stm32f4xx_usart.o(.text.USART_StructInit), (18 bytes).
    Removing stm32f4xx_usart.o(.ARM.exidx.text.USART_StructInit), (8 bytes).
    Removing stm32f4xx_usart.o(.text.USART_ClockInit), (34 bytes).
    Removing stm32f4xx_usart.o(.ARM.exidx.text.USART_ClockInit), (8 bytes).
    Removing stm32f4xx_usart.o(.text.USART_ClockStructInit), (8 bytes).
    Removing stm32f4xx_usart.o(.ARM.exidx.text.USART_ClockStructInit), (8 bytes).
    Removing stm32f4xx_usart.o(.text.USART_Cmd), (20 bytes).
    Removing stm32f4xx_usart.o(.ARM.exidx.text.USART_Cmd), (8 bytes).
    Removing stm32f4xx_usart.o(.text.USART_SetPrescaler), (16 bytes).
    Removing stm32f4xx_usart.o(.ARM.exidx.text.USART_SetPrescaler), (8 bytes).
    Removing stm32f4xx_usart.o(.text.USART_OverSampling8Cmd), (20 bytes).
    Removing stm32f4xx_usart.o(.ARM.exidx.text.USART_OverSampling8Cmd), (8 bytes).
    Removing stm32f4xx_usart.o(.text.USART_OneBitMethodCmd), (20 bytes).
    Removing stm32f4xx_usart.o(.ARM.exidx.text.USART_OneBitMethodCmd), (8 bytes).
    Removing stm32f4xx_usart.o(.ARM.exidx.text.USART_SendData), (8 bytes).
    Removing stm32f4xx_usart.o(.ARM.exidx.text.USART_ReceiveData), (8 bytes).
    Removing stm32f4xx_usart.o(.text.USART_SetAddress), (16 bytes).
    Removing stm32f4xx_usart.o(.ARM.exidx.text.USART_SetAddress), (8 bytes).
    Removing stm32f4xx_usart.o(.text.USART_ReceiverWakeUpCmd), (20 bytes).
    Removing stm32f4xx_usart.o(.ARM.exidx.text.USART_ReceiverWakeUpCmd), (8 bytes).
    Removing stm32f4xx_usart.o(.text.USART_WakeUpConfig), (16 bytes).
    Removing stm32f4xx_usart.o(.ARM.exidx.text.USART_WakeUpConfig), (8 bytes).
    Removing stm32f4xx_usart.o(.text.USART_LINBreakDetectLengthConfig), (16 bytes).
    Removing stm32f4xx_usart.o(.ARM.exidx.text.USART_LINBreakDetectLengthConfig), (8 bytes).
    Removing stm32f4xx_usart.o(.text.USART_LINCmd), (20 bytes).
    Removing stm32f4xx_usart.o(.ARM.exidx.text.USART_LINCmd), (8 bytes).
    Removing stm32f4xx_usart.o(.text.USART_SendBreak), (10 bytes).
    Removing stm32f4xx_usart.o(.ARM.exidx.text.USART_SendBreak), (8 bytes).
    Removing stm32f4xx_usart.o(.text.USART_HalfDuplexCmd), (20 bytes).
    Removing stm32f4xx_usart.o(.ARM.exidx.text.USART_HalfDuplexCmd), (8 bytes).
    Removing stm32f4xx_usart.o(.text.USART_SetGuardTime), (16 bytes).
    Removing stm32f4xx_usart.o(.ARM.exidx.text.USART_SetGuardTime), (8 bytes).
    Removing stm32f4xx_usart.o(.text.USART_SmartCardCmd), (20 bytes).
    Removing stm32f4xx_usart.o(.ARM.exidx.text.USART_SmartCardCmd), (8 bytes).
    Removing stm32f4xx_usart.o(.text.USART_SmartCardNACKCmd), (20 bytes).
    Removing stm32f4xx_usart.o(.ARM.exidx.text.USART_SmartCardNACKCmd), (8 bytes).
    Removing stm32f4xx_usart.o(.text.USART_IrDAConfig), (16 bytes).
    Removing stm32f4xx_usart.o(.ARM.exidx.text.USART_IrDAConfig), (8 bytes).
    Removing stm32f4xx_usart.o(.text.USART_IrDACmd), (20 bytes).
    Removing stm32f4xx_usart.o(.ARM.exidx.text.USART_IrDACmd), (8 bytes).
    Removing stm32f4xx_usart.o(.text.USART_DMACmd), (16 bytes).
    Removing stm32f4xx_usart.o(.ARM.exidx.text.USART_DMACmd), (8 bytes).
    Removing stm32f4xx_usart.o(.text.USART_ITConfig), (46 bytes).
    Removing stm32f4xx_usart.o(.ARM.exidx.text.USART_ITConfig), (8 bytes).
    Removing stm32f4xx_usart.o(.ARM.exidx.text.USART_GetFlagStatus), (8 bytes).
    Removing stm32f4xx_usart.o(.text.USART_ClearFlag), (6 bytes).
    Removing stm32f4xx_usart.o(.ARM.exidx.text.USART_ClearFlag), (8 bytes).
    Removing stm32f4xx_usart.o(.ARM.exidx.text.USART_GetITStatus), (8 bytes).
    Removing stm32f4xx_usart.o(.ARM.exidx.text.USART_ClearITPendingBit), (8 bytes).
    Removing stm32f4xx_syscfg.o(.text), (0 bytes).
    Removing stm32f4xx_syscfg.o(.text.SYSCFG_DeInit), (26 bytes).
    Removing stm32f4xx_syscfg.o(.ARM.exidx.text.SYSCFG_DeInit), (8 bytes).
    Removing stm32f4xx_syscfg.o(.text.SYSCFG_MemoryRemapConfig), (12 bytes).
    Removing stm32f4xx_syscfg.o(.ARM.exidx.text.SYSCFG_MemoryRemapConfig), (8 bytes).
    Removing stm32f4xx_syscfg.o(.text.SYSCFG_MemorySwappingBank), (10 bytes).
    Removing stm32f4xx_syscfg.o(.ARM.exidx.text.SYSCFG_MemorySwappingBank), (8 bytes).
    Removing stm32f4xx_syscfg.o(.text.SYSCFG_EXTILineConfig), (48 bytes).
    Removing stm32f4xx_syscfg.o(.ARM.exidx.text.SYSCFG_EXTILineConfig), (8 bytes).
    Removing stm32f4xx_syscfg.o(.text.SYSCFG_ETH_MediaInterfaceConfig), (10 bytes).
    Removing stm32f4xx_syscfg.o(.ARM.exidx.text.SYSCFG_ETH_MediaInterfaceConfig), (8 bytes).
    Removing stm32f4xx_syscfg.o(.text.SYSCFG_CompensationCellCmd), (12 bytes).
    Removing stm32f4xx_syscfg.o(.ARM.exidx.text.SYSCFG_CompensationCellCmd), (8 bytes).
    Removing stm32f4xx_syscfg.o(.text.SYSCFG_GetCompensationCellStatus), (16 bytes).
    Removing stm32f4xx_syscfg.o(.ARM.exidx.text.SYSCFG_GetCompensationCellStatus), (8 bytes).
    Removing system_stm32f4xx.o(.text), (0 bytes).
    Removing system_stm32f4xx.o(.ARM.exidx.text.SystemInit), (8 bytes).
    Removing system_stm32f4xx.o(.text.SystemCoreClockUpdate), (134 bytes).
    Removing system_stm32f4xx.o(.ARM.exidx.text.SystemCoreClockUpdate), (8 bytes).
    Removing system_stm32f4xx.o(.data.SystemCoreClock), (4 bytes).
    Removing system_stm32f4xx.o(.rodata.AHBPrescTable), (16 bytes).
    Removing croutine.o(.text), (0 bytes).
    Removing event_groups.o(.text), (0 bytes).
    Removing event_groups.o(.text.xEventGroupCreate), (28 bytes).
    Removing event_groups.o(.ARM.exidx.text.xEventGroupCreate), (8 bytes).
    Removing event_groups.o(.text.xEventGroupSync), (220 bytes).
    Removing event_groups.o(.ARM.exidx.text.xEventGroupSync), (8 bytes).
    Removing event_groups.o(.text.xEventGroupSetBits), (158 bytes).
    Removing event_groups.o(.ARM.exidx.text.xEventGroupSetBits), (8 bytes).
    Removing event_groups.o(.text.xEventGroupWaitBits), (310 bytes).
    Removing event_groups.o(.ARM.exidx.text.xEventGroupWaitBits), (8 bytes).
    Removing event_groups.o(.text.xEventGroupClearBits), (72 bytes).
    Removing event_groups.o(.ARM.exidx.text.xEventGroupClearBits), (8 bytes).
    Removing event_groups.o(.text.xEventGroupGetBitsFromISR), (28 bytes).
    Removing event_groups.o(.ARM.exidx.text.xEventGroupGetBitsFromISR), (8 bytes).
    Removing event_groups.o(.text.vEventGroupDelete), (70 bytes).
    Removing event_groups.o(.ARM.exidx.text.vEventGroupDelete), (8 bytes).
    Removing event_groups.o(.text.vEventGroupSetBitsCallback), (4 bytes).
    Removing event_groups.o(.ARM.exidx.text.vEventGroupSetBitsCallback), (8 bytes).
    Removing event_groups.o(.text.vEventGroupClearBitsCallback), (70 bytes).
    Removing event_groups.o(.ARM.exidx.text.vEventGroupClearBitsCallback), (8 bytes).
    Removing event_groups.o(.text.uxEventGroupGetNumber), (10 bytes).
    Removing event_groups.o(.ARM.exidx.text.uxEventGroupGetNumber), (8 bytes).
    Removing list.o(.text), (0 bytes).
    Removing list.o(.text.vListInitialise), (22 bytes).
    Removing list.o(.ARM.exidx.text.vListInitialise), (8 bytes).
    Removing list.o(.text.vListInitialiseItem), (6 bytes).
    Removing list.o(.ARM.exidx.text.vListInitialiseItem), (8 bytes).
    Removing list.o(.ARM.exidx.text.vListInsertEnd), (8 bytes).
    Removing list.o(.text.vListInsert), (58 bytes).
    Removing list.o(.ARM.exidx.text.vListInsert), (8 bytes).
    Removing list.o(.ARM.exidx.text.uxListRemove), (8 bytes).
    Removing queue.o(.text), (0 bytes).
    Removing queue.o(.text.xQueueGenericReset), (126 bytes).
    Removing queue.o(.ARM.exidx.text.xQueueGenericReset), (8 bytes).
    Removing queue.o(.text.xQueueGenericCreate), (134 bytes).
    Removing queue.o(.ARM.exidx.text.xQueueGenericCreate), (8 bytes).
    Removing queue.o(.text.xQueueCreateMutex), (40 bytes).
    Removing queue.o(.ARM.exidx.text.xQueueCreateMutex), (8 bytes).
    Removing queue.o(.text.xQueueGiveMutexRecursive), (66 bytes).
    Removing queue.o(.ARM.exidx.text.xQueueGiveMutexRecursive), (8 bytes).
    Removing queue.o(.text.xQueueGenericSend), (530 bytes).
    Removing queue.o(.ARM.exidx.text.xQueueGenericSend), (8 bytes).
    Removing queue.o(.text.xQueueTakeMutexRecursive), (64 bytes).
    Removing queue.o(.ARM.exidx.text.xQueueTakeMutexRecursive), (8 bytes).
    Removing queue.o(.text.xQueueGenericReceive), (496 bytes).
    Removing queue.o(.ARM.exidx.text.xQueueGenericReceive), (8 bytes).
    Removing queue.o(.text.xQueueCreateCountingSemaphore), (66 bytes).
    Removing queue.o(.ARM.exidx.text.xQueueCreateCountingSemaphore), (8 bytes).
    Removing queue.o(.text.prvUnlockQueue), (116 bytes).
    Removing queue.o(.ARM.exidx.text.prvUnlockQueue), (8 bytes).
    Removing queue.o(.text.xQueueGenericSendFromISR), (330 bytes).
    Removing queue.o(.ARM.exidx.text.xQueueGenericSendFromISR), (8 bytes).
    Removing queue.o(.text.xQueueGiveFromISR), (194 bytes).
    Removing queue.o(.ARM.exidx.text.xQueueGiveFromISR), (8 bytes).
    Removing queue.o(.text.xQueueReceiveFromISR), (198 bytes).
    Removing queue.o(.ARM.exidx.text.xQueueReceiveFromISR), (8 bytes).
    Removing queue.o(.text.xQueuePeekFromISR), (152 bytes).
    Removing queue.o(.ARM.exidx.text.xQueuePeekFromISR), (8 bytes).
    Removing queue.o(.text.uxQueueMessagesWaiting), (38 bytes).
    Removing queue.o(.ARM.exidx.text.uxQueueMessagesWaiting), (8 bytes).
    Removing queue.o(.text.uxQueueSpacesAvailable), (42 bytes).
    Removing queue.o(.ARM.exidx.text.uxQueueSpacesAvailable), (8 bytes).
    Removing queue.o(.text.uxQueueMessagesWaitingFromISR), (26 bytes).
    Removing queue.o(.ARM.exidx.text.uxQueueMessagesWaitingFromISR), (8 bytes).
    Removing queue.o(.text.vQueueDelete), (66 bytes).
    Removing queue.o(.ARM.exidx.text.vQueueDelete), (8 bytes).
    Removing queue.o(.text.vQueueUnregisterQueue), (42 bytes).
    Removing queue.o(.ARM.exidx.text.vQueueUnregisterQueue), (8 bytes).
    Removing queue.o(.text.uxQueueGetQueueNumber), (4 bytes).
    Removing queue.o(.ARM.exidx.text.uxQueueGetQueueNumber), (8 bytes).
    Removing queue.o(.text.vQueueSetQueueNumber), (4 bytes).
    Removing queue.o(.ARM.exidx.text.vQueueSetQueueNumber), (8 bytes).
    Removing queue.o(.text.ucQueueGetQueueType), (6 bytes).
    Removing queue.o(.ARM.exidx.text.ucQueueGetQueueType), (8 bytes).
    Removing queue.o(.text.xQueueIsQueueEmptyFromISR), (30 bytes).
    Removing queue.o(.ARM.exidx.text.xQueueIsQueueEmptyFromISR), (8 bytes).
    Removing queue.o(.text.xQueueIsQueueFullFromISR), (34 bytes).
    Removing queue.o(.ARM.exidx.text.xQueueIsQueueFullFromISR), (8 bytes).
    Removing queue.o(.text.vQueueAddToRegistry), (40 bytes).
    Removing queue.o(.ARM.exidx.text.vQueueAddToRegistry), (8 bytes).
    Removing queue.o(.text.pcQueueGetName), (40 bytes).
    Removing queue.o(.ARM.exidx.text.pcQueueGetName), (8 bytes).
    Removing queue.o(.text.vQueueWaitForMessageRestricted), (70 bytes).
    Removing queue.o(.ARM.exidx.text.vQueueWaitForMessageRestricted), (8 bytes).
    Removing queue.o(.bss.xQueueRegistry), (64 bytes).
    Removing tasks.o(.text), (0 bytes).
    Removing tasks.o(.text.xTaskCreate), (480 bytes).
    Removing tasks.o(.ARM.exidx.text.xTaskCreate), (8 bytes).
    Removing tasks.o(.text.vTaskDelete), (286 bytes).
    Removing tasks.o(.ARM.exidx.text.vTaskDelete), (8 bytes).
    Removing tasks.o(.text.vTaskDelayUntil), (266 bytes).
    Removing tasks.o(.ARM.exidx.text.vTaskDelayUntil), (8 bytes).
    Removing tasks.o(.text.vTaskSuspendAll), (16 bytes).
    Removing tasks.o(.ARM.exidx.text.vTaskSuspendAll), (8 bytes).
    Removing tasks.o(.text.prvAddCurrentTaskToDelayedList), (166 bytes).
    Removing tasks.o(.ARM.exidx.text.prvAddCurrentTaskToDelayedList), (8 bytes).
    Removing tasks.o(.text.xTaskResumeAll), (316 bytes).
    Removing tasks.o(.ARM.exidx.text.xTaskResumeAll), (8 bytes).
    Removing tasks.o(.text.vTaskDelay), (194 bytes).
    Removing tasks.o(.ARM.exidx.text.vTaskDelay), (8 bytes).
    Removing tasks.o(.text.eTaskGetState), (134 bytes).
    Removing tasks.o(.ARM.exidx.text.eTaskGetState), (8 bytes).
    Removing tasks.o(.text.uxTaskPriorityGet), (30 bytes).
    Removing tasks.o(.ARM.exidx.text.uxTaskPriorityGet), (8 bytes).
    Removing tasks.o(.text.uxTaskPriorityGetFromISR), (48 bytes).
    Removing tasks.o(.ARM.exidx.text.uxTaskPriorityGetFromISR), (8 bytes).
    Removing tasks.o(.text.vTaskPrioritySet), (226 bytes).
    Removing tasks.o(.ARM.exidx.text.vTaskPrioritySet), (8 bytes).
    Removing tasks.o(.text.vTaskSuspend), (386 bytes).
    Removing tasks.o(.ARM.exidx.text.vTaskSuspend), (8 bytes).
    Removing tasks.o(.ARM.exidx.text.vTaskSwitchContext), (8 bytes).
    Removing tasks.o(.text.vTaskResume), (162 bytes).
    Removing tasks.o(.ARM.exidx.text.vTaskResume), (8 bytes).
    Removing tasks.o(.text.xTaskResumeFromISR), (192 bytes).
    Removing tasks.o(.ARM.exidx.text.xTaskResumeFromISR), (8 bytes).
    Removing tasks.o(.text.vTaskStartScheduler), (152 bytes).
    Removing tasks.o(.ARM.exidx.text.vTaskStartScheduler), (8 bytes).
    Removing tasks.o(.text.prvIdleTask), (142 bytes).
    Removing tasks.o(.ARM.exidx.text.prvIdleTask), (8 bytes).
    Removing tasks.o(.text.vTaskEndScheduler), (32 bytes).
    Removing tasks.o(.ARM.exidx.text.vTaskEndScheduler), (8 bytes).
    Removing tasks.o(.ARM.exidx.text.xTaskIncrementTick), (8 bytes).
    Removing tasks.o(.text.xTaskGetTickCount), (12 bytes).
    Removing tasks.o(.ARM.exidx.text.xTaskGetTickCount), (8 bytes).
    Removing tasks.o(.text.xTaskGetTickCountFromISR), (18 bytes).
    Removing tasks.o(.ARM.exidx.text.xTaskGetTickCountFromISR), (8 bytes).
    Removing tasks.o(.text.uxTaskGetNumberOfTasks), (12 bytes).
    Removing tasks.o(.ARM.exidx.text.uxTaskGetNumberOfTasks), (8 bytes).
    Removing tasks.o(.text.pcTaskGetName), (38 bytes).
    Removing tasks.o(.ARM.exidx.text.pcTaskGetName), (8 bytes).
    Removing tasks.o(.text.uxTaskGetSystemState), (1304 bytes).
    Removing tasks.o(.ARM.exidx.text.uxTaskGetSystemState), (8 bytes).
    Removing tasks.o(.text.vTaskPlaceOnEventList), (54 bytes).
    Removing tasks.o(.ARM.exidx.text.vTaskPlaceOnEventList), (8 bytes).
    Removing tasks.o(.text.vTaskPlaceOnUnorderedEventList), (94 bytes).
    Removing tasks.o(.ARM.exidx.text.vTaskPlaceOnUnorderedEventList), (8 bytes).
    Removing tasks.o(.text.vTaskPlaceOnEventListRestricted), (62 bytes).
    Removing tasks.o(.ARM.exidx.text.vTaskPlaceOnEventListRestricted), (8 bytes).
    Removing tasks.o(.text.xTaskRemoveFromEventList), (144 bytes).
    Removing tasks.o(.ARM.exidx.text.xTaskRemoveFromEventList), (8 bytes).
    Removing tasks.o(.text.xTaskRemoveFromUnorderedEventList), (154 bytes).
    Removing tasks.o(.ARM.exidx.text.xTaskRemoveFromUnorderedEventList), (8 bytes).
    Removing tasks.o(.text.vTaskSetTimeOutState), (46 bytes).
    Removing tasks.o(.ARM.exidx.text.vTaskSetTimeOutState), (8 bytes).
    Removing tasks.o(.text.xTaskCheckForTimeOut), (140 bytes).
    Removing tasks.o(.ARM.exidx.text.xTaskCheckForTimeOut), (8 bytes).
    Removing tasks.o(.text.vTaskMissedYield), (14 bytes).
    Removing tasks.o(.ARM.exidx.text.vTaskMissedYield), (8 bytes).
    Removing tasks.o(.text.uxTaskGetTaskNumber), (10 bytes).
    Removing tasks.o(.ARM.exidx.text.uxTaskGetTaskNumber), (8 bytes).
    Removing tasks.o(.text.vTaskSetTaskNumber), (8 bytes).
    Removing tasks.o(.ARM.exidx.text.vTaskSetTaskNumber), (8 bytes).
    Removing tasks.o(.text.vTaskGetInfo), (272 bytes).
    Removing tasks.o(.ARM.exidx.text.vTaskGetInfo), (8 bytes).
    Removing tasks.o(.text.xTaskGetCurrentTaskHandle), (12 bytes).
    Removing tasks.o(.ARM.exidx.text.xTaskGetCurrentTaskHandle), (8 bytes).
    Removing tasks.o(.text.xTaskGetSchedulerState), (38 bytes).
    Removing tasks.o(.ARM.exidx.text.xTaskGetSchedulerState), (8 bytes).
    Removing tasks.o(.text.vTaskPriorityInherit), (154 bytes).
    Removing tasks.o(.ARM.exidx.text.vTaskPriorityInherit), (8 bytes).
    Removing tasks.o(.text.xTaskPriorityDisinherit), (178 bytes).
    Removing tasks.o(.ARM.exidx.text.xTaskPriorityDisinherit), (8 bytes).
    Removing tasks.o(.text.uxTaskResetEventItemValue), (26 bytes).
    Removing tasks.o(.ARM.exidx.text.uxTaskResetEventItemValue), (8 bytes).
    Removing tasks.o(.text.pvTaskIncrementMutexHeldCount), (24 bytes).
    Removing tasks.o(.ARM.exidx.text.pvTaskIncrementMutexHeldCount), (8 bytes).
    Removing tasks.o(.text.ulTaskNotifyTake), (106 bytes).
    Removing tasks.o(.ARM.exidx.text.ulTaskNotifyTake), (8 bytes).
    Removing tasks.o(.text.xTaskNotifyWait), (144 bytes).
    Removing tasks.o(.ARM.exidx.text.xTaskNotifyWait), (8 bytes).
    Removing tasks.o(.text.xTaskGenericNotify), (228 bytes).
    Removing tasks.o(.ARM.exidx.text.xTaskGenericNotify), (8 bytes).
    Removing tasks.o(.text.xTaskGenericNotifyFromISR), (272 bytes).
    Removing tasks.o(.ARM.exidx.text.xTaskGenericNotifyFromISR), (8 bytes).
    Removing tasks.o(.text.vTaskNotifyGiveFromISR), (220 bytes).
    Removing tasks.o(.ARM.exidx.text.vTaskNotifyGiveFromISR), (8 bytes).
    Removing tasks.o(.text.xTaskNotifyStateClear), (44 bytes).
    Removing tasks.o(.ARM.exidx.text.xTaskNotifyStateClear), (8 bytes).
    Removing tasks.o(.bss.uxTaskNumber), (4 bytes).
    Removing tasks.o(.bss.xTasksWaitingTermination), (20 bytes).
    Removing tasks.o(.bss.uxDeletedTasksWaitingCleanUp), (4 bytes).
    Removing tasks.o(.bss.uxCurrentNumberOfTasks), (4 bytes).
    Removing tasks.o(.bss.xSchedulerRunning), (4 bytes).
    Removing tasks.o(.bss.xSuspendedTaskList), (20 bytes).
    Removing tasks.o(.bss.xPendingReadyList), (20 bytes).
    Removing tasks.o(.bss.xIdleTaskHandle), (4 bytes).
    Removing tasks.o(.bss.xDelayedTaskList1), (20 bytes).
    Removing tasks.o(.bss.xDelayedTaskList2), (20 bytes).
    Removing timers.o(.text), (0 bytes).
    Removing timers.o(.text.xTimerCreateTimerTask), (96 bytes).
    Removing timers.o(.ARM.exidx.text.xTimerCreateTimerTask), (8 bytes).
    Removing timers.o(.text.prvCheckForValidListAndQueue), (112 bytes).
    Removing timers.o(.ARM.exidx.text.prvCheckForValidListAndQueue), (8 bytes).
    Removing timers.o(.text.prvTimerTask), (634 bytes).
    Removing timers.o(.ARM.exidx.text.prvTimerTask), (8 bytes).
    Removing timers.o(.text.xTimerCreate), (78 bytes).
    Removing timers.o(.ARM.exidx.text.xTimerCreate), (8 bytes).
    Removing timers.o(.text.xTimerGenericCommand), (104 bytes).
    Removing timers.o(.ARM.exidx.text.xTimerGenericCommand), (8 bytes).
    Removing timers.o(.text.xTimerGetTimerDaemonTaskHandle), (34 bytes).
    Removing timers.o(.ARM.exidx.text.xTimerGetTimerDaemonTaskHandle), (8 bytes).
    Removing timers.o(.text.xTimerGetPeriod), (26 bytes).
    Removing timers.o(.ARM.exidx.text.xTimerGetPeriod), (8 bytes).
    Removing timers.o(.text.xTimerGetExpiryTime), (26 bytes).
    Removing timers.o(.ARM.exidx.text.xTimerGetExpiryTime), (8 bytes).
    Removing timers.o(.text.pcTimerGetName), (26 bytes).
    Removing timers.o(.ARM.exidx.text.pcTimerGetName), (8 bytes).
    Removing timers.o(.text.xTimerIsTimerActive), (46 bytes).
    Removing timers.o(.ARM.exidx.text.xTimerIsTimerActive), (8 bytes).
    Removing timers.o(.text.pvTimerGetTimerID), (38 bytes).
    Removing timers.o(.ARM.exidx.text.pvTimerGetTimerID), (8 bytes).
    Removing timers.o(.text.vTimerSetTimerID), (42 bytes).
    Removing timers.o(.ARM.exidx.text.vTimerSetTimerID), (8 bytes).
    Removing timers.o(.text.prvSampleTimeNow), (230 bytes).
    Removing timers.o(.ARM.exidx.text.prvSampleTimeNow), (8 bytes).
    Removing timers.o(.bss.xTimerQueue), (4 bytes).
    Removing timers.o(.bss.xTimerTaskHandle), (4 bytes).
    Removing timers.o(.bss.pxCurrentTimerList), (4 bytes).
    Removing timers.o(.bss.pxOverflowTimerList), (4 bytes).
    Removing timers.o(.bss.prvSampleTimeNow.xLastTime), (4 bytes).
    Removing timers.o(.bss.xActiveTimerList1), (20 bytes).
    Removing timers.o(.bss.xActiveTimerList2), (20 bytes).
    Removing heap_4.o(.text), (0 bytes).
    Removing heap_4.o(.text.pvPortMalloc), (440 bytes).
    Removing heap_4.o(.ARM.exidx.text.pvPortMalloc), (8 bytes).
    Removing heap_4.o(.text.vPortFree), (196 bytes).
    Removing heap_4.o(.ARM.exidx.text.vPortFree), (8 bytes).
    Removing heap_4.o(.text.xPortGetFreeHeapSize), (12 bytes).
    Removing heap_4.o(.ARM.exidx.text.xPortGetFreeHeapSize), (8 bytes).
    Removing heap_4.o(.text.xPortGetMinimumEverFreeHeapSize), (12 bytes).
    Removing heap_4.o(.ARM.exidx.text.xPortGetMinimumEverFreeHeapSize), (8 bytes).
    Removing heap_4.o(.text.vPortInitialiseBlocks), (2 bytes).
    Removing heap_4.o(.ARM.exidx.text.vPortInitialiseBlocks), (8 bytes).
    Removing heap_4.o(.bss.pxEnd), (4 bytes).
    Removing heap_4.o(.bss.xBlockAllocatedBit), (1 bytes).
    Removing heap_4.o(.bss.xFreeBytesRemaining), (4 bytes).
    Removing heap_4.o(.bss.xStart), (8 bytes).
    Removing heap_4.o(.bss.xMinimumEverFreeBytesRemaining), (4 bytes).
    Removing heap_4.o(.bss.ucHeap), (76800 bytes).
    Removing port.o(.text), (0 bytes).
    Removing port.o(.text.pxPortInitialiseStack), (40 bytes).
    Removing port.o(.ARM.exidx.text.pxPortInitialiseStack), (8 bytes).
    Removing port.o(.text.prvTaskExitError), (50 bytes).
    Removing port.o(.ARM.exidx.text.prvTaskExitError), (8 bytes).
    Removing port.o(.ARM.exidx.text.SVC_Handler), (8 bytes).
    Removing port.o(.text.xPortStartScheduler), (306 bytes).
    Removing port.o(.ARM.exidx.text.xPortStartScheduler), (8 bytes).
    Removing port.o(.text.vPortSetupTimerInterrupt), (52 bytes).
    Removing port.o(.ARM.exidx.text.vPortSetupTimerInterrupt), (8 bytes).
    Removing port.o(.text.vPortEnableVFP), (20 bytes).
    Removing port.o(.ARM.exidx.text.vPortEnableVFP), (8 bytes).
    Removing port.o(.text.prvPortStartFirstTask), (40 bytes).
    Removing port.o(.ARM.exidx.text.prvPortStartFirstTask), (8 bytes).
    Removing port.o(.text.vPortEndScheduler), (38 bytes).
    Removing port.o(.ARM.exidx.text.vPortEndScheduler), (8 bytes).
    Removing port.o(.text.vPortEnterCritical), (70 bytes).
    Removing port.o(.ARM.exidx.text.vPortEnterCritical), (8 bytes).
    Removing port.o(.text.vPortExitCritical), (46 bytes).
    Removing port.o(.ARM.exidx.text.vPortExitCritical), (8 bytes).
    Removing port.o(.ARM.exidx.text.PendSV_Handler), (8 bytes).
    Removing port.o(.ARM.exidx.text.SysTick_Handler), (8 bytes).
    Removing port.o(.text.vPortValidateInterruptPriority), (98 bytes).
    Removing port.o(.ARM.exidx.text.vPortValidateInterruptPriority), (8 bytes).
    Removing port.o(.bss.ucMaxSysCallPriority), (1 bytes).
    Removing port.o(.bss.ulMaxPRIGROUPValue), (4 bytes).
    Removing port.o(.data.uxCriticalNesting), (4 bytes).
    Removing system.o(.text), (0 bytes).
    Removing systick.o(.text), (0 bytes).
    Removing systick.o(.text.getSysTickCnt), (22 bytes).
    Removing systick.o(.ARM.exidx.text.getSysTickCnt), (8 bytes).
    Removing systick.o(.ARM.exidx.text.SysTick_Init), (8 bytes).
    Removing systick.o(.text.delay_us), (60 bytes).
    Removing systick.o(.ARM.exidx.text.delay_us), (8 bytes).
    Removing systick.o(.text.delay_nms), (60 bytes).
    Removing systick.o(.ARM.exidx.text.delay_nms), (8 bytes).
    Removing systick.o(.ARM.exidx.text.delay_ms), (8 bytes).
    Removing uart.o(.text), (0 bytes).
    Removing led.o(.text), (0 bytes).
    Removing led.o(.ARM.exidx.text.LED_Init), (8 bytes).
    Removing oled.o(.text), (0 bytes).
    Removing oled.o(.text.IIC_Start1), (46 bytes).
    Removing oled.o(.ARM.exidx.text.IIC_Start1), (8 bytes).
    Removing oled.o(.text.IIC_Stop1), (38 bytes).
    Removing oled.o(.ARM.exidx.text.IIC_Stop1), (8 bytes).
    Removing oled.o(.text.IIC_Wait_Ack1), (30 bytes).
    Removing oled.o(.ARM.exidx.text.IIC_Wait_Ack1), (8 bytes).
    Removing oled.o(.text.Write_IIC_Byte), (78 bytes).
    Removing oled.o(.ARM.exidx.text.Write_IIC_Byte), (8 bytes).
    Removing oled.o(.text.Write_IIC_Command), (298 bytes).
    Removing oled.o(.ARM.exidx.text.Write_IIC_Command), (8 bytes).
    Removing oled.o(.text.Write_IIC_Data), (322 bytes).
    Removing oled.o(.ARM.exidx.text.Write_IIC_Data), (8 bytes).
    Removing oled.o(.text.OLED_WR_Byte), (14 bytes).
    Removing oled.o(.ARM.exidx.text.OLED_WR_Byte), (8 bytes).
    Removing oled.o(.text.fill_picture), (60 bytes).
    Removing oled.o(.ARM.exidx.text.fill_picture), (8 bytes).
    Removing oled.o(.text.Delay_50ms), (2 bytes).
    Removing oled.o(.ARM.exidx.text.Delay_50ms), (8 bytes).
    Removing oled.o(.text.Delay_1ms), (2 bytes).
    Removing oled.o(.ARM.exidx.text.Delay_1ms), (8 bytes).
    Removing oled.o(.text.OLED_Set_Pos), (34 bytes).
    Removing oled.o(.ARM.exidx.text.OLED_Set_Pos), (8 bytes).
    Removing oled.o(.text.OLED_Display_On), (24 bytes).
    Removing oled.o(.ARM.exidx.text.OLED_Display_On), (8 bytes).
    Removing oled.o(.text.OLED_Display_Off), (24 bytes).
    Removing oled.o(.ARM.exidx.text.OLED_Display_Off), (8 bytes).
    Removing oled.o(.text.OLED_Clear), (56 bytes).
    Removing oled.o(.ARM.exidx.text.OLED_Clear), (8 bytes).
    Removing oled.o(.text.OLED_On), (56 bytes).
    Removing oled.o(.ARM.exidx.text.OLED_On), (8 bytes).
    Removing oled.o(.text.OLED_ShowChar), (178 bytes).
    Removing oled.o(.ARM.exidx.text.OLED_ShowChar), (8 bytes).
    Removing oled.o(.text.oled_pow), (24 bytes).
    Removing oled.o(.ARM.exidx.text.oled_pow), (8 bytes).
    Removing oled.o(.text.OLED_ShowNum), (166 bytes).
    Removing oled.o(.ARM.exidx.text.OLED_ShowNum), (8 bytes).
    Removing oled.o(.text.OLED_Showdecimal), (322 bytes).
    Removing oled.o(.ARM.exidx.text.OLED_Showdecimal), (8 bytes).
    Removing oled.o(.text.OLED_ShowString), (64 bytes).
    Removing oled.o(.ARM.exidx.text.OLED_ShowString), (8 bytes).
    Removing oled.o(.text.OLED_ShowCHinese), (118 bytes).
    Removing oled.o(.ARM.exidx.text.OLED_ShowCHinese), (8 bytes).
    Removing oled.o(.text.OLED_DrawBMP), (126 bytes).
    Removing oled.o(.ARM.exidx.text.OLED_DrawBMP), (8 bytes).
    Removing oled.o(.text.OLED_Init), (216 bytes).
    Removing oled.o(.ARM.exidx.text.OLED_Init), (8 bytes).
    Removing oled.o(.rodata.F6x8), (552 bytes).
    Removing oled.o(.rodata.F8X16), (1520 bytes).
    Removing oled.o(.data.Hzk), (256 bytes).
    Removing usart.o(.text), (0 bytes).
    Removing usart.o(.text._sys_exit), (2 bytes).
    Removing usart.o(.ARM.exidx.text._sys_exit), (8 bytes).
    Removing usart.o(.text.fputc), (20 bytes).
    Removing usart.o(.ARM.exidx.text.fputc), (8 bytes).
    Removing usart.o(.text.USART1_Init), (142 bytes).
    Removing usart.o(.ARM.exidx.text.USART1_Init), (8 bytes).
    Removing usart.o(.ARM.exidx.text.USART1_IRQHandler), (8 bytes).
    Removing usart.o(.text.USART1_Send), (50 bytes).
    Removing usart.o(.ARM.exidx.text.USART1_Send), (8 bytes).
    Removing usart.o(.bss.__stdout), (84 bytes).
    Removing iic.o(.text), (0 bytes).
    Removing iic.o(.text.IIC_Init), (76 bytes).
    Removing iic.o(.ARM.exidx.text.IIC_Init), (8 bytes).
    Removing iic.o(.text.SDA_OUT), (36 bytes).
    Removing iic.o(.ARM.exidx.text.SDA_OUT), (8 bytes).
    Removing iic.o(.text.SDA_IN), (34 bytes).
    Removing iic.o(.ARM.exidx.text.SDA_IN), (8 bytes).
    Removing iic.o(.text.IIC_Start), (68 bytes).
    Removing iic.o(.ARM.exidx.text.IIC_Start), (8 bytes).
    Removing iic.o(.text.IIC_Stop), (68 bytes).
    Removing iic.o(.ARM.exidx.text.IIC_Stop), (8 bytes).
    Removing iic.o(.text.IIC_Wait_Ack), (132 bytes).
    Removing iic.o(.ARM.exidx.text.IIC_Wait_Ack), (8 bytes).
    Removing iic.o(.text.IIC_Ack), (68 bytes).
    Removing iic.o(.ARM.exidx.text.IIC_Ack), (8 bytes).
    Removing iic.o(.text.IIC_NAck), (68 bytes).
    Removing iic.o(.ARM.exidx.text.IIC_NAck), (8 bytes).
    Removing iic.o(.text.IIC_Send_Byte), (102 bytes).
    Removing iic.o(.ARM.exidx.text.IIC_Send_Byte), (8 bytes).
    Removing iic.o(.text.IIC_Read_Byte), (178 bytes).
    Removing iic.o(.ARM.exidx.text.IIC_Read_Byte), (8 bytes).
    Removing encodemotor.o(.text), (0 bytes).
    Removing encodemotor.o(.ARM.exidx.text.Emotor_GPIO_Init), (8 bytes).
    Removing encodemotor.o(.ARM.exidx.text.Emotor_PWM_TIM8_Init), (8 bytes).
    Removing steerengine.o(.text), (0 bytes).
    Removing steerengine.o(.ARM.exidx.text.Sengine_PWM_TIM4_Init), (8 bytes).
    Removing steerengine.o(.ARM.exidx.text.Sengine_PWM_TIM5_Init), (8 bytes).
    Removing stepmotor.o(.text), (0 bytes).
    Removing stepmotor.o(.ARM.exidx.text.Smotor_GPIO_Init), (8 bytes).
    Removing stepmotor.o(.ARM.exidx.text.Smotor_PWM_TIM1_Init), (8 bytes).
    Removing stepmotor.o(.ARM.exidx.text.TIM1_UP_TIM10_IRQHandler), (8 bytes).
    Removing stepmotor.o(.ARM.exidx.text.TIM1_PWM_Output), (8 bytes).
    Removing encodingmotor.o(.text), (0 bytes).
    Removing encodingmotor.o(.ARM.exidx.text.Emotor_Init), (8 bytes).
    Removing encodingmotor.o(.ARM.exidx.text.Emotor_control), (8 bytes).
    Removing pid.o(.text), (0 bytes).
    Removing pid.o(.text.Incremental_PI_1), (90 bytes).
    Removing pid.o(.ARM.exidx.text.Incremental_PI_1), (8 bytes).
    Removing pid.o(.text.Incremental_PI_2), (90 bytes).
    Removing pid.o(.ARM.exidx.text.Incremental_PI_2), (8 bytes).
    Removing pid.o(.text.Incremental_PI_3), (90 bytes).
    Removing pid.o(.ARM.exidx.text.Incremental_PI_3), (8 bytes).
    Removing pid.o(.text.Incremental_PI_4), (90 bytes).
    Removing pid.o(.ARM.exidx.text.Incremental_PI_4), (8 bytes).
    Removing pid.o(.text.Limit_Pwm), (60 bytes).
    Removing pid.o(.ARM.exidx.text.Limit_Pwm), (8 bytes).
    Removing pid.o(.text.set_pid_target), (36 bytes).
    Removing pid.o(.ARM.exidx.text.set_pid_target), (8 bytes).
    Removing pid.o(.text.set_p_i_d), (88 bytes).
    Removing pid.o(.ARM.exidx.text.set_p_i_d), (8 bytes).
    Removing pid.o(.text.myabs), (8 bytes).
    Removing pid.o(.ARM.exidx.text.myabs), (8 bytes).
    Removing pid.o(.text.float_abs), (20 bytes).
    Removing pid.o(.ARM.exidx.text.float_abs), (8 bytes).
    Removing pid.o(.text.PID_param_init), (2 bytes).
    Removing pid.o(.ARM.exidx.text.PID_param_init), (8 bytes).
    Removing pid.o(.bss.EMOTOR_1), (40 bytes).
    Removing pid.o(.bss.EMOTOR_2), (40 bytes).
    Removing pid.o(.bss.EMOTOR_3), (40 bytes).
    Removing pid.o(.bss.EMOTOR_4), (40 bytes).
    Removing steppingmotor.o(.text), (0 bytes).
    Removing steppingmotor.o(.ARM.exidx.text.Smotor_Init), (8 bytes).
    Removing steppingmotor.o(.ARM.exidx.text.Start_motion), (8 bytes).
    Removing steppingmotor.o(.ARM.exidx.text.Smotor_Angle_control), (8 bytes).
    Removing steeringengine.o(.text), (0 bytes).
    Removing steeringengine.o(.ARM.exidx.text.Sengine_setAngle), (8 bytes).
    Removing steeringengine.o(.ARM.exidx.text.Sengine_Init), (8 bytes).
    Removing bluetooth_control.o(.text), (0 bytes).
    Removing bluetooth_control.o(.text.Bluetooth_control_task), (100 bytes).
    Removing bluetooth_control.o(.ARM.exidx.text.Bluetooth_control_task), (8 bytes).
    Removing main.o(.text), (0 bytes).
    Removing main.o(.ARM.exidx.text.main), (8 bytes).
    Removing main.o(.text.start_task), (88 bytes).
    Removing main.o(.ARM.exidx.text.start_task), (8 bytes).
    Removing main.o(.bss.StartTask_Handler), (4 bytes).
    Removing main.o(.ARM.use_no_argv), (4 bytes).
    Removing stm32f4xx_it.o(.text), (0 bytes).
    Removing stm32f4xx_it.o(.ARM.exidx.text.NMI_Handler), (8 bytes).
    Removing stm32f4xx_it.o(.ARM.exidx.text.HardFault_Handler), (8 bytes).
    Removing stm32f4xx_it.o(.ARM.exidx.text.MemManage_Handler), (8 bytes).
    Removing stm32f4xx_it.o(.ARM.exidx.text.BusFault_Handler), (8 bytes).
    Removing stm32f4xx_it.o(.ARM.exidx.text.UsageFault_Handler), (8 bytes).
    Removing stm32f4xx_it.o(.ARM.exidx.text.DebugMon_Handler), (8 bytes).

880 unused section(s) (total 107756 bytes) removed from the image.

==============================================================================

Image Symbol Table

    Local Symbols

    Symbol Name                              Value     Ov Type        Size  Object(Section)

    ../clib/microlib/init/entry.s            0x00000000   Number         0  entry.o ABSOLUTE
    ../clib/microlib/init/entry.s            0x00000000   Number         0  entry2.o ABSOLUTE
    ../clib/microlib/init/entry.s            0x00000000   Number         0  entry5.o ABSOLUTE
    ../clib/microlib/init/entry.s            0x00000000   Number         0  entry7a.o ABSOLUTE
    ../clib/microlib/init/entry.s            0x00000000   Number         0  entry7b.o ABSOLUTE
    ../clib/microlib/init/entry.s            0x00000000   Number         0  entry8a.o ABSOLUTE
    ../clib/microlib/init/entry.s            0x00000000   Number         0  entry8b.o ABSOLUTE
    ../clib/microlib/init/entry.s            0x00000000   Number         0  entry9a.o ABSOLUTE
    ../clib/microlib/init/entry.s            0x00000000   Number         0  entry9b.o ABSOLUTE
    ../clib/microlib/init/entry.s            0x00000000   Number         0  entry10a.o ABSOLUTE
    ../clib/microlib/init/entry.s            0x00000000   Number         0  entry10b.o ABSOLUTE
    ../clib/microlib/init/entry.s            0x00000000   Number         0  entry11a.o ABSOLUTE
    ../clib/microlib/init/entry.s            0x00000000   Number         0  entry11b.o ABSOLUTE
    ../clib/microlib/string/memcpy.c         0x00000000   Number         0  memcpya.o ABSOLUTE
    ../clib/microlib/string/memcpy.c         0x00000000   Number         0  memcpyb.o ABSOLUTE
    ../clib/microlib/string/memset.c         0x00000000   Number         0  memseta.o ABSOLUTE
    ../clib/microlib/stubs.s                 0x00000000   Number         0  useno.o ABSOLUTE
    Bluetooth_control.c                      0x00000000   Number         0  bluetooth_control.o ABSOLUTE
    Libraries/CMSIS/startup_stm32f40_41xxx.s 0x00000000   Number         0  startup_stm32f40_41xxx.o ABSOLUTE
    SysTick.c                                0x00000000   Number         0  systick.o ABSOLUTE
    croutine.c                               0x00000000   Number         0  croutine.o ABSOLUTE
    dc.s                                     0x00000000   Number         0  dc.o ABSOLUTE
    encodeMotor.c                            0x00000000   Number         0  encodemotor.o ABSOLUTE
    encodingMotor.c                          0x00000000   Number         0  encodingmotor.o ABSOLUTE
    event_groups.c                           0x00000000   Number         0  event_groups.o ABSOLUTE
    handlers.s                               0x00000000   Number         0  handlers.o ABSOLUTE
    heap_4.c                                 0x00000000   Number         0  heap_4.o ABSOLUTE
    iic.c                                    0x00000000   Number         0  iic.o ABSOLUTE
    init.s                                   0x00000000   Number         0  init.o ABSOLUTE
    led.c                                    0x00000000   Number         0  led.o ABSOLUTE
    list.c                                   0x00000000   Number         0  list.o ABSOLUTE
    main.c                                   0x00000000   Number         0  main.o ABSOLUTE
    misc.c                                   0x00000000   Number         0  misc.o ABSOLUTE
    oled.c                                   0x00000000   Number         0  oled.o ABSOLUTE
    pid.c                                    0x00000000   Number         0  pid.o ABSOLUTE
    port.c                                   0x00000000   Number         0  port.o ABSOLUTE
    queue.c                                  0x00000000   Number         0  queue.o ABSOLUTE
    steerEngine.c                            0x00000000   Number         0  steerengine.o ABSOLUTE
    steeringEngine.c                         0x00000000   Number         0  steeringengine.o ABSOLUTE
    stepMotor.c                              0x00000000   Number         0  stepmotor.o ABSOLUTE
    steppingMotor.c                          0x00000000   Number         0  steppingmotor.o ABSOLUTE
    stm32f4xx_exti.c                         0x00000000   Number         0  stm32f4xx_exti.o ABSOLUTE
    stm32f4xx_gpio.c                         0x00000000   Number         0  stm32f4xx_gpio.o ABSOLUTE
    stm32f4xx_i2c.c                          0x00000000   Number         0  stm32f4xx_i2c.o ABSOLUTE
    stm32f4xx_it.c                           0x00000000   Number         0  stm32f4xx_it.o ABSOLUTE
    stm32f4xx_rcc.c                          0x00000000   Number         0  stm32f4xx_rcc.o ABSOLUTE
    stm32f4xx_syscfg.c                       0x00000000   Number         0  stm32f4xx_syscfg.o ABSOLUTE
    stm32f4xx_tim.c                          0x00000000   Number         0  stm32f4xx_tim.o ABSOLUTE
    stm32f4xx_usart.c                        0x00000000   Number         0  stm32f4xx_usart.o ABSOLUTE
    system.c                                 0x00000000   Number         0  system.o ABSOLUTE
    system_stm32f4xx.c                       0x00000000   Number         0  system_stm32f4xx.o ABSOLUTE
    tasks.c                                  0x00000000   Number         0  tasks.o ABSOLUTE
    timers.c                                 0x00000000   Number         0  timers.o ABSOLUTE
    uart.c                                   0x00000000   Number         0  uart.o ABSOLUTE
    usart.c                                  0x00000000   Number         0  usart.o ABSOLUTE
    RESET                                    0x08000000   Section      392  startup_stm32f40_41xxx.o(RESET)
    .ARM.Collect$$$$00000000                 0x08000188   Section        0  entry.o(.ARM.Collect$$$$00000000)
    .ARM.Collect$$$$00000001                 0x08000188   Section        4  entry2.o(.ARM.Collect$$$$00000001)
    .ARM.Collect$$$$00000004                 0x0800018c   Section        4  entry5.o(.ARM.Collect$$$$00000004)
    .ARM.Collect$$$$00000008                 0x08000190   Section        0  entry7b.o(.ARM.Collect$$$$00000008)
    .ARM.Collect$$$$0000000A                 0x08000190   Section        0  entry8b.o(.ARM.Collect$$$$0000000A)
    .ARM.Collect$$$$0000000B                 0x08000190   Section        8  entry9a.o(.ARM.Collect$$$$0000000B)
    __lit__00000000                          0x08000198   Data           4  entry2.o(.ARM.Collect$$$$00002712)
    .ARM.Collect$$$$0000000D                 0x08000198   Section        0  entry10a.o(.ARM.Collect$$$$0000000D)
    .ARM.Collect$$$$0000000F                 0x08000198   Section        0  entry11a.o(.ARM.Collect$$$$0000000F)
    .ARM.Collect$$$$00002712                 0x08000198   Section        4  entry2.o(.ARM.Collect$$$$00002712)
    $v0                                      0x0800019c   Number         0  startup_stm32f40_41xxx.o(.text)
    .text                                    0x0800019c   Section       36  startup_stm32f40_41xxx.o(.text)
    .text                                    0x080001c0   Section       36  init.o(.text)
    [Anonymous Symbol]                       0x080001e4   Section        0  stm32f4xx_it.o(.text.BusFault_Handler)
    [Anonymous Symbol]                       0x080001e8   Section        0  stm32f4xx_it.o(.text.DebugMon_Handler)
    [Anonymous Symbol]                       0x080001ec   Section        0  encodemotor.o(.text.Emotor_GPIO_Init)
    [Anonymous Symbol]                       0x08000218   Section        0  encodingmotor.o(.text.Emotor_Init)
    [Anonymous Symbol]                       0x0800022c   Section        0  encodemotor.o(.text.Emotor_PWM_TIM8_Init)
    [Anonymous Symbol]                       0x08000324   Section        0  encodingmotor.o(.text.Emotor_control)
    [Anonymous Symbol]                       0x080003f0   Section        0  stm32f4xx_gpio.o(.text.GPIO_Init)
    [Anonymous Symbol]                       0x08000478   Section        0  stm32f4xx_gpio.o(.text.GPIO_PinAFConfig)
    [Anonymous Symbol]                       0x080004a0   Section        0  stm32f4xx_gpio.o(.text.GPIO_SetBits)
    [Anonymous Symbol]                       0x080004a4   Section        0  stm32f4xx_gpio.o(.text.GPIO_StructInit)
    [Anonymous Symbol]                       0x080004b0   Section        0  stm32f4xx_it.o(.text.HardFault_Handler)
    [Anonymous Symbol]                       0x080004b4   Section        0  led.o(.text.LED_Init)
    [Anonymous Symbol]                       0x08000508   Section        0  stm32f4xx_it.o(.text.MemManage_Handler)
    [Anonymous Symbol]                       0x0800050c   Section        0  stm32f4xx_it.o(.text.NMI_Handler)
    [Anonymous Symbol]                       0x08000510   Section        0  misc.o(.text.NVIC_Init)
    [Anonymous Symbol]                       0x08000574   Section        0  misc.o(.text.NVIC_PriorityGroupConfig)
    [Anonymous Symbol]                       0x08000590   Section        0  port.o(.text.PendSV_Handler)
    pxCurrentTCBConst                        0x080005f0   Number         0  port.o(.text.PendSV_Handler)
    [Anonymous Symbol]                       0x080005f4   Section        0  stm32f4xx_rcc.o(.text.RCC_AHB1PeriphClockCmd)
    [Anonymous Symbol]                       0x0800060c   Section        0  stm32f4xx_rcc.o(.text.RCC_APB1PeriphClockCmd)
    [Anonymous Symbol]                       0x08000624   Section        0  stm32f4xx_rcc.o(.text.RCC_APB2PeriphClockCmd)
    [Anonymous Symbol]                       0x08000640   Section        0  port.o(.text.SVC_Handler)
    pxCurrentTCBConst2                       0x08000660   Number         0  port.o(.text.SVC_Handler)
    [Anonymous Symbol]                       0x08000664   Section        0  steeringengine.o(.text.Sengine_Init)
    [Anonymous Symbol]                       0x08000680   Section        0  steerengine.o(.text.Sengine_PWM_TIM4_Init)
    [Anonymous Symbol]                       0x08000770   Section        0  steerengine.o(.text.Sengine_PWM_TIM5_Init)
    [Anonymous Symbol]                       0x0800082c   Section        0  steeringengine.o(.text.Sengine_setAngle)
    [Anonymous Symbol]                       0x0800090c   Section        0  steppingmotor.o(.text.Smotor_Angle_control)
    [Anonymous Symbol]                       0x080009b4   Section        0  stepmotor.o(.text.Smotor_GPIO_Init)
    [Anonymous Symbol]                       0x080009e8   Section        0  steppingmotor.o(.text.Smotor_Init)
    [Anonymous Symbol]                       0x080009fc   Section        0  stepmotor.o(.text.Smotor_PWM_TIM1_Init)
    [Anonymous Symbol]                       0x08000b50   Section        0  steppingmotor.o(.text.Start_motion)
    [Anonymous Symbol]                       0x08000c0c   Section        0  misc.o(.text.SysTick_CLKSourceConfig)
    [Anonymous Symbol]                       0x08000c24   Section        0  port.o(.text.SysTick_Handler)
    [Anonymous Symbol]                       0x08000c54   Section        0  systick.o(.text.SysTick_Init)
    [Anonymous Symbol]                       0x08000c80   Section        0  system_stm32f4xx.o(.text.SystemInit)
    [Anonymous Symbol]                       0x08000d7c   Section        0  stepmotor.o(.text.TIM1_PWM_Output)
    [Anonymous Symbol]                       0x08000dd8   Section        0  stepmotor.o(.text.TIM1_UP_TIM10_IRQHandler)
    [Anonymous Symbol]                       0x08000e00   Section        0  stm32f4xx_tim.o(.text.TIM_ARRPreloadConfig)
    [Anonymous Symbol]                       0x08000e14   Section        0  stm32f4xx_tim.o(.text.TIM_CCxCmd)
    [Anonymous Symbol]                       0x08000e34   Section        0  stm32f4xx_tim.o(.text.TIM_ClearITPendingBit)
    [Anonymous Symbol]                       0x08000e3c   Section        0  stm32f4xx_tim.o(.text.TIM_Cmd)
    [Anonymous Symbol]                       0x08000e50   Section        0  stm32f4xx_tim.o(.text.TIM_CtrlPWMOutputs)
    [Anonymous Symbol]                       0x08000e68   Section        0  stm32f4xx_tim.o(.text.TIM_GetITStatus)
    [Anonymous Symbol]                       0x08000e80   Section        0  stm32f4xx_tim.o(.text.TIM_ITConfig)
    [Anonymous Symbol]                       0x08000e90   Section        0  stm32f4xx_tim.o(.text.TIM_OC1Init)
    [Anonymous Symbol]                       0x08000ef8   Section        0  stm32f4xx_tim.o(.text.TIM_OC1PreloadConfig)
    [Anonymous Symbol]                       0x08000f04   Section        0  stm32f4xx_tim.o(.text.TIM_OC2Init)
    [Anonymous Symbol]                       0x08000f74   Section        0  stm32f4xx_tim.o(.text.TIM_OC2PreloadConfig)
    [Anonymous Symbol]                       0x08000f84   Section        0  stm32f4xx_tim.o(.text.TIM_OC3Init)
    [Anonymous Symbol]                       0x08000ff4   Section        0  stm32f4xx_tim.o(.text.TIM_OC3PreloadConfig)
    [Anonymous Symbol]                       0x08001000   Section        0  stm32f4xx_tim.o(.text.TIM_OC4Init)
    [Anonymous Symbol]                       0x08001054   Section        0  stm32f4xx_tim.o(.text.TIM_OC4PreloadConfig)
    [Anonymous Symbol]                       0x08001064   Section        0  stm32f4xx_tim.o(.text.TIM_PrescalerConfig)
    [Anonymous Symbol]                       0x0800106c   Section        0  stm32f4xx_tim.o(.text.TIM_SetAutoreload)
    [Anonymous Symbol]                       0x08001070   Section        0  stm32f4xx_tim.o(.text.TIM_SetCompare1)
    [Anonymous Symbol]                       0x08001074   Section        0  stm32f4xx_tim.o(.text.TIM_SetCompare2)
    [Anonymous Symbol]                       0x08001078   Section        0  stm32f4xx_tim.o(.text.TIM_SetCompare3)
    [Anonymous Symbol]                       0x0800107c   Section        0  stm32f4xx_tim.o(.text.TIM_SetCompare4)
    [Anonymous Symbol]                       0x08001080   Section        0  stm32f4xx_tim.o(.text.TIM_TimeBaseInit)
    [Anonymous Symbol]                       0x08001114   Section        0  stm32f4xx_tim.o(.text.TIM_UpdateRequestConfig)
    [Anonymous Symbol]                       0x08001128   Section        0  usart.o(.text.USART1_IRQHandler)
    [Anonymous Symbol]                       0x080011b8   Section        0  stm32f4xx_usart.o(.text.USART_ClearITPendingBit)
    [Anonymous Symbol]                       0x080011c8   Section        0  stm32f4xx_usart.o(.text.USART_GetFlagStatus)
    [Anonymous Symbol]                       0x080011d4   Section        0  stm32f4xx_usart.o(.text.USART_GetITStatus)
    [Anonymous Symbol]                       0x08001204   Section        0  stm32f4xx_usart.o(.text.USART_ReceiveData)
    [Anonymous Symbol]                       0x0800120c   Section        0  stm32f4xx_usart.o(.text.USART_SendData)
    [Anonymous Symbol]                       0x08001214   Section        0  stm32f4xx_it.o(.text.UsageFault_Handler)
    [Anonymous Symbol]                       0x08001218   Section        0  systick.o(.text.delay_ms)
    [Anonymous Symbol]                       0x080012a4   Section        0  main.o(.text.main)
    [Anonymous Symbol]                       0x08001364   Section        0  list.o(.text.uxListRemove)
    [Anonymous Symbol]                       0x08001388   Section        0  list.o(.text.vListInsertEnd)
    [Anonymous Symbol]                       0x080013a4   Section        0  tasks.o(.text.vTaskSwitchContext)
    [Anonymous Symbol]                       0x0800142c   Section        0  tasks.o(.text.xTaskIncrementTick)
    i.__scatterload_copy                     0x080015ac   Section       14  handlers.o(i.__scatterload_copy)
    i.__scatterload_null                     0x080015ba   Section        2  handlers.o(i.__scatterload_null)
    i.__scatterload_zeroinit                 0x080015bc   Section       14  handlers.o(i.__scatterload_zeroinit)
    USART1_IRQHandler.Count                  0x20000028   Data           1  usart.o(.bss.USART1_IRQHandler.Count)
    [Anonymous Symbol]                       0x20000028   Section        0  usart.o(.bss.USART1_IRQHandler.Count)
    fac_ms                                   0x2000002a   Data           2  systick.o(.bss.fac_ms)
    [Anonymous Symbol]                       0x2000002a   Section        0  systick.o(.bss.fac_ms)
    fac_us                                   0x2000002c   Data           1  systick.o(.bss.fac_us)
    [Anonymous Symbol]                       0x2000002c   Section        0  systick.o(.bss.fac_us)
    pxDelayedTaskList                        0x20000034   Data           4  tasks.o(.bss.pxDelayedTaskList)
    [Anonymous Symbol]                       0x20000034   Section        0  tasks.o(.bss.pxDelayedTaskList)
    pxOverflowDelayedTaskList                0x20000038   Data           4  tasks.o(.bss.pxOverflowDelayedTaskList)
    [Anonymous Symbol]                       0x20000038   Section        0  tasks.o(.bss.pxOverflowDelayedTaskList)
    pxReadyTasksLists                        0x2000003c   Data         100  tasks.o(.bss.pxReadyTasksLists)
    [Anonymous Symbol]                       0x2000003c   Section        0  tasks.o(.bss.pxReadyTasksLists)
    uxPendedTicks                            0x200000a0   Data           4  tasks.o(.bss.uxPendedTicks)
    [Anonymous Symbol]                       0x200000a0   Section        0  tasks.o(.bss.uxPendedTicks)
    uxSchedulerSuspended                     0x200000a4   Data           4  tasks.o(.bss.uxSchedulerSuspended)
    [Anonymous Symbol]                       0x200000a4   Section        0  tasks.o(.bss.uxSchedulerSuspended)
    uxTopReadyPriority                       0x200000a8   Data           4  tasks.o(.bss.uxTopReadyPriority)
    [Anonymous Symbol]                       0x200000a8   Section        0  tasks.o(.bss.uxTopReadyPriority)
    xNextTaskUnblockTime                     0x200000ac   Data           4  tasks.o(.bss.xNextTaskUnblockTime)
    [Anonymous Symbol]                       0x200000ac   Section        0  tasks.o(.bss.xNextTaskUnblockTime)
    xNumOfOverflows                          0x200000b0   Data           4  tasks.o(.bss.xNumOfOverflows)
    [Anonymous Symbol]                       0x200000b0   Section        0  tasks.o(.bss.xNumOfOverflows)
    xTickCount                               0x200000b4   Data           4  tasks.o(.bss.xTickCount)
    [Anonymous Symbol]                       0x200000b4   Section        0  tasks.o(.bss.xTickCount)
    xYieldPending                            0x200000b8   Data           4  tasks.o(.bss.xYieldPending)
    [Anonymous Symbol]                       0x200000b8   Section        0  tasks.o(.bss.xYieldPending)
    STACK                                    0x200000c0   Section     1024  startup_stm32f40_41xxx.o(STACK)

    Global Symbols

    Symbol Name                              Value     Ov Type        Size  Object(Section)

    BuildAttributes$$THM_ISAv4$E$P$D$K$B$S$7EM$VFPi3$EXTD16$VFPS$VFMA$PE$A:L22UL41UL21$X:L11$S22US41US21$IEEE1$IW$~IW$USESV6$~STKCKD$USESV7$~SHL$OTIME$EBA8$MICROLIB$REQ8$PRES8$EABIv2 0x00000000   Number         0  anon$$obj.o ABSOLUTE
    __use_no_errno                           0x00000000   Number         0  useno.o ABSOLUTE
    __use_no_exception_handling              0x00000000   Number         0  useno.o ABSOLUTE
    __use_no_fp                              0x00000000   Number         0  useno.o ABSOLUTE
    __use_no_heap                            0x00000000   Number         0  useno.o ABSOLUTE
    __use_no_heap_region                     0x00000000   Number         0  useno.o ABSOLUTE
    __use_no_semihosting                     0x00000000   Number         0  useno.o ABSOLUTE
    __use_no_semihosting_swi                 0x00000000   Number         0  useno.o ABSOLUTE
    __use_no_signal_handling                 0x00000000   Number         0  useno.o ABSOLUTE
    __cpp_initialize__aeabi_                  - Undefined Weak Reference
    __cxa_finalize                            - Undefined Weak Reference
    __decompress                              - Undefined Weak Reference
    _clock_init                               - Undefined Weak Reference
    _microlib_exit                            - Undefined Weak Reference
    __Vectors_Size                           0x00000188   Number         0  startup_stm32f40_41xxx.o ABSOLUTE
    __Vectors                                0x08000000   Data           4  startup_stm32f40_41xxx.o(RESET)
    __Vectors_End                            0x08000188   Data           0  startup_stm32f40_41xxx.o(RESET)
    __main                                   0x08000189   Thumb Code     0  entry.o(.ARM.Collect$$$$00000000)
    _main_stk                                0x08000189   Thumb Code     0  entry2.o(.ARM.Collect$$$$00000001)
    _main_scatterload                        0x0800018d   Thumb Code     0  entry5.o(.ARM.Collect$$$$00000004)
    __main_after_scatterload                 0x08000191   Thumb Code     0  entry5.o(.ARM.Collect$$$$00000004)
    _main_clock                              0x08000191   Thumb Code     0  entry7b.o(.ARM.Collect$$$$00000008)
    _main_cpp_init                           0x08000191   Thumb Code     0  entry8b.o(.ARM.Collect$$$$0000000A)
    _main_init                               0x08000191   Thumb Code     0  entry9a.o(.ARM.Collect$$$$0000000B)
    __rt_final_cpp                           0x08000199   Thumb Code     0  entry10a.o(.ARM.Collect$$$$0000000D)
    __rt_final_exit                          0x08000199   Thumb Code     0  entry11a.o(.ARM.Collect$$$$0000000F)
    Reset_Handler                            0x0800019d   Thumb Code     8  startup_stm32f40_41xxx.o(.text)
    ADC_IRQHandler                           0x080001b7   Thumb Code     0  startup_stm32f40_41xxx.o(.text)
    CAN1_RX0_IRQHandler                      0x080001b7   Thumb Code     0  startup_stm32f40_41xxx.o(.text)
    CAN1_RX1_IRQHandler                      0x080001b7   Thumb Code     0  startup_stm32f40_41xxx.o(.text)
    CAN1_SCE_IRQHandler                      0x080001b7   Thumb Code     0  startup_stm32f40_41xxx.o(.text)
    CAN1_TX_IRQHandler                       0x080001b7   Thumb Code     0  startup_stm32f40_41xxx.o(.text)
    CAN2_RX0_IRQHandler                      0x080001b7   Thumb Code     0  startup_stm32f40_41xxx.o(.text)
    CAN2_RX1_IRQHandler                      0x080001b7   Thumb Code     0  startup_stm32f40_41xxx.o(.text)
    CAN2_SCE_IRQHandler                      0x080001b7   Thumb Code     0  startup_stm32f40_41xxx.o(.text)
    CAN2_TX_IRQHandler                       0x080001b7   Thumb Code     0  startup_stm32f40_41xxx.o(.text)
    CRYP_IRQHandler                          0x080001b7   Thumb Code     0  startup_stm32f40_41xxx.o(.text)
    DCMI_IRQHandler                          0x080001b7   Thumb Code     0  startup_stm32f40_41xxx.o(.text)
    DMA1_Stream0_IRQHandler                  0x080001b7   Thumb Code     0  startup_stm32f40_41xxx.o(.text)
    DMA1_Stream1_IRQHandler                  0x080001b7   Thumb Code     0  startup_stm32f40_41xxx.o(.text)
    DMA1_Stream2_IRQHandler                  0x080001b7   Thumb Code     0  startup_stm32f40_41xxx.o(.text)
    DMA1_Stream3_IRQHandler                  0x080001b7   Thumb Code     0  startup_stm32f40_41xxx.o(.text)
    DMA1_Stream4_IRQHandler                  0x080001b7   Thumb Code     0  startup_stm32f40_41xxx.o(.text)
    DMA1_Stream5_IRQHandler                  0x080001b7   Thumb Code     0  startup_stm32f40_41xxx.o(.text)
    DMA1_Stream6_IRQHandler                  0x080001b7   Thumb Code     0  startup_stm32f40_41xxx.o(.text)
    DMA1_Stream7_IRQHandler                  0x080001b7   Thumb Code     0  startup_stm32f40_41xxx.o(.text)
    DMA2_Stream0_IRQHandler                  0x080001b7   Thumb Code     0  startup_stm32f40_41xxx.o(.text)
    DMA2_Stream1_IRQHandler                  0x080001b7   Thumb Code     0  startup_stm32f40_41xxx.o(.text)
    DMA2_Stream2_IRQHandler                  0x080001b7   Thumb Code     0  startup_stm32f40_41xxx.o(.text)
    DMA2_Stream3_IRQHandler                  0x080001b7   Thumb Code     0  startup_stm32f40_41xxx.o(.text)
    DMA2_Stream4_IRQHandler                  0x080001b7   Thumb Code     0  startup_stm32f40_41xxx.o(.text)
    DMA2_Stream5_IRQHandler                  0x080001b7   Thumb Code     0  startup_stm32f40_41xxx.o(.text)
    DMA2_Stream6_IRQHandler                  0x080001b7   Thumb Code     0  startup_stm32f40_41xxx.o(.text)
    DMA2_Stream7_IRQHandler                  0x080001b7   Thumb Code     0  startup_stm32f40_41xxx.o(.text)
    ETH_IRQHandler                           0x080001b7   Thumb Code     0  startup_stm32f40_41xxx.o(.text)
    ETH_WKUP_IRQHandler                      0x080001b7   Thumb Code     0  startup_stm32f40_41xxx.o(.text)
    EXTI0_IRQHandler                         0x080001b7   Thumb Code     0  startup_stm32f40_41xxx.o(.text)
    EXTI15_10_IRQHandler                     0x080001b7   Thumb Code     0  startup_stm32f40_41xxx.o(.text)
    EXTI1_IRQHandler                         0x080001b7   Thumb Code     0  startup_stm32f40_41xxx.o(.text)
    EXTI2_IRQHandler                         0x080001b7   Thumb Code     0  startup_stm32f40_41xxx.o(.text)
    EXTI3_IRQHandler                         0x080001b7   Thumb Code     0  startup_stm32f40_41xxx.o(.text)
    EXTI4_IRQHandler                         0x080001b7   Thumb Code     0  startup_stm32f40_41xxx.o(.text)
    EXTI9_5_IRQHandler                       0x080001b7   Thumb Code     0  startup_stm32f40_41xxx.o(.text)
    FLASH_IRQHandler                         0x080001b7   Thumb Code     0  startup_stm32f40_41xxx.o(.text)
    FPU_IRQHandler                           0x080001b7   Thumb Code     0  startup_stm32f40_41xxx.o(.text)
    FSMC_IRQHandler                          0x080001b7   Thumb Code     0  startup_stm32f40_41xxx.o(.text)
    HASH_RNG_IRQHandler                      0x080001b7   Thumb Code     0  startup_stm32f40_41xxx.o(.text)
    I2C1_ER_IRQHandler                       0x080001b7   Thumb Code     0  startup_stm32f40_41xxx.o(.text)
    I2C1_EV_IRQHandler                       0x080001b7   Thumb Code     0  startup_stm32f40_41xxx.o(.text)
    I2C2_ER_IRQHandler                       0x080001b7   Thumb Code     0  startup_stm32f40_41xxx.o(.text)
    I2C2_EV_IRQHandler                       0x080001b7   Thumb Code     0  startup_stm32f40_41xxx.o(.text)
    I2C3_ER_IRQHandler                       0x080001b7   Thumb Code     0  startup_stm32f40_41xxx.o(.text)
    I2C3_EV_IRQHandler                       0x080001b7   Thumb Code     0  startup_stm32f40_41xxx.o(.text)
    OTG_FS_IRQHandler                        0x080001b7   Thumb Code     0  startup_stm32f40_41xxx.o(.text)
    OTG_FS_WKUP_IRQHandler                   0x080001b7   Thumb Code     0  startup_stm32f40_41xxx.o(.text)
    OTG_HS_EP1_IN_IRQHandler                 0x080001b7   Thumb Code     0  startup_stm32f40_41xxx.o(.text)
    OTG_HS_EP1_OUT_IRQHandler                0x080001b7   Thumb Code     0  startup_stm32f40_41xxx.o(.text)
    OTG_HS_IRQHandler                        0x080001b7   Thumb Code     0  startup_stm32f40_41xxx.o(.text)
    OTG_HS_WKUP_IRQHandler                   0x080001b7   Thumb Code     0  startup_stm32f40_41xxx.o(.text)
    PVD_IRQHandler                           0x080001b7   Thumb Code     0  startup_stm32f40_41xxx.o(.text)
    RCC_IRQHandler                           0x080001b7   Thumb Code     0  startup_stm32f40_41xxx.o(.text)
    RTC_Alarm_IRQHandler                     0x080001b7   Thumb Code     0  startup_stm32f40_41xxx.o(.text)
    RTC_WKUP_IRQHandler                      0x080001b7   Thumb Code     0  startup_stm32f40_41xxx.o(.text)
    SDIO_IRQHandler                          0x080001b7   Thumb Code     0  startup_stm32f40_41xxx.o(.text)
    SPI1_IRQHandler                          0x080001b7   Thumb Code     0  startup_stm32f40_41xxx.o(.text)
    SPI2_IRQHandler                          0x080001b7   Thumb Code     0  startup_stm32f40_41xxx.o(.text)
    SPI3_IRQHandler                          0x080001b7   Thumb Code     0  startup_stm32f40_41xxx.o(.text)
    TAMP_STAMP_IRQHandler                    0x080001b7   Thumb Code     0  startup_stm32f40_41xxx.o(.text)
    TIM1_BRK_TIM9_IRQHandler                 0x080001b7   Thumb Code     0  startup_stm32f40_41xxx.o(.text)
    TIM1_CC_IRQHandler                       0x080001b7   Thumb Code     0  startup_stm32f40_41xxx.o(.text)
    TIM1_TRG_COM_TIM11_IRQHandler            0x080001b7   Thumb Code     0  startup_stm32f40_41xxx.o(.text)
    TIM2_IRQHandler                          0x080001b7   Thumb Code     0  startup_stm32f40_41xxx.o(.text)
    TIM3_IRQHandler                          0x080001b7   Thumb Code     0  startup_stm32f40_41xxx.o(.text)
    TIM4_IRQHandler                          0x080001b7   Thumb Code     0  startup_stm32f40_41xxx.o(.text)
    TIM5_IRQHandler                          0x080001b7   Thumb Code     0  startup_stm32f40_41xxx.o(.text)
    TIM6_DAC_IRQHandler                      0x080001b7   Thumb Code     0  startup_stm32f40_41xxx.o(.text)
    TIM7_IRQHandler                          0x080001b7   Thumb Code     0  startup_stm32f40_41xxx.o(.text)
    TIM8_BRK_TIM12_IRQHandler                0x080001b7   Thumb Code     0  startup_stm32f40_41xxx.o(.text)
    TIM8_CC_IRQHandler                       0x080001b7   Thumb Code     0  startup_stm32f40_41xxx.o(.text)
    TIM8_TRG_COM_TIM14_IRQHandler            0x080001b7   Thumb Code     0  startup_stm32f40_41xxx.o(.text)
    TIM8_UP_TIM13_IRQHandler                 0x080001b7   Thumb Code     0  startup_stm32f40_41xxx.o(.text)
    UART4_IRQHandler                         0x080001b7   Thumb Code     0  startup_stm32f40_41xxx.o(.text)
    UART5_IRQHandler                         0x080001b7   Thumb Code     0  startup_stm32f40_41xxx.o(.text)
    USART2_IRQHandler                        0x080001b7   Thumb Code     0  startup_stm32f40_41xxx.o(.text)
    USART3_IRQHandler                        0x080001b7   Thumb Code     0  startup_stm32f40_41xxx.o(.text)
    USART6_IRQHandler                        0x080001b7   Thumb Code     0  startup_stm32f40_41xxx.o(.text)
    WWDG_IRQHandler                          0x080001b7   Thumb Code     0  startup_stm32f40_41xxx.o(.text)
    __scatterload                            0x080001c1   Thumb Code    28  init.o(.text)
    __scatterload_rt2                        0x080001c1   Thumb Code     0  init.o(.text)
    BusFault_Handler                         0x080001e5   Thumb Code     2  stm32f4xx_it.o(.text.BusFault_Handler)
    DebugMon_Handler                         0x080001e9   Thumb Code     2  stm32f4xx_it.o(.text.DebugMon_Handler)
    Emotor_GPIO_Init                         0x080001ed   Thumb Code    42  encodemotor.o(.text.Emotor_GPIO_Init)
    Emotor_Init                              0x08000219   Thumb Code    20  encodingmotor.o(.text.Emotor_Init)
    Emotor_PWM_TIM8_Init                     0x0800022d   Thumb Code   246  encodemotor.o(.text.Emotor_PWM_TIM8_Init)
    Emotor_control                           0x08000325   Thumb Code   204  encodingmotor.o(.text.Emotor_control)
    GPIO_Init                                0x080003f1   Thumb Code   134  stm32f4xx_gpio.o(.text.GPIO_Init)
    GPIO_PinAFConfig                         0x08000479   Thumb Code    40  stm32f4xx_gpio.o(.text.GPIO_PinAFConfig)
    GPIO_SetBits                             0x080004a1   Thumb Code     4  stm32f4xx_gpio.o(.text.GPIO_SetBits)
    GPIO_StructInit                          0x080004a5   Thumb Code    12  stm32f4xx_gpio.o(.text.GPIO_StructInit)
    HardFault_Handler                        0x080004b1   Thumb Code     2  stm32f4xx_it.o(.text.HardFault_Handler)
    LED_Init                                 0x080004b5   Thumb Code    84  led.o(.text.LED_Init)
    MemManage_Handler                        0x08000509   Thumb Code     2  stm32f4xx_it.o(.text.MemManage_Handler)
    NMI_Handler                              0x0800050d   Thumb Code     2  stm32f4xx_it.o(.text.NMI_Handler)
    NVIC_Init                                0x08000511   Thumb Code    98  misc.o(.text.NVIC_Init)
    NVIC_PriorityGroupConfig                 0x08000575   Thumb Code    20  misc.o(.text.NVIC_PriorityGroupConfig)
    PendSV_Handler                           0x08000591   Thumb Code   100  port.o(.text.PendSV_Handler)
    RCC_AHB1PeriphClockCmd                   0x080005f5   Thumb Code    24  stm32f4xx_rcc.o(.text.RCC_AHB1PeriphClockCmd)
    RCC_APB1PeriphClockCmd                   0x0800060d   Thumb Code    24  stm32f4xx_rcc.o(.text.RCC_APB1PeriphClockCmd)
    RCC_APB2PeriphClockCmd                   0x08000625   Thumb Code    24  stm32f4xx_rcc.o(.text.RCC_APB2PeriphClockCmd)
    SVC_Handler                              0x08000641   Thumb Code    36  port.o(.text.SVC_Handler)
    Sengine_Init                             0x08000665   Thumb Code    26  steeringengine.o(.text.Sengine_Init)
    Sengine_PWM_TIM4_Init                    0x08000681   Thumb Code   238  steerengine.o(.text.Sengine_PWM_TIM4_Init)
    Sengine_PWM_TIM5_Init                    0x08000771   Thumb Code   186  steerengine.o(.text.Sengine_PWM_TIM5_Init)
    Sengine_setAngle                         0x0800082d   Thumb Code   224  steeringengine.o(.text.Sengine_setAngle)
    Smotor_Angle_control                     0x0800090d   Thumb Code   166  steppingmotor.o(.text.Smotor_Angle_control)
    Smotor_GPIO_Init                         0x080009b5   Thumb Code    50  stepmotor.o(.text.Smotor_GPIO_Init)
    Smotor_Init                              0x080009e9   Thumb Code    20  steppingmotor.o(.text.Smotor_Init)
    Smotor_PWM_TIM1_Init                     0x080009fd   Thumb Code   338  stepmotor.o(.text.Smotor_PWM_TIM1_Init)
    Start_motion                             0x08000b51   Thumb Code   188  steppingmotor.o(.text.Start_motion)
    SysTick_CLKSourceConfig                  0x08000c0d   Thumb Code    24  misc.o(.text.SysTick_CLKSourceConfig)
    SysTick_Handler                          0x08000c25   Thumb Code    46  port.o(.text.SysTick_Handler)
    SysTick_Init                             0x08000c55   Thumb Code    42  systick.o(.text.SysTick_Init)
    SystemInit                               0x08000c81   Thumb Code   250  system_stm32f4xx.o(.text.SystemInit)
    TIM1_PWM_Output                          0x08000d7d   Thumb Code    92  stepmotor.o(.text.TIM1_PWM_Output)
    TIM1_UP_TIM10_IRQHandler                 0x08000dd9   Thumb Code    38  stepmotor.o(.text.TIM1_UP_TIM10_IRQHandler)
    TIM_ARRPreloadConfig                     0x08000e01   Thumb Code    20  stm32f4xx_tim.o(.text.TIM_ARRPreloadConfig)
    TIM_CCxCmd                               0x08000e15   Thumb Code    32  stm32f4xx_tim.o(.text.TIM_CCxCmd)
    TIM_ClearITPendingBit                    0x08000e35   Thumb Code     6  stm32f4xx_tim.o(.text.TIM_ClearITPendingBit)
    TIM_Cmd                                  0x08000e3d   Thumb Code    18  stm32f4xx_tim.o(.text.TIM_Cmd)
    TIM_CtrlPWMOutputs                       0x08000e51   Thumb Code    24  stm32f4xx_tim.o(.text.TIM_CtrlPWMOutputs)
    TIM_GetITStatus                          0x08000e69   Thumb Code    24  stm32f4xx_tim.o(.text.TIM_GetITStatus)
    TIM_ITConfig                             0x08000e81   Thumb Code    16  stm32f4xx_tim.o(.text.TIM_ITConfig)
    TIM_OC1Init                              0x08000e91   Thumb Code   102  stm32f4xx_tim.o(.text.TIM_OC1Init)
    TIM_OC1PreloadConfig                     0x08000ef9   Thumb Code    12  stm32f4xx_tim.o(.text.TIM_OC1PreloadConfig)
    TIM_OC2Init                              0x08000f05   Thumb Code   110  stm32f4xx_tim.o(.text.TIM_OC2Init)
    TIM_OC2PreloadConfig                     0x08000f75   Thumb Code    14  stm32f4xx_tim.o(.text.TIM_OC2PreloadConfig)
    TIM_OC3Init                              0x08000f85   Thumb Code   110  stm32f4xx_tim.o(.text.TIM_OC3Init)
    TIM_OC3PreloadConfig                     0x08000ff5   Thumb Code    12  stm32f4xx_tim.o(.text.TIM_OC3PreloadConfig)
    TIM_OC4Init                              0x08001001   Thumb Code    82  stm32f4xx_tim.o(.text.TIM_OC4Init)
    TIM_OC4PreloadConfig                     0x08001055   Thumb Code    14  stm32f4xx_tim.o(.text.TIM_OC4PreloadConfig)
    TIM_PrescalerConfig                      0x08001065   Thumb Code     6  stm32f4xx_tim.o(.text.TIM_PrescalerConfig)
    TIM_SetAutoreload                        0x0800106d   Thumb Code     4  stm32f4xx_tim.o(.text.TIM_SetAutoreload)
    TIM_SetCompare1                          0x08001071   Thumb Code     4  stm32f4xx_tim.o(.text.TIM_SetCompare1)
    TIM_SetCompare2                          0x08001075   Thumb Code     4  stm32f4xx_tim.o(.text.TIM_SetCompare2)
    TIM_SetCompare3                          0x08001079   Thumb Code     4  stm32f4xx_tim.o(.text.TIM_SetCompare3)
    TIM_SetCompare4                          0x0800107d   Thumb Code     4  stm32f4xx_tim.o(.text.TIM_SetCompare4)
    TIM_TimeBaseInit                         0x08001081   Thumb Code   146  stm32f4xx_tim.o(.text.TIM_TimeBaseInit)
    TIM_UpdateRequestConfig                  0x08001115   Thumb Code    20  stm32f4xx_tim.o(.text.TIM_UpdateRequestConfig)
    USART1_IRQHandler                        0x08001129   Thumb Code   142  usart.o(.text.USART1_IRQHandler)
    USART_ClearITPendingBit                  0x080011b9   Thumb Code    14  stm32f4xx_usart.o(.text.USART_ClearITPendingBit)
    USART_GetFlagStatus                      0x080011c9   Thumb Code    10  stm32f4xx_usart.o(.text.USART_GetFlagStatus)
    USART_GetITStatus                        0x080011d5   Thumb Code    48  stm32f4xx_usart.o(.text.USART_GetITStatus)
    USART_ReceiveData                        0x08001205   Thumb Code     8  stm32f4xx_usart.o(.text.USART_ReceiveData)
    USART_SendData                           0x0800120d   Thumb Code     8  stm32f4xx_usart.o(.text.USART_SendData)
    UsageFault_Handler                       0x08001215   Thumb Code     2  stm32f4xx_it.o(.text.UsageFault_Handler)
    delay_ms                                 0x08001219   Thumb Code   140  systick.o(.text.delay_ms)
    main                                     0x080012a5   Thumb Code   192  main.o(.text.main)
    uxListRemove                             0x08001365   Thumb Code    34  list.o(.text.uxListRemove)
    vListInsertEnd                           0x08001389   Thumb Code    28  list.o(.text.vListInsertEnd)
    vTaskSwitchContext                       0x080013a5   Thumb Code   134  tasks.o(.text.vTaskSwitchContext)
    xTaskIncrementTick                       0x0800142d   Thumb Code   384  tasks.o(.text.xTaskIncrementTick)
    __scatterload_copy                       0x080015ad   Thumb Code    14  handlers.o(i.__scatterload_copy)
    __scatterload_null                       0x080015bb   Thumb Code     2  handlers.o(i.__scatterload_null)
    __scatterload_zeroinit                   0x080015bd   Thumb Code    14  handlers.o(i.__scatterload_zeroinit)
    Region$$Table$$Base                      0x080015cc   Number         0  anon$$obj.o(Region$$Table)
    Region$$Table$$Limit                     0x080015dc   Number         0  anon$$obj.o(Region$$Table)
    Recvl_Buffer                             0x20000000   Data           5  usart.o(.bss.Recvl_Buffer)
    Recvl_Data                               0x20000005   Data           3  usart.o(.bss.Recvl_Data)
    SMOTOR_1                                 0x20000008   Data           8  steppingmotor.o(.bss.SMOTOR_1)
    SMOTOR_2                                 0x20000010   Data           8  steppingmotor.o(.bss.SMOTOR_2)
    SMOTOR_3                                 0x20000018   Data           8  steppingmotor.o(.bss.SMOTOR_3)
    SMOTOR_4                                 0x20000020   Data           8  steppingmotor.o(.bss.SMOTOR_4)
    pxCurrentTCB                             0x20000030   Data           4  tasks.o(.bss.pxCurrentTCB)
    __initial_sp                             0x200004c0   Data           0  startup_stm32f40_41xxx.o(STACK)



==============================================================================

Memory Map of the image

  Image Entry point : 0x08000189

  Load Region LR_IROM1 (Base: 0x08000000, Size: 0x000015dc, Max: 0x00100000, ABSOLUTE)

    Execution Region ER_IROM1 (Exec base: 0x08000000, Load base: 0x08000000, Size: 0x000015dc, Max: 0x00100000, ABSOLUTE)

    Exec Addr    Load Addr    Size         Type   Attr      Idx    E Section Name        Object

    0x08000000   0x08000000   0x00000188   Data   RO            3    RESET               startup_stm32f40_41xxx.o
    0x08000188   0x08000188   0x00000000   Code   RO         1194  * .ARM.Collect$$$$00000000  mc_w.l(entry.o)
    0x08000188   0x08000188   0x00000004   Code   RO         1203    .ARM.Collect$$$$00000001  mc_w.l(entry2.o)
    0x0800018c   0x0800018c   0x00000004   Code   RO         1206    .ARM.Collect$$$$00000004  mc_w.l(entry5.o)
    0x08000190   0x08000190   0x00000000   Code   RO         1208    .ARM.Collect$$$$00000008  mc_w.l(entry7b.o)
    0x08000190   0x08000190   0x00000000   Code   RO         1210    .ARM.Collect$$$$0000000A  mc_w.l(entry8b.o)
    0x08000190   0x08000190   0x00000008   Code   RO         1211    .ARM.Collect$$$$0000000B  mc_w.l(entry9a.o)
    0x08000198   0x08000198   0x00000000   Code   RO         1213    .ARM.Collect$$$$0000000D  mc_w.l(entry10a.o)
    0x08000198   0x08000198   0x00000000   Code   RO         1215    .ARM.Collect$$$$0000000F  mc_w.l(entry11a.o)
    0x08000198   0x08000198   0x00000004   Code   RO         1204    .ARM.Collect$$$$00002712  mc_w.l(entry2.o)
    0x0800019c   0x0800019c   0x00000024   Code   RO            4    .text               startup_stm32f40_41xxx.o
    0x080001c0   0x080001c0   0x00000024   Code   RO         1217    .text               mc_w.l(init.o)
    0x080001e4   0x080001e4   0x00000002   Code   RO         1182    .text.BusFault_Handler  stm32f4xx_it.o
    0x080001e6   0x080001e6   0x00000002   PAD
    0x080001e8   0x080001e8   0x00000002   Code   RO         1186    .text.DebugMon_Handler  stm32f4xx_it.o
    0x080001ea   0x080001ea   0x00000002   PAD
    0x080001ec   0x080001ec   0x0000002a   Code   RO         1039    .text.Emotor_GPIO_Init  encodemotor.o
    0x08000216   0x08000216   0x00000002   PAD
    0x08000218   0x08000218   0x00000014   Code   RO         1079    .text.Emotor_Init   encodingmotor.o
    0x0800022c   0x0800022c   0x000000f6   Code   RO         1041    .text.Emotor_PWM_TIM8_Init  encodemotor.o
    0x08000322   0x08000322   0x00000002   PAD
    0x08000324   0x08000324   0x000000cc   Code   RO         1081    .text.Emotor_control  encodingmotor.o
    0x080003f0   0x080003f0   0x00000086   Code   RO           55    .text.GPIO_Init     stm32f4xx_gpio.o
    0x08000476   0x08000476   0x00000002   PAD
    0x08000478   0x08000478   0x00000028   Code   RO           79    .text.GPIO_PinAFConfig  stm32f4xx_gpio.o
    0x080004a0   0x080004a0   0x00000004   Code   RO           69    .text.GPIO_SetBits  stm32f4xx_gpio.o
    0x080004a4   0x080004a4   0x0000000c   Code   RO           57    .text.GPIO_StructInit  stm32f4xx_gpio.o
    0x080004b0   0x080004b0   0x00000002   Code   RO         1178    .text.HardFault_Handler  stm32f4xx_it.o
    0x080004b2   0x080004b2   0x00000002   PAD
    0x080004b4   0x080004b4   0x00000054   Code   RO          924    .text.LED_Init      led.o
    0x08000508   0x08000508   0x00000002   Code   RO         1180    .text.MemManage_Handler  stm32f4xx_it.o
    0x0800050a   0x0800050a   0x00000002   PAD
    0x0800050c   0x0800050c   0x00000002   Code   RO         1176    .text.NMI_Handler   stm32f4xx_it.o
    0x0800050e   0x0800050e   0x00000002   PAD
    0x08000510   0x08000510   0x00000062   Code   RO           13    .text.NVIC_Init     misc.o
    0x08000572   0x08000572   0x00000002   PAD
    0x08000574   0x08000574   0x00000014   Code   RO           11    .text.NVIC_PriorityGroupConfig  misc.o
    0x08000588   0x08000588   0x00000008   PAD
    0x08000590   0x08000590   0x00000064   Code   RO          885    .text.PendSV_Handler  port.o
    0x080005f4   0x080005f4   0x00000018   Code   RO          234    .text.RCC_AHB1PeriphClockCmd  stm32f4xx_rcc.o
    0x0800060c   0x0800060c   0x00000018   Code   RO          240    .text.RCC_APB1PeriphClockCmd  stm32f4xx_rcc.o
    0x08000624   0x08000624   0x00000018   Code   RO          242    .text.RCC_APB2PeriphClockCmd  stm32f4xx_rcc.o
    0x0800063c   0x0800063c   0x00000004   PAD
    0x08000640   0x08000640   0x00000024   Code   RO          869    .text.SVC_Handler   port.o
    0x08000664   0x08000664   0x0000001a   Code   RO         1143    .text.Sengine_Init  steeringengine.o
    0x0800067e   0x0800067e   0x00000002   PAD
    0x08000680   0x08000680   0x000000ee   Code   RO         1051    .text.Sengine_PWM_TIM4_Init  steerengine.o
    0x0800076e   0x0800076e   0x00000002   PAD
    0x08000770   0x08000770   0x000000ba   Code   RO         1053    .text.Sengine_PWM_TIM5_Init  steerengine.o
    0x0800082a   0x0800082a   0x00000002   PAD
    0x0800082c   0x0800082c   0x000000e0   Code   RO         1141    .text.Sengine_setAngle  steeringengine.o
    0x0800090c   0x0800090c   0x000000a6   Code   RO         1127    .text.Smotor_Angle_control  steppingmotor.o
    0x080009b2   0x080009b2   0x00000002   PAD
    0x080009b4   0x080009b4   0x00000032   Code   RO         1063    .text.Smotor_GPIO_Init  stepmotor.o
    0x080009e6   0x080009e6   0x00000002   PAD
    0x080009e8   0x080009e8   0x00000014   Code   RO         1123    .text.Smotor_Init   steppingmotor.o
    0x080009fc   0x080009fc   0x00000152   Code   RO         1065    .text.Smotor_PWM_TIM1_Init  stepmotor.o
    0x08000b4e   0x08000b4e   0x00000002   PAD
    0x08000b50   0x08000b50   0x000000bc   Code   RO         1125    .text.Start_motion  steppingmotor.o
    0x08000c0c   0x08000c0c   0x00000018   Code   RO           19    .text.SysTick_CLKSourceConfig  misc.o
    0x08000c24   0x08000c24   0x0000002e   Code   RO          887    .text.SysTick_Handler  port.o
    0x08000c52   0x08000c52   0x00000002   PAD
    0x08000c54   0x08000c54   0x0000002a   Code   RO          905    .text.SysTick_Init  systick.o
    0x08000c7e   0x08000c7e   0x00000002   PAD
    0x08000c80   0x08000c80   0x000000fa   Code   RO          555    .text.SystemInit    system_stm32f4xx.o
    0x08000d7a   0x08000d7a   0x00000002   PAD
    0x08000d7c   0x08000d7c   0x0000005c   Code   RO         1069    .text.TIM1_PWM_Output  stepmotor.o
    0x08000dd8   0x08000dd8   0x00000026   Code   RO         1067    .text.TIM1_UP_TIM10_IRQHandler  stepmotor.o
    0x08000dfe   0x08000dfe   0x00000002   PAD
    0x08000e00   0x08000e00   0x00000014   Code   RO          305    .text.TIM_ARRPreloadConfig  stm32f4xx_tim.o
    0x08000e14   0x08000e14   0x00000020   Code   RO          379    .text.TIM_CCxCmd    stm32f4xx_tim.o
    0x08000e34   0x08000e34   0x00000006   Code   RO          425    .text.TIM_ClearITPendingBit  stm32f4xx_tim.o
    0x08000e3a   0x08000e3a   0x00000002   PAD
    0x08000e3c   0x08000e3c   0x00000012   Code   RO          311    .text.TIM_Cmd       stm32f4xx_tim.o
    0x08000e4e   0x08000e4e   0x00000002   PAD
    0x08000e50   0x08000e50   0x00000018   Code   RO          409    .text.TIM_CtrlPWMOutputs  stm32f4xx_tim.o
    0x08000e68   0x08000e68   0x00000018   Code   RO          423    .text.TIM_GetITStatus  stm32f4xx_tim.o
    0x08000e80   0x08000e80   0x00000010   Code   RO          415    .text.TIM_ITConfig  stm32f4xx_tim.o
    0x08000e90   0x08000e90   0x00000066   Code   RO          313    .text.TIM_OC1Init   stm32f4xx_tim.o
    0x08000ef6   0x08000ef6   0x00000002   PAD
    0x08000ef8   0x08000ef8   0x0000000c   Code   RO          341    .text.TIM_OC1PreloadConfig  stm32f4xx_tim.o
    0x08000f04   0x08000f04   0x0000006e   Code   RO          315    .text.TIM_OC2Init   stm32f4xx_tim.o
    0x08000f72   0x08000f72   0x00000002   PAD
    0x08000f74   0x08000f74   0x0000000e   Code   RO          343    .text.TIM_OC2PreloadConfig  stm32f4xx_tim.o
    0x08000f82   0x08000f82   0x00000002   PAD
    0x08000f84   0x08000f84   0x0000006e   Code   RO          317    .text.TIM_OC3Init   stm32f4xx_tim.o
    0x08000ff2   0x08000ff2   0x00000002   PAD
    0x08000ff4   0x08000ff4   0x0000000c   Code   RO          345    .text.TIM_OC3PreloadConfig  stm32f4xx_tim.o
    0x08001000   0x08001000   0x00000052   Code   RO          319    .text.TIM_OC4Init   stm32f4xx_tim.o
    0x08001052   0x08001052   0x00000002   PAD
    0x08001054   0x08001054   0x0000000e   Code   RO          347    .text.TIM_OC4PreloadConfig  stm32f4xx_tim.o
    0x08001062   0x08001062   0x00000002   PAD
    0x08001064   0x08001064   0x00000006   Code   RO          289    .text.TIM_PrescalerConfig  stm32f4xx_tim.o
    0x0800106a   0x0800106a   0x00000002   PAD
    0x0800106c   0x0800106c   0x00000004   Code   RO          295    .text.TIM_SetAutoreload  stm32f4xx_tim.o
    0x08001070   0x08001070   0x00000004   Code   RO          325    .text.TIM_SetCompare1  stm32f4xx_tim.o
    0x08001074   0x08001074   0x00000004   Code   RO          327    .text.TIM_SetCompare2  stm32f4xx_tim.o
    0x08001078   0x08001078   0x00000004   Code   RO          329    .text.TIM_SetCompare3  stm32f4xx_tim.o
    0x0800107c   0x0800107c   0x00000004   Code   RO          331    .text.TIM_SetCompare4  stm32f4xx_tim.o
    0x08001080   0x08001080   0x00000092   Code   RO          285    .text.TIM_TimeBaseInit  stm32f4xx_tim.o
    0x08001112   0x08001112   0x00000002   PAD
    0x08001114   0x08001114   0x00000014   Code   RO          303    .text.TIM_UpdateRequestConfig  stm32f4xx_tim.o
    0x08001128   0x08001128   0x0000008e   Code   RO          995    .text.USART1_IRQHandler  usart.o
    0x080011b6   0x080011b6   0x00000002   PAD
    0x080011b8   0x080011b8   0x0000000e   Code   RO          523    .text.USART_ClearITPendingBit  stm32f4xx_usart.o
    0x080011c6   0x080011c6   0x00000002   PAD
    0x080011c8   0x080011c8   0x0000000a   Code   RO          517    .text.USART_GetFlagStatus  stm32f4xx_usart.o
    0x080011d2   0x080011d2   0x00000002   PAD
    0x080011d4   0x080011d4   0x00000030   Code   RO          521    .text.USART_GetITStatus  stm32f4xx_usart.o
    0x08001204   0x08001204   0x00000008   Code   RO          487    .text.USART_ReceiveData  stm32f4xx_usart.o
    0x0800120c   0x0800120c   0x00000008   Code   RO          485    .text.USART_SendData  stm32f4xx_usart.o
    0x08001214   0x08001214   0x00000002   Code   RO         1184    .text.UsageFault_Handler  stm32f4xx_it.o
    0x08001216   0x08001216   0x00000002   PAD
    0x08001218   0x08001218   0x0000008c   Code   RO          911    .text.delay_ms      systick.o
    0x080012a4   0x080012a4   0x000000c0   Code   RO         1162    .text.main          main.o
    0x08001364   0x08001364   0x00000022   Code   RO          606    .text.uxListRemove  list.o
    0x08001386   0x08001386   0x00000002   PAD
    0x08001388   0x08001388   0x0000001c   Code   RO          602    .text.vListInsertEnd  list.o
    0x080013a4   0x080013a4   0x00000086   Code   RO          701    .text.vTaskSwitchContext  tasks.o
    0x0800142a   0x0800142a   0x00000002   PAD
    0x0800142c   0x0800142c   0x00000180   Code   RO          713    .text.xTaskIncrementTick  tasks.o
    0x080015ac   0x080015ac   0x0000000e   Code   RO         1221    i.__scatterload_copy  mc_w.l(handlers.o)
    0x080015ba   0x080015ba   0x00000002   Code   RO         1222    i.__scatterload_null  mc_w.l(handlers.o)
    0x080015bc   0x080015bc   0x0000000e   Code   RO         1223    i.__scatterload_zeroinit  mc_w.l(handlers.o)
    0x080015ca   0x080015ca   0x00000002   PAD
    0x080015cc   0x080015cc   0x00000010   Data   RO         1220    Region$$Table       anon$$obj.o


    Execution Region RW_IRAM1 (Exec base: 0x20000000, Load base: 0x080015dc, Size: 0x000004c0, Max: 0x00020000, ABSOLUTE)

    Exec Addr    Load Addr    Size         Type   Attr      Idx    E Section Name        Object

    0x20000000        -       0x00000005   Zero   RW         1000    .bss.Recvl_Buffer   usart.o
    0x20000005        -       0x00000003   Zero   RW         1001    .bss.Recvl_Data     usart.o
    0x20000008        -       0x00000008   Zero   RW         1129    .bss.SMOTOR_1       steppingmotor.o
    0x20000010        -       0x00000008   Zero   RW         1130    .bss.SMOTOR_2       steppingmotor.o
    0x20000018        -       0x00000008   Zero   RW         1131    .bss.SMOTOR_3       steppingmotor.o
    0x20000020        -       0x00000008   Zero   RW         1132    .bss.SMOTOR_4       steppingmotor.o
    0x20000028        -       0x00000001   Zero   RW          999    .bss.USART1_IRQHandler.Count  usart.o
    0x20000029   0x080015dc   0x00000001   PAD
    0x2000002a        -       0x00000002   Zero   RW          914    .bss.fac_ms         systick.o
    0x2000002c        -       0x00000001   Zero   RW          913    .bss.fac_us         systick.o
    0x2000002d   0x080015dc   0x00000003   PAD
    0x20000030        -       0x00000004   Zero   RW          771    .bss.pxCurrentTCB   tasks.o
    0x20000034        -       0x00000004   Zero   RW          781    .bss.pxDelayedTaskList  tasks.o
    0x20000038        -       0x00000004   Zero   RW          782    .bss.pxOverflowDelayedTaskList  tasks.o
    0x2000003c        -       0x00000064   Zero   RW          772    .bss.pxReadyTasksLists  tasks.o
    0x200000a0        -       0x00000004   Zero   RW          788    .bss.uxPendedTicks  tasks.o
    0x200000a4        -       0x00000004   Zero   RW          779    .bss.uxSchedulerSuspended  tasks.o
    0x200000a8        -       0x00000004   Zero   RW          773    .bss.uxTopReadyPriority  tasks.o
    0x200000ac        -       0x00000004   Zero   RW          786    .bss.xNextTaskUnblockTime  tasks.o
    0x200000b0        -       0x00000004   Zero   RW          789    .bss.xNumOfOverflows  tasks.o
    0x200000b4        -       0x00000004   Zero   RW          780    .bss.xTickCount     tasks.o
    0x200000b8        -       0x00000004   Zero   RW          787    .bss.xYieldPending  tasks.o
    0x200000bc   0x080015dc   0x00000004   PAD
    0x200000c0        -       0x00000400   Zero   RW            1    STACK               startup_stm32f40_41xxx.o


==============================================================================

Image component sizes


      Code (inc. data)   RO Data    RW Data    ZI Data      Debug   Object Name

       288          0          0          0          0       3421   encodemotor.o
       224          4          0          0          0       2313   encodingmotor.o
        84          0          0          0          0       1721   led.o
        62          0          0          0          0       2034   list.o
       192          8          0          0          0       1154   main.o
       142          0          0          0          0       3333   misc.o
       182          8          0          0          0       3985   port.o
        36          8        392          0       1024        860   startup_stm32f40_41xxx.o
       424          0          0          0          0       3656   steerengine.o
       250         22          0          0          0       2512   steeringengine.o
       518          4          0          0          0       6157   stepmotor.o
       374          4          0          0         32       2882   steppingmotor.o
       190          0          0          0          0       4765   stm32f4xx_gpio.o
        12          0          0          0          0        753   stm32f4xx_it.o
        72          0          0          0          0      13638   stm32f4xx_rcc.o
       788          0          0          0          0      27164   stm32f4xx_tim.o
        88          0          0          0          0       8700   stm32f4xx_usart.o
       250          0          0          0          0       3250   system_stm32f4xx.o
       182          0          0          0          3       2451   systick.o
       518          0          0          0        140      32300   tasks.o
       142          0          0          0          9       5941   usart.o

    ----------------------------------------------------------------------
      5100         58        408          0       1216     132990   Object Totals
         0          0         16          0          0          0   (incl. Generated)
        82          0          0          0          8          0   (incl. Padding)

    ----------------------------------------------------------------------

      Code (inc. data)   RO Data    RW Data    ZI Data      Debug   Library Member Name

         0          0          0          0          0          0   entry.o
         0          0          0          0          0          0   entry10a.o
         0          0          0          0          0          0   entry11a.o
         8          4          0          0          0          0   entry2.o
         4          0          0          0          0          0   entry5.o
         0          0          0          0          0          0   entry7b.o
         0          0          0          0          0          0   entry8b.o
         8          4          0          0          0          0   entry9a.o
        30          0          0          0          0          0   handlers.o
        36          8          0          0          0         68   init.o

    ----------------------------------------------------------------------
        88         16          0          0          0         68   Library Totals
         2          0          0          0          0          0   (incl. Padding)

    ----------------------------------------------------------------------

      Code (inc. data)   RO Data    RW Data    ZI Data      Debug   Library Name

        86         16          0          0          0         68   mc_w.l

    ----------------------------------------------------------------------
        88         16          0          0          0         68   Library Totals

    ----------------------------------------------------------------------

==============================================================================


      Code (inc. data)   RO Data    RW Data    ZI Data      Debug   

      5188         74        408          0       1216     132882   Grand Totals
      5188         74        408          0       1216     132882   ELF Image Totals
      5188         74        408          0          0          0   ROM Totals

==============================================================================

    Total RO  Size (Code + RO Data)                 5596 (   5.46kB)
    Total RW  Size (RW Data + ZI Data)              1216 (   1.19kB)
    Total ROM Size (Code + RO Data + RW Data)       5596 (   5.46kB)

==============================================================================

