<html>
<body>
<pre>
<h1>µVision Build Log</h1>
<h2>Tool Versions:</h2>
IDE-Version: ¦ÌVision V5.38.0.0
Copyright (C) 2022 ARM Ltd and ARM Germany GmbH. All rights reserved.
License Information: 1 1
1
User-based license: Keil MDK Community (non-commercial free of charge)
Valid until: Jun 1 2033. Cached until: Nov 25 2024
 
Tool Versions:
Toolchain:       Keil MDK Community (non-commercial free of charge  Version: 5.38.0.0
Toolchain Path:  F:\Keil5\ARM\ARMCLANG\Bin
C Compiler:      ArmClang.exe V6.19
Assembler:       Armasm.exe V6.19
Linker/Locator:  ArmLink.exe V6.19
Library Manager: ArmAr.exe V6.19
Hex Converter:   FromElf.exe V6.19
CPU DLL:         SARMCM3.DLL V5.38.0.0
Dialog DLL:      DCM.DLL V1.17.5.0
Target DLL:      STLink\ST-LINKIII-KEIL_SWO.dll V3.1.0.0
Dialog DLL:      TCM.DLL V1.56.4.0
 
<h2>Project:</h2>
E:\Projectfilestorage\Keil5\AHrobot\AHrobotDrive.uvprojx
Project File Date:  11/18/2024

<h2>Output:</h2>
*** Using Compiler 'V6.19', folder: 'F:\Keil5\ARM\ARMCLANG\Bin'
Build target 'Target 1'
compiling stm32f4xx_syscfg.c...
compiling misc.c...
compiling stm32f4xx_exti.c...
compiling stm32f4xx_gpio.c...
compiling stm32f4xx_usart.c...
compiling stm32f4xx_i2c.c...
compiling stm32f4xx_rcc.c...
compiling croutine.c...
compiling stm32f4xx_tim.c...
compiling list.c...
compiling system_stm32f4xx.c...
compiling event_groups.c...
compiling timers.c...
compiling heap_4.c...
compiling queue.c...
compiling port.c...
compiling system.c...
compiling SysTick.c...
compiling uart.c...
compiling led.c...
compiling tasks.c...
compiling usart.c...
compiling encodeMotor.c...
compiling iic.c...
compiling steerEngine.c...
compiling stepMotor.c...
compiling oled.c...
compiling encodingMotor.c...
compiling pid.c...
compiling Bluetooth_control.c...
compiling steppingMotor.c...
compiling steeringEngine.c...
compiling main.c...
compiling stm32f4xx_it.c...
linking...
Program Size: Code=5188 RO-data=408 RW-data=0 ZI-data=1216  
FromELF: creating hex file...
".\Obj\AHrobotDrive.axf" - 0 Error(s), 0 Warning(s).

<h2>Software Packages used:</h2>

Package Vendor: Keil
                https://www.keil.com/pack/Keil.STM32F4xx_DFP.3.0.0.pack
                Keil.STM32F4xx_DFP.3.0.0
                STMicroelectronics STM32F4 Series Device Support

<h2>Collection of Component include folders:</h2>

<h2>Collection of Component Files used:</h2>
Build Time Elapsed:  00:00:02
</pre>
</body>
</html>
