Component: Arm Compiler for Embedded 6.23 Tool: armlink [5f102400]

==============================================================================

Section Cross References

    startup_stm32f40_41xxx.o(RESET) refers to startup_stm32f40_41xxx.o(STACK) for __initial_sp
    startup_stm32f40_41xxx.o(RESET) refers to startup_stm32f40_41xxx.o(.text) for Reset_Handler
    startup_stm32f40_41xxx.o(RESET) refers to stm32f4xx_it.o(.text.NMI_Handler) for NMI_Handler
    startup_stm32f40_41xxx.o(RESET) refers to stm32f4xx_it.o(.text.HardFault_Handler) for HardFault_Handler
    startup_stm32f40_41xxx.o(RESET) refers to stm32f4xx_it.o(.text.MemManage_Handler) for MemManage_Handler
    startup_stm32f40_41xxx.o(RESET) refers to stm32f4xx_it.o(.text.BusFault_Handler) for BusFault_Handler
    startup_stm32f40_41xxx.o(RESET) refers to stm32f4xx_it.o(.text.UsageFault_Handler) for UsageFault_Handler
    startup_stm32f40_41xxx.o(RESET) refers to port.o(.text.SVC_Handler) for SVC_Handler
    startup_stm32f40_41xxx.o(RESET) refers to stm32f4xx_it.o(.text.DebugMon_Handler) for DebugMon_Handler
    startup_stm32f40_41xxx.o(RESET) refers to port.o(.text.PendSV_Handler) for PendSV_Handler
    startup_stm32f40_41xxx.o(RESET) refers to port.o(.text.SysTick_Handler) for SysTick_Handler
    startup_stm32f40_41xxx.o(RESET) refers to stepMotor.o(.text.TIM1_UP_TIM10_IRQHandler) for TIM1_UP_TIM10_IRQHandler
    startup_stm32f40_41xxx.o(RESET) refers to encodeMotor.o(.text.TIM2_IRQHandler) for TIM2_IRQHandler
    startup_stm32f40_41xxx.o(RESET) refers to encodeMotor.o(.text.TIM3_IRQHandler) for TIM3_IRQHandler
    startup_stm32f40_41xxx.o(RESET) refers to encodeMotor.o(.text.TIM4_IRQHandler) for TIM4_IRQHandler
    startup_stm32f40_41xxx.o(RESET) refers to usart.o(.text.USART1_IRQHandler) for USART1_IRQHandler
    startup_stm32f40_41xxx.o(RESET) refers to encodeMotor.o(.text.TIM5_IRQHandler) for TIM5_IRQHandler
    startup_stm32f40_41xxx.o(.text) refers to system_stm32f4xx.o(.text.SystemInit) for SystemInit
    startup_stm32f40_41xxx.o(.text) refers to entry.o(.ARM.Collect$$$$00000000) for __main
    misc.o(.ARM.exidx.text.NVIC_PriorityGroupConfig) refers to misc.o(.text.NVIC_PriorityGroupConfig) for [Anonymous Symbol]
    misc.o(.ARM.exidx.text.NVIC_Init) refers to misc.o(.text.NVIC_Init) for [Anonymous Symbol]
    misc.o(.ARM.exidx.text.NVIC_SetVectorTable) refers to misc.o(.text.NVIC_SetVectorTable) for [Anonymous Symbol]
    misc.o(.ARM.exidx.text.NVIC_SystemLPConfig) refers to misc.o(.text.NVIC_SystemLPConfig) for [Anonymous Symbol]
    misc.o(.ARM.exidx.text.SysTick_CLKSourceConfig) refers to misc.o(.text.SysTick_CLKSourceConfig) for [Anonymous Symbol]
    stm32f4xx_exti.o(.ARM.exidx.text.EXTI_DeInit) refers to stm32f4xx_exti.o(.text.EXTI_DeInit) for [Anonymous Symbol]
    stm32f4xx_exti.o(.ARM.exidx.text.EXTI_Init) refers to stm32f4xx_exti.o(.text.EXTI_Init) for [Anonymous Symbol]
    stm32f4xx_exti.o(.ARM.exidx.text.EXTI_StructInit) refers to stm32f4xx_exti.o(.text.EXTI_StructInit) for [Anonymous Symbol]
    stm32f4xx_exti.o(.ARM.exidx.text.EXTI_GenerateSWInterrupt) refers to stm32f4xx_exti.o(.text.EXTI_GenerateSWInterrupt) for [Anonymous Symbol]
    stm32f4xx_exti.o(.ARM.exidx.text.EXTI_GetFlagStatus) refers to stm32f4xx_exti.o(.text.EXTI_GetFlagStatus) for [Anonymous Symbol]
    stm32f4xx_exti.o(.ARM.exidx.text.EXTI_ClearFlag) refers to stm32f4xx_exti.o(.text.EXTI_ClearFlag) for [Anonymous Symbol]
    stm32f4xx_exti.o(.ARM.exidx.text.EXTI_GetITStatus) refers to stm32f4xx_exti.o(.text.EXTI_GetITStatus) for [Anonymous Symbol]
    stm32f4xx_exti.o(.ARM.exidx.text.EXTI_ClearITPendingBit) refers to stm32f4xx_exti.o(.text.EXTI_ClearITPendingBit) for [Anonymous Symbol]
    stm32f4xx_gpio.o(.text.GPIO_DeInit) refers to stm32f4xx_gpio.o(.rodata..Lswitch.table.GPIO_DeInit.1) for .Lswitch.table.GPIO_DeInit.1
    stm32f4xx_gpio.o(.text.GPIO_DeInit) refers to stm32f4xx_rcc.o(.text.RCC_AHB1PeriphResetCmd) for RCC_AHB1PeriphResetCmd
    stm32f4xx_gpio.o(.ARM.exidx.text.GPIO_DeInit) refers to stm32f4xx_gpio.o(.text.GPIO_DeInit) for [Anonymous Symbol]
    stm32f4xx_gpio.o(.ARM.exidx.text.GPIO_Init) refers to stm32f4xx_gpio.o(.text.GPIO_Init) for [Anonymous Symbol]
    stm32f4xx_gpio.o(.ARM.exidx.text.GPIO_StructInit) refers to stm32f4xx_gpio.o(.text.GPIO_StructInit) for [Anonymous Symbol]
    stm32f4xx_gpio.o(.ARM.exidx.text.GPIO_PinLockConfig) refers to stm32f4xx_gpio.o(.text.GPIO_PinLockConfig) for [Anonymous Symbol]
    stm32f4xx_gpio.o(.ARM.exidx.text.GPIO_ReadInputDataBit) refers to stm32f4xx_gpio.o(.text.GPIO_ReadInputDataBit) for [Anonymous Symbol]
    stm32f4xx_gpio.o(.ARM.exidx.text.GPIO_ReadInputData) refers to stm32f4xx_gpio.o(.text.GPIO_ReadInputData) for [Anonymous Symbol]
    stm32f4xx_gpio.o(.ARM.exidx.text.GPIO_ReadOutputDataBit) refers to stm32f4xx_gpio.o(.text.GPIO_ReadOutputDataBit) for [Anonymous Symbol]
[...]
    Removing stm32f4xx_tim.o(.text.TIM_SelectOutputTrigger), (16 bytes).
    Removing stm32f4xx_tim.o(.ARM.exidx.text.TIM_SelectOutputTrigger), (8 bytes).
    Removing stm32f4xx_tim.o(.text.TIM_SelectSlaveMode), (16 bytes).
    Removing stm32f4xx_tim.o(.ARM.exidx.text.TIM_SelectSlaveMode), (8 bytes).
    Removing stm32f4xx_tim.o(.text.TIM_SelectMasterSlaveMode), (16 bytes).
    Removing stm32f4xx_tim.o(.ARM.exidx.text.TIM_SelectMasterSlaveMode), (8 bytes).
    Removing stm32f4xx_tim.o(.text.TIM_EncoderInterfaceConfig), (48 bytes).
    Removing stm32f4xx_tim.o(.ARM.exidx.text.TIM_EncoderInterfaceConfig), (8 bytes).
    Removing stm32f4xx_tim.o(.text.TIM_SelectHallSensor), (20 bytes).
    Removing stm32f4xx_tim.o(.ARM.exidx.text.TIM_SelectHallSensor), (8 bytes).
    Removing stm32f4xx_tim.o(.text.TIM_RemapConfig), (6 bytes).
    Removing stm32f4xx_tim.o(.ARM.exidx.text.TIM_RemapConfig), (8 bytes).
    Removing stm32f4xx_usart.o(.text), (0 bytes).
    Removing stm32f4xx_usart.o(.text.USART_DeInit), (274 bytes).
    Removing stm32f4xx_usart.o(.ARM.exidx.text.USART_DeInit), (8 bytes).
    Removing stm32f4xx_usart.o(.text.USART_Init), (182 bytes).
    Removing stm32f4xx_usart.o(.ARM.exidx.text.USART_Init), (8 bytes).
    Removing stm32f4xx_usart.o(.text.USART_StructInit), (18 bytes).
    Removing stm32f4xx_usart.o(.ARM.exidx.text.USART_StructInit), (8 bytes).
    Removing stm32f4xx_usart.o(.text.USART_ClockInit), (34 bytes).
    Removing stm32f4xx_usart.o(.ARM.exidx.text.USART_ClockInit), (8 bytes).
    Removing stm32f4xx_usart.o(.text.USART_ClockStructInit), (8 bytes).
    Removing stm32f4xx_usart.o(.ARM.exidx.text.USART_ClockStructInit), (8 bytes).
    Removing stm32f4xx_usart.o(.text.USART_Cmd), (20 bytes).
    Removing stm32f4xx_usart.o(.ARM.exidx.text.USART_Cmd), (8 bytes).
    Removing stm32f4xx_usart.o(.text.USART_SetPrescaler), (16 bytes).
    Removing stm32f4xx_usart.o(.ARM.exidx.text.USART_SetPrescaler), (8 bytes).
    Removing stm32f4xx_usart.o(.text.USART_OverSampling8Cmd), (20 bytes).
    Removing stm32f4xx_usart.o(.ARM.exidx.text.USART_OverSampling8Cmd), (8 bytes).
    Removing stm32f4xx_usart.o(.text.USART_OneBitMethodCmd), (20 bytes).
    Removing stm32f4xx_usart.o(.ARM.exidx.text.USART_OneBitMethodCmd), (8 bytes).
    Removing stm32f4xx_usart.o(.ARM.exidx.text.USART_SendData), (8 bytes).
    Removing stm32f4xx_usart.o(.ARM.exidx.text.USART_ReceiveData), (8 bytes).
    Removing stm32f4xx_usart.o(.text.USART_SetAddress), (16 bytes).
    Removing stm32f4xx_usart.o(.ARM.exidx.text.USART_SetAddress), (8 bytes).
    Removing stm32f4xx_usart.o(.text.USART_ReceiverWakeUpCmd), (20 bytes).
    Removing stm32f4xx_usart.o(.ARM.exidx.text.USART_ReceiverWakeUpCmd), (8 bytes).
    Removing stm32f4xx_usart.o(.text.USART_WakeUpConfig), (16 bytes).
    Removing stm32f4xx_usart.o(.ARM.exidx.text.USART_WakeUpConfig), (8 bytes).
    Removing stm32f4xx_usart.o(.text.USART_LINBreakDetectLengthConfig), (16 bytes).
    Removing stm32f4xx_usart.o(.ARM.exidx.text.USART_LINBreakDetectLengthConfig), (8 bytes).
    Removing stm32f4xx_usart.o(.text.USART_LINCmd), (20 bytes).
    Removing stm32f4xx_usart.o(.ARM.exidx.text.USART_LINCmd), (8 bytes).
    Removing stm32f4xx_usart.o(.text.USART_SendBreak), (10 bytes).
    Removing stm32f4xx_usart.o(.ARM.exidx.text.USART_SendBreak), (8 bytes).
    Removing stm32f4xx_usart.o(.text.USART_HalfDuplexCmd), (20 bytes).
    Removing stm32f4xx_usart.o(.ARM.exidx.text.USART_HalfDuplexCmd), (8 bytes).
    Removing stm32f4xx_usart.o(.text.USART_SetGuardTime), (16 bytes).
    Removing stm32f4xx_usart.o(.ARM.exidx.text.USART_SetGuardTime), (8 bytes).
    Removing stm32f4xx_usart.o(.text.USART_SmartCardCmd), (20 bytes).
    Removing stm32f4xx_usart.o(.ARM.exidx.text.USART_SmartCardCmd), (8 bytes).
    Removing stm32f4xx_usart.o(.text.USART_SmartCardNACKCmd), (20 bytes).
    Removing stm32f4xx_usart.o(.ARM.exidx.text.USART_SmartCardNACKCmd), (8 bytes).
    Removing stm32f4xx_usart.o(.text.USART_IrDAConfig), (16 bytes).
    Removing stm32f4xx_usart.o(.ARM.exidx.text.USART_IrDAConfig), (8 bytes).
    Removing stm32f4xx_usart.o(.text.USART_IrDACmd), (20 bytes).
    Removing stm32f4xx_usart.o(.ARM.exidx.text.USART_IrDACmd), (8 bytes).
    Removing stm32f4xx_usart.o(.text.USART_DMACmd), (16 bytes).
    Removing stm32f4xx_usart.o(.ARM.exidx.text.USART_DMACmd), (8 bytes).
    Removing stm32f4xx_usart.o(.text.USART_ITConfig), (46 bytes).
    Removing stm32f4xx_usart.o(.ARM.exidx.text.USART_ITConfig), (8 bytes).
    Removing stm32f4xx_usart.o(.ARM.exidx.text.USART_GetFlagStatus), (8 bytes).
    Removing stm32f4xx_usart.o(.text.USART_ClearFlag), (6 bytes).
    Removing stm32f4xx_usart.o(.ARM.exidx.text.USART_ClearFlag), (8 bytes).
    Removing stm32f4xx_usart.o(.ARM.exidx.text.USART_GetITStatus), (8 bytes).
    Removing stm32f4xx_usart.o(.ARM.exidx.text.USART_ClearITPendingBit), (8 bytes).
    Removing stm32f4xx_syscfg.o(.text), (0 bytes).
    Removing stm32f4xx_syscfg.o(.text.SYSCFG_DeInit), (26 bytes).
    Removing stm32f4xx_syscfg.o(.ARM.exidx.text.SYSCFG_DeInit), (8 bytes).
    Removing stm32f4xx_syscfg.o(.text.SYSCFG_MemoryRemapConfig), (12 bytes).
    Removing stm32f4xx_syscfg.o(.ARM.exidx.text.SYSCFG_MemoryRemapConfig), (8 bytes).
    Removing stm32f4xx_syscfg.o(.text.SYSCFG_MemorySwappingBank), (10 bytes).
    Removing stm32f4xx_syscfg.o(.ARM.exidx.text.SYSCFG_MemorySwappingBank), (8 bytes).
    Removing stm32f4xx_syscfg.o(.text.SYSCFG_EXTILineConfig), (54 bytes).
    Removing stm32f4xx_syscfg.o(.ARM.exidx.text.SYSCFG_EXTILineConfig), (8 bytes).
    Removing stm32f4xx_syscfg.o(.text.SYSCFG_ETH_MediaInterfaceConfig), (10 bytes).
    Removing stm32f4xx_syscfg.o(.ARM.exidx.text.SYSCFG_ETH_MediaInterfaceConfig), (8 bytes).
    Removing stm32f4xx_syscfg.o(.text.SYSCFG_CompensationCellCmd), (12 bytes).
    Removing stm32f4xx_syscfg.o(.ARM.exidx.text.SYSCFG_CompensationCellCmd), (8 bytes).
    Removing stm32f4xx_syscfg.o(.text.SYSCFG_GetCompensationCellStatus), (16 bytes).
    Removing stm32f4xx_syscfg.o(.ARM.exidx.text.SYSCFG_GetCompensationCellStatus), (8 bytes).
    Removing system_stm32f4xx.o(.text), (0 bytes).
    Removing system_stm32f4xx.o(.ARM.exidx.text.SystemInit), (8 bytes).
    Removing system_stm32f4xx.o(.text.SystemCoreClockUpdate), (134 bytes).
    Removing system_stm32f4xx.o(.ARM.exidx.text.SystemCoreClockUpdate), (8 bytes).
    Removing system_stm32f4xx.o(.data.SystemCoreClock), (4 bytes).
    Removing system_stm32f4xx.o(.rodata.AHBPrescTable), (16 bytes).
    Removing croutine.o(.text), (0 bytes).
    Removing event_groups.o(.text), (0 bytes).
    Removing event_groups.o(.text.xEventGroupCreate), (34 bytes).
    Removing event_groups.o(.ARM.exidx.text.xEventGroupCreate), (8 bytes).
    Removing event_groups.o(.text.xEventGroupSync), (218 bytes).
    Removing event_groups.o(.ARM.exidx.text.xEventGroupSync), (8 bytes).
    Removing event_groups.o(.text.xEventGroupSetBits), (170 bytes).
    Removing event_groups.o(.ARM.exidx.text.xEventGroupSetBits), (8 bytes).
    Removing event_groups.o(.text.xEventGroupWaitBits), (300 bytes).
    Removing event_groups.o(.ARM.exidx.text.xEventGroupWaitBits), (8 bytes).
    Removing event_groups.o(.text.xEventGroupClearBits), (72 bytes).
    Removing event_groups.o(.ARM.exidx.text.xEventGroupClearBits), (8 bytes).
    Removing event_groups.o(.text.xEventGroupGetBitsFromISR), (28 bytes).
    Removing event_groups.o(.ARM.exidx.text.xEventGroupGetBitsFromISR), (8 bytes).
    Removing event_groups.o(.text.vEventGroupDelete), (70 bytes).
    Removing event_groups.o(.ARM.exidx.text.vEventGroupDelete), (8 bytes).
    Removing event_groups.o(.text.vEventGroupSetBitsCallback), (4 bytes).
    Removing event_groups.o(.ARM.exidx.text.vEventGroupSetBitsCallback), (8 bytes).
    Removing event_groups.o(.text.vEventGroupClearBitsCallback), (70 bytes).
    Removing event_groups.o(.ARM.exidx.text.vEventGroupClearBitsCallback), (8 bytes).
    Removing event_groups.o(.text.uxEventGroupGetNumber), (10 bytes).
    Removing event_groups.o(.ARM.exidx.text.uxEventGroupGetNumber), (8 bytes).
    Removing list.o(.text), (0 bytes).
    Removing list.o(.text.vListInitialise), (22 bytes).
    Removing list.o(.ARM.exidx.text.vListInitialise), (8 bytes).
    Removing list.o(.text.vListInitialiseItem), (6 bytes).
    Removing list.o(.ARM.exidx.text.vListInitialiseItem), (8 bytes).
    Removing list.o(.ARM.exidx.text.vListInsertEnd), (8 bytes).
    Removing list.o(.text.vListInsert), (58 bytes).
    Removing list.o(.ARM.exidx.text.vListInsert), (8 bytes).
    Removing list.o(.ARM.exidx.text.uxListRemove), (8 bytes).
    Removing queue.o(.text), (0 bytes).
    Removing queue.o(.text.xQueueGenericReset), (132 bytes).
    Removing queue.o(.ARM.exidx.text.xQueueGenericReset), (8 bytes).
    Removing queue.o(.text.xQueueGenericCreate), (126 bytes).
    Removing queue.o(.ARM.exidx.text.xQueueGenericCreate), (8 bytes).
    Removing queue.o(.text.xQueueCreateMutex), (108 bytes).
    Removing queue.o(.ARM.exidx.text.xQueueCreateMutex), (8 bytes).
    Removing queue.o(.text.xQueueGiveMutexRecursive), (66 bytes).
    Removing queue.o(.ARM.exidx.text.xQueueGiveMutexRecursive), (8 bytes).
    Removing queue.o(.text.xQueueGenericSend), (532 bytes).
    Removing queue.o(.ARM.exidx.text.xQueueGenericSend), (8 bytes).
    Removing queue.o(.text.xQueueTakeMutexRecursive), (64 bytes).
    Removing queue.o(.ARM.exidx.text.xQueueTakeMutexRecursive), (8 bytes).
    Removing queue.o(.text.xQueueGenericReceive), (496 bytes).
    Removing queue.o(.ARM.exidx.text.xQueueGenericReceive), (8 bytes).
    Removing queue.o(.text.xQueueCreateCountingSemaphore), (66 bytes).
    Removing queue.o(.ARM.exidx.text.xQueueCreateCountingSemaphore), (8 bytes).
    Removing queue.o(.text.prvUnlockQueue), (116 bytes).
    Removing queue.o(.ARM.exidx.text.prvUnlockQueue), (8 bytes).
    Removing queue.o(.text.xQueueGenericSendFromISR), (314 bytes).
    Removing queue.o(.ARM.exidx.text.xQueueGenericSendFromISR), (8 bytes).
    Removing queue.o(.text.xQueueGiveFromISR), (182 bytes).
    Removing queue.o(.ARM.exidx.text.xQueueGiveFromISR), (8 bytes).
    Removing queue.o(.text.xQueueReceiveFromISR), (190 bytes).
    Removing queue.o(.ARM.exidx.text.xQueueReceiveFromISR), (8 bytes).
    Removing queue.o(.text.xQueuePeekFromISR), (152 bytes).
    Removing queue.o(.ARM.exidx.text.xQueuePeekFromISR), (8 bytes).
    Removing queue.o(.text.uxQueueMessagesWaiting), (38 bytes).
    Removing queue.o(.ARM.exidx.text.uxQueueMessagesWaiting), (8 bytes).
    Removing queue.o(.text.uxQueueSpacesAvailable), (42 bytes).
    Removing queue.o(.ARM.exidx.text.uxQueueSpacesAvailable), (8 bytes).
    Removing queue.o(.text.uxQueueMessagesWaitingFromISR), (26 bytes).
    Removing queue.o(.ARM.exidx.text.uxQueueMessagesWaitingFromISR), (8 bytes).
    Removing queue.o(.text.vQueueDelete), (66 bytes).
    Removing queue.o(.ARM.exidx.text.vQueueDelete), (8 bytes).
    Removing queue.o(.text.vQueueUnregisterQueue), (40 bytes).
    Removing queue.o(.ARM.exidx.text.vQueueUnregisterQueue), (8 bytes).
    Removing queue.o(.text.uxQueueGetQueueNumber), (4 bytes).
    Removing queue.o(.ARM.exidx.text.uxQueueGetQueueNumber), (8 bytes).
    Removing queue.o(.text.vQueueSetQueueNumber), (4 bytes).
    Removing queue.o(.ARM.exidx.text.vQueueSetQueueNumber), (8 bytes).
    Removing queue.o(.text.ucQueueGetQueueType), (6 bytes).
    Removing queue.o(.ARM.exidx.text.ucQueueGetQueueType), (8 bytes).
    Removing queue.o(.text.xQueueIsQueueEmptyFromISR), (30 bytes).
    Removing queue.o(.ARM.exidx.text.xQueueIsQueueEmptyFromISR), (8 bytes).
    Removing queue.o(.text.xQueueIsQueueFullFromISR), (34 bytes).
    Removing queue.o(.ARM.exidx.text.xQueueIsQueueFullFromISR), (8 bytes).
    Removing queue.o(.text.vQueueAddToRegistry), (40 bytes).
    Removing queue.o(.ARM.exidx.text.vQueueAddToRegistry), (8 bytes).
    Removing queue.o(.text.pcQueueGetName), (40 bytes).
    Removing queue.o(.ARM.exidx.text.pcQueueGetName), (8 bytes).
    Removing queue.o(.text.vQueueWaitForMessageRestricted), (70 bytes).
    Removing queue.o(.ARM.exidx.text.vQueueWaitForMessageRestricted), (8 bytes).
    Removing queue.o(.bss.xQueueRegistry), (64 bytes).
    Removing tasks.o(.text), (0 bytes).
    Removing tasks.o(.text.xTaskCreate), (476 bytes).
    Removing tasks.o(.ARM.exidx.text.xTaskCreate), (8 bytes).
    Removing tasks.o(.text.vTaskDelete), (286 bytes).
    Removing tasks.o(.ARM.exidx.text.vTaskDelete), (8 bytes).
    Removing tasks.o(.text.vTaskDelayUntil), (266 bytes).
    Removing tasks.o(.ARM.exidx.text.vTaskDelayUntil), (8 bytes).
    Removing tasks.o(.text.vTaskSuspendAll), (16 bytes).
    Removing tasks.o(.ARM.exidx.text.vTaskSuspendAll), (8 bytes).
    Removing tasks.o(.text.prvAddCurrentTaskToDelayedList), (166 bytes).
    Removing tasks.o(.ARM.exidx.text.prvAddCurrentTaskToDelayedList), (8 bytes).
    Removing tasks.o(.text.xTaskResumeAll), (312 bytes).
    Removing tasks.o(.ARM.exidx.text.xTaskResumeAll), (8 bytes).
    Removing tasks.o(.text.vTaskDelay), (196 bytes).
    Removing tasks.o(.ARM.exidx.text.vTaskDelay), (8 bytes).
    Removing tasks.o(.text.eTaskGetState), (134 bytes).
    Removing tasks.o(.ARM.exidx.text.eTaskGetState), (8 bytes).
    Removing tasks.o(.text.uxTaskPriorityGet), (30 bytes).
    Removing tasks.o(.ARM.exidx.text.uxTaskPriorityGet), (8 bytes).
    Removing tasks.o(.text.uxTaskPriorityGetFromISR), (48 bytes).
    Removing tasks.o(.ARM.exidx.text.uxTaskPriorityGetFromISR), (8 bytes).
    Removing tasks.o(.text.vTaskPrioritySet), (228 bytes).
    Removing tasks.o(.ARM.exidx.text.vTaskPrioritySet), (8 bytes).
    Removing tasks.o(.text.vTaskSuspend), (386 bytes).
    Removing tasks.o(.ARM.exidx.text.vTaskSuspend), (8 bytes).
    Removing tasks.o(.ARM.exidx.text.vTaskSwitchContext), (8 bytes).
    Removing tasks.o(.text.vTaskResume), (162 bytes).
    Removing tasks.o(.ARM.exidx.text.vTaskResume), (8 bytes).
    Removing tasks.o(.text.xTaskResumeFromISR), (182 bytes).
    Removing tasks.o(.ARM.exidx.text.xTaskResumeFromISR), (8 bytes).
    Removing tasks.o(.text.vTaskStartScheduler), (152 bytes).
    Removing tasks.o(.ARM.exidx.text.vTaskStartScheduler), (8 bytes).
    Removing tasks.o(.text.prvIdleTask), (142 bytes).
    Removing tasks.o(.ARM.exidx.text.prvIdleTask), (8 bytes).
    Removing tasks.o(.text.vTaskEndScheduler), (32 bytes).
    Removing tasks.o(.ARM.exidx.text.vTaskEndScheduler), (8 bytes).
    Removing tasks.o(.ARM.exidx.text.xTaskIncrementTick), (8 bytes).
    Removing tasks.o(.text.xTaskGetTickCount), (12 bytes).
    Removing tasks.o(.ARM.exidx.text.xTaskGetTickCount), (8 bytes).
    Removing tasks.o(.text.xTaskGetTickCountFromISR), (18 bytes).
    Removing tasks.o(.ARM.exidx.text.xTaskGetTickCountFromISR), (8 bytes).
    Removing tasks.o(.text.uxTaskGetNumberOfTasks), (12 bytes).
    Removing tasks.o(.ARM.exidx.text.uxTaskGetNumberOfTasks), (8 bytes).
    Removing tasks.o(.text.pcTaskGetName), (38 bytes).
    Removing tasks.o(.ARM.exidx.text.pcTaskGetName), (8 bytes).
    Removing tasks.o(.text.uxTaskGetSystemState), (1302 bytes).
    Removing tasks.o(.ARM.exidx.text.uxTaskGetSystemState), (8 bytes).
    Removing tasks.o(.text.vTaskPlaceOnEventList), (54 bytes).
    Removing tasks.o(.ARM.exidx.text.vTaskPlaceOnEventList), (8 bytes).
    Removing tasks.o(.text.vTaskPlaceOnUnorderedEventList), (94 bytes).
    Removing tasks.o(.ARM.exidx.text.vTaskPlaceOnUnorderedEventList), (8 bytes).
    Removing tasks.o(.text.vTaskPlaceOnEventListRestricted), (62 bytes).
    Removing tasks.o(.ARM.exidx.text.vTaskPlaceOnEventListRestricted), (8 bytes).
    Removing tasks.o(.text.xTaskRemoveFromEventList), (144 bytes).
    Removing tasks.o(.ARM.exidx.text.xTaskRemoveFromEventList), (8 bytes).
    Removing tasks.o(.text.xTaskRemoveFromUnorderedEventList), (154 bytes).
    Removing tasks.o(.ARM.exidx.text.xTaskRemoveFromUnorderedEventList), (8 bytes).
    Removing tasks.o(.text.vTaskSetTimeOutState), (46 bytes).
    Removing tasks.o(.ARM.exidx.text.vTaskSetTimeOutState), (8 bytes).
    Removing tasks.o(.text.xTaskCheckForTimeOut), (136 bytes).
    Removing tasks.o(.ARM.exidx.text.xTaskCheckForTimeOut), (8 bytes).
    Removing tasks.o(.text.vTaskMissedYield), (14 bytes).
    Removing tasks.o(.ARM.exidx.text.vTaskMissedYield), (8 bytes).
    Removing tasks.o(.text.uxTaskGetTaskNumber), (10 bytes).
    Removing tasks.o(.ARM.exidx.text.uxTaskGetTaskNumber), (8 bytes).
    Removing tasks.o(.text.vTaskSetTaskNumber), (8 bytes).
    Removing tasks.o(.ARM.exidx.text.vTaskSetTaskNumber), (8 bytes).
    Removing tasks.o(.text.vTaskGetInfo), (268 bytes).
    Removing tasks.o(.ARM.exidx.text.vTaskGetInfo), (8 bytes).
    Removing tasks.o(.text.xTaskGetCurrentTaskHandle), (12 bytes).
    Removing tasks.o(.ARM.exidx.text.xTaskGetCurrentTaskHandle), (8 bytes).
    Removing tasks.o(.text.xTaskGetSchedulerState), (38 bytes).
    Removing tasks.o(.ARM.exidx.text.xTaskGetSchedulerState), (8 bytes).
    Removing tasks.o(.text.vTaskPriorityInherit), (156 bytes).
    Removing tasks.o(.ARM.exidx.text.vTaskPriorityInherit), (8 bytes).
    Removing tasks.o(.text.xTaskPriorityDisinherit), (190 bytes).
    Removing tasks.o(.ARM.exidx.text.xTaskPriorityDisinherit), (8 bytes).
    Removing tasks.o(.text.uxTaskResetEventItemValue), (26 bytes).
    Removing tasks.o(.ARM.exidx.text.uxTaskResetEventItemValue), (8 bytes).
    Removing tasks.o(.text.pvTaskIncrementMutexHeldCount), (24 bytes).
    Removing tasks.o(.ARM.exidx.text.pvTaskIncrementMutexHeldCount), (8 bytes).
    Removing tasks.o(.text.ulTaskNotifyTake), (104 bytes).
    Removing tasks.o(.ARM.exidx.text.ulTaskNotifyTake), (8 bytes).
    Removing tasks.o(.text.xTaskNotifyWait), (142 bytes).
    Removing tasks.o(.ARM.exidx.text.xTaskNotifyWait), (8 bytes).
    Removing tasks.o(.text.xTaskGenericNotify), (224 bytes).
    Removing tasks.o(.ARM.exidx.text.xTaskGenericNotify), (8 bytes).
    Removing tasks.o(.text.xTaskGenericNotifyFromISR), (278 bytes).
    Removing tasks.o(.ARM.exidx.text.xTaskGenericNotifyFromISR), (8 bytes).
    Removing tasks.o(.text.vTaskNotifyGiveFromISR), (220 bytes).
    Removing tasks.o(.ARM.exidx.text.vTaskNotifyGiveFromISR), (8 bytes).
    Removing tasks.o(.text.xTaskNotifyStateClear), (44 bytes).
    Removing tasks.o(.ARM.exidx.text.xTaskNotifyStateClear), (8 bytes).
    Removing tasks.o(.bss.uxTaskNumber), (4 bytes).
    Removing tasks.o(.bss.xTasksWaitingTermination), (20 bytes).
    Removing tasks.o(.bss.uxDeletedTasksWaitingCleanUp), (4 bytes).
    Removing tasks.o(.bss.uxCurrentNumberOfTasks), (4 bytes).
    Removing tasks.o(.bss.xSchedulerRunning), (4 bytes).
    Removing tasks.o(.bss.xSuspendedTaskList), (20 bytes).
    Removing tasks.o(.bss.xPendingReadyList), (20 bytes).
    Removing tasks.o(.bss.xIdleTaskHandle), (4 bytes).
    Removing tasks.o(.bss.xDelayedTaskList1), (20 bytes).
    Removing tasks.o(.bss.xDelayedTaskList2), (20 bytes).
    Removing timers.o(.text), (0 bytes).
    Removing timers.o(.text.xTimerCreateTimerTask), (96 bytes).
    Removing timers.o(.ARM.exidx.text.xTimerCreateTimerTask), (8 bytes).
    Removing timers.o(.text.prvCheckForValidListAndQueue), (112 bytes).
    Removing timers.o(.ARM.exidx.text.prvCheckForValidListAndQueue), (8 bytes).
    Removing timers.o(.text.prvTimerTask), (626 bytes).
    Removing timers.o(.ARM.exidx.text.prvTimerTask), (8 bytes).
    Removing timers.o(.text.xTimerCreate), (78 bytes).
    Removing timers.o(.ARM.exidx.text.xTimerCreate), (8 bytes).
    Removing timers.o(.text.xTimerGenericCommand), (104 bytes).
    Removing timers.o(.ARM.exidx.text.xTimerGenericCommand), (8 bytes).
    Removing timers.o(.text.xTimerGetTimerDaemonTaskHandle), (34 bytes).
    Removing timers.o(.ARM.exidx.text.xTimerGetTimerDaemonTaskHandle), (8 bytes).
    Removing timers.o(.text.xTimerGetPeriod), (26 bytes).
    Removing timers.o(.ARM.exidx.text.xTimerGetPeriod), (8 bytes).
    Removing timers.o(.text.xTimerGetExpiryTime), (26 bytes).
    Removing timers.o(.ARM.exidx.text.xTimerGetExpiryTime), (8 bytes).
    Removing timers.o(.text.pcTimerGetName), (26 bytes).
    Removing timers.o(.ARM.exidx.text.pcTimerGetName), (8 bytes).
    Removing timers.o(.text.xTimerIsTimerActive), (46 bytes).
    Removing timers.o(.ARM.exidx.text.xTimerIsTimerActive), (8 bytes).
    Removing timers.o(.text.pvTimerGetTimerID), (38 bytes).
    Removing timers.o(.ARM.exidx.text.pvTimerGetTimerID), (8 bytes).
    Removing timers.o(.text.vTimerSetTimerID), (42 bytes).
    Removing timers.o(.ARM.exidx.text.vTimerSetTimerID), (8 bytes).
    Removing timers.o(.text.prvSampleTimeNow), (230 bytes).
    Removing timers.o(.ARM.exidx.text.prvSampleTimeNow), (8 bytes).
    Removing timers.o(.bss.xTimerQueue), (4 bytes).
    Removing timers.o(.bss.xTimerTaskHandle), (4 bytes).
    Removing timers.o(.bss.pxCurrentTimerList), (4 bytes).
    Removing timers.o(.bss.pxOverflowTimerList), (4 bytes).
    Removing timers.o(.bss.prvSampleTimeNow.xLastTime), (4 bytes).
    Removing timers.o(.bss.xActiveTimerList1), (20 bytes).
    Removing timers.o(.bss.xActiveTimerList2), (20 bytes).
    Removing heap_4.o(.text), (0 bytes).
    Removing heap_4.o(.text.pvPortMalloc), (404 bytes).
    Removing heap_4.o(.ARM.exidx.text.pvPortMalloc), (8 bytes).
    Removing heap_4.o(.text.vPortFree), (200 bytes).
    Removing heap_4.o(.ARM.exidx.text.vPortFree), (8 bytes).
    Removing heap_4.o(.text.xPortGetFreeHeapSize), (12 bytes).
    Removing heap_4.o(.ARM.exidx.text.xPortGetFreeHeapSize), (8 bytes).
    Removing heap_4.o(.text.xPortGetMinimumEverFreeHeapSize), (12 bytes).
    Removing heap_4.o(.ARM.exidx.text.xPortGetMinimumEverFreeHeapSize), (8 bytes).
    Removing heap_4.o(.text.vPortInitialiseBlocks), (2 bytes).
    Removing heap_4.o(.ARM.exidx.text.vPortInitialiseBlocks), (8 bytes).
    Removing heap_4.o(.bss.pxEnd), (4 bytes).
    Removing heap_4.o(.bss.xBlockAllocatedBit), (1 bytes).
    Removing heap_4.o(.bss.xFreeBytesRemaining), (4 bytes).
    Removing heap_4.o(.bss.xStart), (8 bytes).
    Removing heap_4.o(.bss.xMinimumEverFreeBytesRemaining), (4 bytes).
    Removing heap_4.o(.bss.ucHeap), (76800 bytes).
    Removing port.o(.text), (0 bytes).
    Removing port.o(.text.pxPortInitialiseStack), (36 bytes).
    Removing port.o(.ARM.exidx.text.pxPortInitialiseStack), (8 bytes).
    Removing port.o(.text.prvTaskExitError), (50 bytes).
    Removing port.o(.ARM.exidx.text.prvTaskExitError), (8 bytes).
    Removing port.o(.ARM.exidx.text.SVC_Handler), (8 bytes).
    Removing port.o(.text.xPortStartScheduler), (302 bytes).
    Removing port.o(.ARM.exidx.text.xPortStartScheduler), (8 bytes).
    Removing port.o(.text.vPortSetupTimerInterrupt), (52 bytes).
    Removing port.o(.ARM.exidx.text.vPortSetupTimerInterrupt), (8 bytes).
    Removing port.o(.text.vPortEnableVFP), (20 bytes).
    Removing port.o(.ARM.exidx.text.vPortEnableVFP), (8 bytes).
    Removing port.o(.text.prvPortStartFirstTask), (40 bytes).
    Removing port.o(.ARM.exidx.text.prvPortStartFirstTask), (8 bytes).
    Removing port.o(.text.vPortEndScheduler), (38 bytes).
    Removing port.o(.ARM.exidx.text.vPortEndScheduler), (8 bytes).
    Removing port.o(.text.vPortEnterCritical), (70 bytes).
    Removing port.o(.ARM.exidx.text.vPortEnterCritical), (8 bytes).
    Removing port.o(.text.vPortExitCritical), (46 bytes).
    Removing port.o(.ARM.exidx.text.vPortExitCritical), (8 bytes).
    Removing port.o(.ARM.exidx.text.PendSV_Handler), (8 bytes).
    Removing port.o(.ARM.exidx.text.SysTick_Handler), (8 bytes).
    Removing port.o(.text.vPortValidateInterruptPriority), (98 bytes).
    Removing port.o(.ARM.exidx.text.vPortValidateInterruptPriority), (8 bytes).
    Removing port.o(.bss.ucMaxSysCallPriority), (1 bytes).
    Removing port.o(.bss.ulMaxPRIGROUPValue), (4 bytes).
    Removing port.o(.data.uxCriticalNesting), (4 bytes).
    Removing system.o(.text), (0 bytes).
    Removing SysTick.o(.text), (0 bytes).
    Removing SysTick.o(.text.getSysTickCnt), (22 bytes).
    Removing SysTick.o(.ARM.exidx.text.getSysTickCnt), (8 bytes).
    Removing SysTick.o(.ARM.exidx.text.SysTick_Init), (8 bytes).
    Removing SysTick.o(.text.delay_us), (60 bytes).
    Removing SysTick.o(.ARM.exidx.text.delay_us), (8 bytes).
    Removing SysTick.o(.text.delay_nms), (60 bytes).
    Removing SysTick.o(.ARM.exidx.text.delay_nms), (8 bytes).
    Removing SysTick.o(.ARM.exidx.text.delay_ms), (8 bytes).
    Removing uart.o(.text), (0 bytes).
    Removing led.o(.text), (0 bytes).
    Removing led.o(.ARM.exidx.text.LED_Init), (8 bytes).
    Removing oled.o(.text), (0 bytes).
    Removing oled.o(.text.IIC_Start1), (46 bytes).
    Removing oled.o(.ARM.exidx.text.IIC_Start1), (8 bytes).
    Removing oled.o(.text.IIC_Stop1), (38 bytes).
    Removing oled.o(.ARM.exidx.text.IIC_Stop1), (8 bytes).
    Removing oled.o(.text.IIC_Wait_Ack1), (30 bytes).
    Removing oled.o(.ARM.exidx.text.IIC_Wait_Ack1), (8 bytes).
    Removing oled.o(.text.Write_IIC_Byte), (78 bytes).
    Removing oled.o(.ARM.exidx.text.Write_IIC_Byte), (8 bytes).
    Removing oled.o(.text.Write_IIC_Command), (298 bytes).
    Removing oled.o(.ARM.exidx.text.Write_IIC_Command), (8 bytes).
    Removing oled.o(.text.Write_IIC_Data), (322 bytes).
    Removing oled.o(.ARM.exidx.text.Write_IIC_Data), (8 bytes).
    Removing oled.o(.text.OLED_WR_Byte), (14 bytes).
    Removing oled.o(.ARM.exidx.text.OLED_WR_Byte), (8 bytes).
    Removing oled.o(.text.fill_picture), (60 bytes).
    Removing oled.o(.ARM.exidx.text.fill_picture), (8 bytes).
    Removing oled.o(.text.Delay_50ms), (2 bytes).
    Removing oled.o(.ARM.exidx.text.Delay_50ms), (8 bytes).
    Removing oled.o(.text.Delay_1ms), (2 bytes).
    Removing oled.o(.ARM.exidx.text.Delay_1ms), (8 bytes).
    Removing oled.o(.text.OLED_Set_Pos), (34 bytes).
    Removing oled.o(.ARM.exidx.text.OLED_Set_Pos), (8 bytes).
    Removing oled.o(.text.OLED_Display_On), (24 bytes).
    Removing oled.o(.ARM.exidx.text.OLED_Display_On), (8 bytes).
    Removing oled.o(.text.OLED_Display_Off), (24 bytes).
    Removing oled.o(.ARM.exidx.text.OLED_Display_Off), (8 bytes).
    Removing oled.o(.text.OLED_Clear), (56 bytes).
    Removing oled.o(.ARM.exidx.text.OLED_Clear), (8 bytes).
    Removing oled.o(.text.OLED_On), (56 bytes).
    Removing oled.o(.ARM.exidx.text.OLED_On), (8 bytes).
    Removing oled.o(.text.OLED_ShowChar), (174 bytes).
    Removing oled.o(.ARM.exidx.text.OLED_ShowChar), (8 bytes).
    Removing oled.o(.text.oled_pow), (24 bytes).
    Removing oled.o(.ARM.exidx.text.oled_pow), (8 bytes).
    Removing oled.o(.text.OLED_ShowNum), (154 bytes).
    Removing oled.o(.ARM.exidx.text.OLED_ShowNum), (8 bytes).
    Removing oled.o(.text.OLED_Showdecimal), (322 bytes).
    Removing oled.o(.ARM.exidx.text.OLED_Showdecimal), (8 bytes).
    Removing oled.o(.text.OLED_ShowString), (64 bytes).
    Removing oled.o(.ARM.exidx.text.OLED_ShowString), (8 bytes).
    Removing oled.o(.text.OLED_ShowCHinese), (118 bytes).
    Removing oled.o(.ARM.exidx.text.OLED_ShowCHinese), (8 bytes).
    Removing oled.o(.text.OLED_DrawBMP), (126 bytes).
    Removing oled.o(.ARM.exidx.text.OLED_DrawBMP), (8 bytes).
    Removing oled.o(.text.OLED_Init), (216 bytes).
    Removing oled.o(.ARM.exidx.text.OLED_Init), (8 bytes).
    Removing oled.o(.rodata.F6x8), (552 bytes).
    Removing oled.o(.rodata.F8X16), (1520 bytes).
    Removing oled.o(.data.Hzk), (256 bytes).
    Removing usart.o(.text), (0 bytes).
    Removing usart.o(.text._sys_exit), (2 bytes).
    Removing usart.o(.ARM.exidx.text._sys_exit), (8 bytes).
    Removing usart.o(.text.fputc), (20 bytes).
    Removing usart.o(.ARM.exidx.text.fputc), (8 bytes).
    Removing usart.o(.text.USART1_Init), (142 bytes).
    Removing usart.o(.ARM.exidx.text.USART1_Init), (8 bytes).
    Removing usart.o(.ARM.exidx.text.USART1_IRQHandler), (8 bytes).
    Removing usart.o(.text.USART1_Send), (58 bytes).
    Removing usart.o(.ARM.exidx.text.USART1_Send), (8 bytes).
    Removing usart.o(.bss.__stdout), (84 bytes).
    Removing iic.o(.text), (0 bytes).
    Removing iic.o(.text.IIC_Init), (76 bytes).
    Removing iic.o(.ARM.exidx.text.IIC_Init), (8 bytes).
    Removing iic.o(.text.SDA_OUT), (36 bytes).
    Removing iic.o(.ARM.exidx.text.SDA_OUT), (8 bytes).
    Removing iic.o(.text.SDA_IN), (34 bytes).
    Removing iic.o(.ARM.exidx.text.SDA_IN), (8 bytes).
    Removing iic.o(.text.IIC_Start), (68 bytes).
    Removing iic.o(.ARM.exidx.text.IIC_Start), (8 bytes).
    Removing iic.o(.text.IIC_Stop), (68 bytes).
    Removing iic.o(.ARM.exidx.text.IIC_Stop), (8 bytes).
    Removing iic.o(.text.IIC_Wait_Ack), (132 bytes).
    Removing iic.o(.ARM.exidx.text.IIC_Wait_Ack), (8 bytes).
    Removing iic.o(.text.IIC_Ack), (68 bytes).
    Removing iic.o(.ARM.exidx.text.IIC_Ack), (8 bytes).
    Removing iic.o(.text.IIC_NAck), (68 bytes).
    Removing iic.o(.ARM.exidx.text.IIC_NAck), (8 bytes).
    Removing iic.o(.text.IIC_Send_Byte), (102 bytes).
    Removing iic.o(.ARM.exidx.text.IIC_Send_Byte), (8 bytes).
    Removing iic.o(.text.IIC_Read_Byte), (178 bytes).
    Removing iic.o(.ARM.exidx.text.IIC_Read_Byte), (8 bytes).
    Removing encodeMotor.o(.text), (0 bytes).
    Removing encodeMotor.o(.ARM.exidx.text.Emotor_GPIO_Init), (8 bytes).
    Removing encodeMotor.o(.ARM.exidx.text.Emotor_PWM_TIM8_Init), (8 bytes).
    Removing encodeMotor.o(.text.Encoder_Init_TIM2), (206 bytes).
    Removing encodeMotor.o(.ARM.exidx.text.Encoder_Init_TIM2), (8 bytes).
    Removing encodeMotor.o(.text.Encoder_Init_TIM3), (176 bytes).
    Removing encodeMotor.o(.ARM.exidx.text.Encoder_Init_TIM3), (8 bytes).
    Removing encodeMotor.o(.text.Encoder_Init_TIM4), (176 bytes).
    Removing encodeMotor.o(.ARM.exidx.text.Encoder_Init_TIM4), (8 bytes).
    Removing encodeMotor.o(.text.Encoder_Init_TIM5), (176 bytes).
    Removing encodeMotor.o(.ARM.exidx.text.Encoder_Init_TIM5), (8 bytes).
    Removing encodeMotor.o(.text.Read_Encoder), (50 bytes).
    Removing encodeMotor.o(.ARM.exidx.text.Read_Encoder), (8 bytes).
    Removing encodeMotor.o(.ARM.exidx.text.TIM2_IRQHandler), (8 bytes).
    Removing encodeMotor.o(.ARM.exidx.text.TIM3_IRQHandler), (8 bytes).
    Removing encodeMotor.o(.ARM.exidx.text.TIM4_IRQHandler), (8 bytes).
    Removing encodeMotor.o(.ARM.exidx.text.TIM5_IRQHandler), (8 bytes).
    Removing steerEngine.o(.text), (0 bytes).
    Removing steerEngine.o(.ARM.exidx.text.Sengine_PWM_TIM4_Init), (8 bytes).
    Removing steerEngine.o(.ARM.exidx.text.Sengine_PWM_TIM5_Init), (8 bytes).
    Removing stepMotor.o(.text), (0 bytes).
    Removing stepMotor.o(.ARM.exidx.text.Smotor_GPIO_Init), (8 bytes).
    Removing stepMotor.o(.ARM.exidx.text.Smotor_PWM_TIM1_Init), (8 bytes).
    Removing stepMotor.o(.ARM.exidx.text.TIM1_UP_TIM10_IRQHandler), (8 bytes).
    Removing stepMotor.o(.ARM.exidx.text.TIM1_PWM_Output), (8 bytes).
    Removing encodingMotor.o(.text), (0 bytes).
    Removing encodingMotor.o(.ARM.exidx.text.Emotor_Init), (8 bytes).
    Removing encodingMotor.o(.ARM.exidx.text.Emotor_control), (8 bytes).
    Removing pid.o(.text), (0 bytes).
    Removing pid.o(.text.Incremental_PI_1), (90 bytes).
    Removing pid.o(.ARM.exidx.text.Incremental_PI_1), (8 bytes).
    Removing pid.o(.text.Incremental_PI_2), (90 bytes).
    Removing pid.o(.ARM.exidx.text.Incremental_PI_2), (8 bytes).
    Removing pid.o(.text.Incremental_PI_3), (90 bytes).
    Removing pid.o(.ARM.exidx.text.Incremental_PI_3), (8 bytes).
    Removing pid.o(.text.Incremental_PI_4), (90 bytes).
    Removing pid.o(.ARM.exidx.text.Incremental_PI_4), (8 bytes).
    Removing pid.o(.text.Limit_Pwm), (60 bytes).
    Removing pid.o(.ARM.exidx.text.Limit_Pwm), (8 bytes).
    Removing pid.o(.text.set_pid_target), (36 bytes).
    Removing pid.o(.ARM.exidx.text.set_pid_target), (8 bytes).
    Removing pid.o(.text.set_p_i_d), (88 bytes).
    Removing pid.o(.ARM.exidx.text.set_p_i_d), (8 bytes).
    Removing pid.o(.text.myabs), (8 bytes).
    Removing pid.o(.ARM.exidx.text.myabs), (8 bytes).
    Removing pid.o(.text.float_abs), (6 bytes).
    Removing pid.o(.ARM.exidx.text.float_abs), (8 bytes).
    Removing pid.o(.text.PID_param_init), (2 bytes).
    Removing pid.o(.ARM.exidx.text.PID_param_init), (8 bytes).
    Removing pid.o(.bss.EMOTOR_1), (40 bytes).
    Removing pid.o(.bss.EMOTOR_2), (40 bytes).
    Removing pid.o(.bss.EMOTOR_3), (40 bytes).
    Removing pid.o(.bss.EMOTOR_4), (40 bytes).
    Removing steppingMotor.o(.text), (0 bytes).
    Removing steppingMotor.o(.ARM.exidx.text.Smotor_Init), (8 bytes).
    Removing steppingMotor.o(.ARM.exidx.text.Start_motion), (8 bytes).
    Removing steppingMotor.o(.ARM.exidx.text.Smotor_Angle_control), (8 bytes).
    Removing steeringEngine.o(.text), (0 bytes).
    Removing steeringEngine.o(.ARM.exidx.text.Sengine_setAngle), (8 bytes).
    Removing steeringEngine.o(.ARM.exidx.text.Sengine_Init), (8 bytes).
    Removing Bluetooth_control.o(.text), (0 bytes).
    Removing Bluetooth_control.o(.text.Bluetooth_control_task), (100 bytes).
    Removing Bluetooth_control.o(.ARM.exidx.text.Bluetooth_control_task), (8 bytes).
    Removing main.o(.text), (0 bytes).
    Removing main.o(.ARM.exidx.text.main), (8 bytes).
    Removing main.o(.text.start_task), (88 bytes).
    Removing main.o(.ARM.exidx.text.start_task), (8 bytes).
    Removing main.o(.bss.StartTask_Handler), (4 bytes).
    Removing main.o(.ARM.use_no_argv), (4 bytes).
    Removing stm32f4xx_it.o(.text), (0 bytes).
    Removing stm32f4xx_it.o(.ARM.exidx.text.NMI_Handler), (8 bytes).
    Removing stm32f4xx_it.o(.ARM.exidx.text.HardFault_Handler), (8 bytes).
    Removing stm32f4xx_it.o(.ARM.exidx.text.MemManage_Handler), (8 bytes).
    Removing stm32f4xx_it.o(.ARM.exidx.text.BusFault_Handler), (8 bytes).
    Removing stm32f4xx_it.o(.ARM.exidx.text.UsageFault_Handler), (8 bytes).
    Removing stm32f4xx_it.o(.ARM.exidx.text.DebugMon_Handler), (8 bytes).

894 unused section(s) (total 108520 bytes) removed from the image.

==============================================================================

Image Symbol Table

    Local Symbols

    Symbol Name                              Value     Ov Type        Size  Object(Section)

    ../clib/microlib/init/entry.s            0x00000000   Number         0  entry.o ABSOLUTE
    ../clib/microlib/init/entry.s            0x00000000   Number         0  entry2.o ABSOLUTE
    ../clib/microlib/init/entry.s            0x00000000   Number         0  entry5.o ABSOLUTE
    ../clib/microlib/init/entry.s            0x00000000   Number         0  entry7a.o ABSOLUTE
    ../clib/microlib/init/entry.s            0x00000000   Number         0  entry7b.o ABSOLUTE
    ../clib/microlib/init/entry.s            0x00000000   Number         0  entry8a.o ABSOLUTE
    ../clib/microlib/init/entry.s            0x00000000   Number         0  entry8b.o ABSOLUTE
    ../clib/microlib/init/entry.s            0x00000000   Number         0  entry9a.o ABSOLUTE
    ../clib/microlib/init/entry.s            0x00000000   Number         0  entry9b.o ABSOLUTE
    ../clib/microlib/init/entry.s            0x00000000   Number         0  entry10a.o ABSOLUTE
    ../clib/microlib/init/entry.s            0x00000000   Number         0  entry10b.o ABSOLUTE
    ../clib/microlib/init/entry.s            0x00000000   Number         0  entry11a.o ABSOLUTE
    ../clib/microlib/init/entry.s            0x00000000   Number         0  entry11b.o ABSOLUTE
    ../clib/microlib/string/memcpy.c         0x00000000   Number         0  memcpya.o ABSOLUTE
    ../clib/microlib/string/memcpy.c         0x00000000   Number         0  memcpyb.o ABSOLUTE
    ../clib/microlib/string/memset.c         0x00000000   Number         0  memseta.o ABSOLUTE
    ../clib/microlib/stubs.s                 0x00000000   Number         0  useno.o ABSOLUTE
    Bluetooth_control.c                      0x00000000   Number         0  Bluetooth_control.o ABSOLUTE
    E:/Projectfilestorage/Keil5/AHrobot/Libraries/CMSIS/startup_stm32f40_41xxx.s 0x00000000   Number         0  startup_stm32f40_41xxx.o ABSOLUTE
    SysTick.c                                0x00000000   Number         0  SysTick.o ABSOLUTE
    croutine.c                               0x00000000   Number         0  croutine.o ABSOLUTE
    dc.s                                     0x00000000   Number         0  dc.o ABSOLUTE
    encodeMotor.c                            0x00000000   Number         0  encodeMotor.o ABSOLUTE
    encodingMotor.c                          0x00000000   Number         0  encodingMotor.o ABSOLUTE
    event_groups.c                           0x00000000   Number         0  event_groups.o ABSOLUTE
    handlers.s                               0x00000000   Number         0  handlers.o ABSOLUTE
    heap_4.c                                 0x00000000   Number         0  heap_4.o ABSOLUTE
    iic.c                                    0x00000000   Number         0  iic.o ABSOLUTE
    init.s                                   0x00000000   Number         0  init.o ABSOLUTE
    led.c                                    0x00000000   Number         0  led.o ABSOLUTE
    list.c                                   0x00000000   Number         0  list.o ABSOLUTE
    main.c                                   0x00000000   Number         0  main.o ABSOLUTE
    misc.c                                   0x00000000   Number         0  misc.o ABSOLUTE
    oled.c                                   0x00000000   Number         0  oled.o ABSOLUTE
    pid.c                                    0x00000000   Number         0  pid.o ABSOLUTE
    port.c                                   0x00000000   Number         0  port.o ABSOLUTE
    queue.c                                  0x00000000   Number         0  queue.o ABSOLUTE
    steerEngine.c                            0x00000000   Number         0  steerEngine.o ABSOLUTE
    steeringEngine.c                         0x00000000   Number         0  steeringEngine.o ABSOLUTE
    stepMotor.c                              0x00000000   Number         0  stepMotor.o ABSOLUTE
    steppingMotor.c                          0x00000000   Number         0  steppingMotor.o ABSOLUTE
    stm32f4xx_exti.c                         0x00000000   Number         0  stm32f4xx_exti.o ABSOLUTE
    stm32f4xx_gpio.c                         0x00000000   Number         0  stm32f4xx_gpio.o ABSOLUTE
    stm32f4xx_i2c.c                          0x00000000   Number         0  stm32f4xx_i2c.o ABSOLUTE
    stm32f4xx_it.c                           0x00000000   Number         0  stm32f4xx_it.o ABSOLUTE
    stm32f4xx_rcc.c                          0x00000000   Number         0  stm32f4xx_rcc.o ABSOLUTE
    stm32f4xx_syscfg.c                       0x00000000   Number         0  stm32f4xx_syscfg.o ABSOLUTE
    stm32f4xx_tim.c                          0x00000000   Number         0  stm32f4xx_tim.o ABSOLUTE
    stm32f4xx_usart.c                        0x00000000   Number         0  stm32f4xx_usart.o ABSOLUTE
    system.c                                 0x00000000   Number         0  system.o ABSOLUTE
    system_stm32f4xx.c                       0x00000000   Number         0  system_stm32f4xx.o ABSOLUTE
    tasks.c                                  0x00000000   Number         0  tasks.o ABSOLUTE
    timers.c                                 0x00000000   Number         0  timers.o ABSOLUTE
    uart.c                                   0x00000000   Number         0  uart.o ABSOLUTE
    usart.c                                  0x00000000   Number         0  usart.o ABSOLUTE
    RESET                                    0x08000000   Section      392  startup_stm32f40_41xxx.o(RESET)
    .ARM.Collect$$$$00000000                 0x08000188   Section        0  entry.o(.ARM.Collect$$$$00000000)
    .ARM.Collect$$$$00000001                 0x08000188   Section        4  entry2.o(.ARM.Collect$$$$00000001)
    .ARM.Collect$$$$00000004                 0x0800018c   Section        4  entry5.o(.ARM.Collect$$$$00000004)
    .ARM.Collect$$$$00000008                 0x08000190   Section        0  entry7b.o(.ARM.Collect$$$$00000008)
    .ARM.Collect$$$$0000000A                 0x08000190   Section        0  entry8b.o(.ARM.Collect$$$$0000000A)
    .ARM.Collect$$$$0000000B                 0x08000190   Section        8  entry9a.o(.ARM.Collect$$$$0000000B)
    __lit__00000000                          0x08000198   Data           4  entry2.o(.ARM.Collect$$$$00002712)
    .ARM.Collect$$$$0000000D                 0x08000198   Section        0  entry10a.o(.ARM.Collect$$$$0000000D)
    .ARM.Collect$$$$0000000F                 0x08000198   Section        0  entry11a.o(.ARM.Collect$$$$0000000F)
    .ARM.Collect$$$$00002712                 0x08000198   Section        4  entry2.o(.ARM.Collect$$$$00002712)
    $v0                                      0x0800019c   Number         0  startup_stm32f40_41xxx.o(.text)
    .text                                    0x0800019c   Section       36  startup_stm32f40_41xxx.o(.text)
    .text                                    0x080001c0   Section       48  init.o(.text)
    [Anonymous Symbol]                       0x080001f0   Section        0  stm32f4xx_it.o(.text.BusFault_Handler)
    [Anonymous Symbol]                       0x080001f4   Section        0  stm32f4xx_it.o(.text.DebugMon_Handler)
    [Anonymous Symbol]                       0x080001f8   Section        0  encodeMotor.o(.text.Emotor_GPIO_Init)
    [Anonymous Symbol]                       0x08000224   Section        0  encodingMotor.o(.text.Emotor_Init)
    [Anonymous Symbol]                       0x08000238   Section        0  encodeMotor.o(.text.Emotor_PWM_TIM8_Init)
    [Anonymous Symbol]                       0x08000330   Section        0  encodingMotor.o(.text.Emotor_control)
    [Anonymous Symbol]                       0x080003fc   Section        0  stm32f4xx_gpio.o(.text.GPIO_Init)
    [Anonymous Symbol]                       0x08000488   Section        0  stm32f4xx_gpio.o(.text.GPIO_PinAFConfig)
    [Anonymous Symbol]                       0x080004b0   Section        0  stm32f4xx_gpio.o(.text.GPIO_SetBits)
    [Anonymous Symbol]                       0x080004b4   Section        0  stm32f4xx_gpio.o(.text.GPIO_StructInit)
    [Anonymous Symbol]                       0x080004c0   Section        0  stm32f4xx_it.o(.text.HardFault_Handler)
    [Anonymous Symbol]                       0x080004c4   Section        0  led.o(.text.LED_Init)
    [Anonymous Symbol]                       0x08000518   Section        0  stm32f4xx_it.o(.text.MemManage_Handler)
    [Anonymous Symbol]                       0x0800051c   Section        0  stm32f4xx_it.o(.text.NMI_Handler)
    [Anonymous Symbol]                       0x08000520   Section        0  misc.o(.text.NVIC_Init)
    [Anonymous Symbol]                       0x08000584   Section        0  misc.o(.text.NVIC_PriorityGroupConfig)
    [Anonymous Symbol]                       0x080005a0   Section        0  port.o(.text.PendSV_Handler)
    pxCurrentTCBConst                        0x08000600   Number         0  port.o(.text.PendSV_Handler)
    [Anonymous Symbol]                       0x08000604   Section        0  stm32f4xx_rcc.o(.text.RCC_AHB1PeriphClockCmd)
    [Anonymous Symbol]                       0x0800061c   Section        0  stm32f4xx_rcc.o(.text.RCC_APB1PeriphClockCmd)
    [Anonymous Symbol]                       0x08000634   Section        0  stm32f4xx_rcc.o(.text.RCC_APB2PeriphClockCmd)
    [Anonymous Symbol]                       0x08000650   Section        0  port.o(.text.SVC_Handler)
    pxCurrentTCBConst2                       0x08000670   Number         0  port.o(.text.SVC_Handler)
    [Anonymous Symbol]                       0x08000674   Section        0  steeringEngine.o(.text.Sengine_Init)
    [Anonymous Symbol]                       0x08000690   Section        0  steerEngine.o(.text.Sengine_PWM_TIM4_Init)
    [Anonymous Symbol]                       0x08000780   Section        0  steerEngine.o(.text.Sengine_PWM_TIM5_Init)
    [Anonymous Symbol]                       0x0800083c   Section        0  steeringEngine.o(.text.Sengine_setAngle)
    [Anonymous Symbol]                       0x08000918   Section        0  steppingMotor.o(.text.Smotor_Angle_control)
    [Anonymous Symbol]                       0x080009c0   Section        0  stepMotor.o(.text.Smotor_GPIO_Init)
    [Anonymous Symbol]                       0x080009f4   Section        0  steppingMotor.o(.text.Smotor_Init)
    [Anonymous Symbol]                       0x08000a08   Section        0  stepMotor.o(.text.Smotor_PWM_TIM1_Init)
    [Anonymous Symbol]                       0x08000b5c   Section        0  steppingMotor.o(.text.Start_motion)
    [Anonymous Symbol]                       0x08000c18   Section        0  misc.o(.text.SysTick_CLKSourceConfig)
    [Anonymous Symbol]                       0x08000c30   Section        0  port.o(.text.SysTick_Handler)
    [Anonymous Symbol]                       0x08000c60   Section        0  SysTick.o(.text.SysTick_Init)
    [Anonymous Symbol]                       0x08000c8c   Section        0  system_stm32f4xx.o(.text.SystemInit)
    [Anonymous Symbol]                       0x08000d84   Section        0  stepMotor.o(.text.TIM1_PWM_Output)
    [Anonymous Symbol]                       0x08000de0   Section        0  stepMotor.o(.text.TIM1_UP_TIM10_IRQHandler)
    [Anonymous Symbol]                       0x08000e08   Section        0  encodeMotor.o(.text.TIM2_IRQHandler)
    [Anonymous Symbol]                       0x08000e1c   Section        0  encodeMotor.o(.text.TIM3_IRQHandler)
    [Anonymous Symbol]                       0x08000e30   Section        0  encodeMotor.o(.text.TIM4_IRQHandler)
    [Anonymous Symbol]                       0x08000e44   Section        0  encodeMotor.o(.text.TIM5_IRQHandler)
    [Anonymous Symbol]                       0x08000e58   Section        0  stm32f4xx_tim.o(.text.TIM_ARRPreloadConfig)
    [Anonymous Symbol]                       0x08000e6c   Section        0  stm32f4xx_tim.o(.text.TIM_CCxCmd)
    [Anonymous Symbol]                       0x08000e8c   Section        0  stm32f4xx_tim.o(.text.TIM_ClearITPendingBit)
    [Anonymous Symbol]                       0x08000e94   Section        0  stm32f4xx_tim.o(.text.TIM_Cmd)
    [Anonymous Symbol]                       0x08000ea8   Section        0  stm32f4xx_tim.o(.text.TIM_CtrlPWMOutputs)
    [Anonymous Symbol]                       0x08000ec0   Section        0  stm32f4xx_tim.o(.text.TIM_GetITStatus)
    [Anonymous Symbol]                       0x08000ed8   Section        0  stm32f4xx_tim.o(.text.TIM_ITConfig)
    [Anonymous Symbol]                       0x08000ee8   Section        0  stm32f4xx_tim.o(.text.TIM_OC1Init)
    [Anonymous Symbol]                       0x08000f50   Section        0  stm32f4xx_tim.o(.text.TIM_OC1PreloadConfig)
    [Anonymous Symbol]                       0x08000f5c   Section        0  stm32f4xx_tim.o(.text.TIM_OC2Init)
    [Anonymous Symbol]                       0x08000fcc   Section        0  stm32f4xx_tim.o(.text.TIM_OC2PreloadConfig)
    [Anonymous Symbol]                       0x08000fdc   Section        0  stm32f4xx_tim.o(.text.TIM_OC3Init)
    [Anonymous Symbol]                       0x0800104c   Section        0  stm32f4xx_tim.o(.text.TIM_OC3PreloadConfig)
    [Anonymous Symbol]                       0x08001058   Section        0  stm32f4xx_tim.o(.text.TIM_OC4Init)
    [Anonymous Symbol]                       0x080010ac   Section        0  stm32f4xx_tim.o(.text.TIM_OC4PreloadConfig)
    [Anonymous Symbol]                       0x080010bc   Section        0  stm32f4xx_tim.o(.text.TIM_PrescalerConfig)
    [Anonymous Symbol]                       0x080010c4   Section        0  stm32f4xx_tim.o(.text.TIM_SetAutoreload)
    [Anonymous Symbol]                       0x080010c8   Section        0  stm32f4xx_tim.o(.text.TIM_SetCompare1)
    [Anonymous Symbol]                       0x080010cc   Section        0  stm32f4xx_tim.o(.text.TIM_SetCompare2)
    [Anonymous Symbol]                       0x080010d0   Section        0  stm32f4xx_tim.o(.text.TIM_SetCompare3)
    [Anonymous Symbol]                       0x080010d4   Section        0  stm32f4xx_tim.o(.text.TIM_SetCompare4)
    [Anonymous Symbol]                       0x080010d8   Section        0  stm32f4xx_tim.o(.text.TIM_TimeBaseInit)
    [Anonymous Symbol]                       0x0800116c   Section        0  stm32f4xx_tim.o(.text.TIM_UpdateRequestConfig)
    [Anonymous Symbol]                       0x08001180   Section        0  usart.o(.text.USART1_IRQHandler)
    [Anonymous Symbol]                       0x08001210   Section        0  stm32f4xx_usart.o(.text.USART_ClearITPendingBit)
    [Anonymous Symbol]                       0x08001220   Section        0  stm32f4xx_usart.o(.text.USART_GetFlagStatus)
    [Anonymous Symbol]                       0x0800122c   Section        0  stm32f4xx_usart.o(.text.USART_GetITStatus)
    [Anonymous Symbol]                       0x08001260   Section        0  stm32f4xx_usart.o(.text.USART_ReceiveData)
    [Anonymous Symbol]                       0x08001268   Section        0  stm32f4xx_usart.o(.text.USART_SendData)
    [Anonymous Symbol]                       0x08001270   Section        0  stm32f4xx_it.o(.text.UsageFault_Handler)
    [Anonymous Symbol]                       0x08001274   Section        0  SysTick.o(.text.delay_ms)
    [Anonymous Symbol]                       0x08001300   Section        0  main.o(.text.main)
    [Anonymous Symbol]                       0x080013c0   Section        0  list.o(.text.uxListRemove)
    [Anonymous Symbol]                       0x080013e4   Section        0  list.o(.text.vListInsertEnd)
    [Anonymous Symbol]                       0x08001400   Section        0  tasks.o(.text.vTaskSwitchContext)
    [Anonymous Symbol]                       0x08001488   Section        0  tasks.o(.text.xTaskIncrementTick)
    i.__scatterload_copy                     0x08001608   Section       14  handlers.o(i.__scatterload_copy)
    i.__scatterload_null                     0x08001616   Section        2  handlers.o(i.__scatterload_null)
    i.__scatterload_zeroinit                 0x08001618   Section       14  handlers.o(i.__scatterload_zeroinit)
    USART1_IRQHandler.Count                  0x20000028   Data           1  usart.o(.bss.USART1_IRQHandler.Count)
    [Anonymous Symbol]                       0x20000028   Section        0  usart.o(.bss.USART1_IRQHandler.Count)
    fac_ms                                   0x2000002a   Data           2  SysTick.o(.bss.fac_ms)
    [Anonymous Symbol]                       0x2000002a   Section        0  SysTick.o(.bss.fac_ms)
    fac_us                                   0x2000002c   Data           1  SysTick.o(.bss.fac_us)
    [Anonymous Symbol]                       0x2000002c   Section        0  SysTick.o(.bss.fac_us)
    pxDelayedTaskList                        0x20000034   Data           4  tasks.o(.bss.pxDelayedTaskList)
    [Anonymous Symbol]                       0x20000034   Section        0  tasks.o(.bss.pxDelayedTaskList)
    pxOverflowDelayedTaskList                0x20000038   Data           4  tasks.o(.bss.pxOverflowDelayedTaskList)
    [Anonymous Symbol]                       0x20000038   Section        0  tasks.o(.bss.pxOverflowDelayedTaskList)
    pxReadyTasksLists                        0x2000003c   Data         100  tasks.o(.bss.pxReadyTasksLists)
    [Anonymous Symbol]                       0x2000003c   Section        0  tasks.o(.bss.pxReadyTasksLists)
    uxPendedTicks                            0x200000a0   Data           4  tasks.o(.bss.uxPendedTicks)
    [Anonymous Symbol]                       0x200000a0   Section        0  tasks.o(.bss.uxPendedTicks)
    uxSchedulerSuspended                     0x200000a4   Data           4  tasks.o(.bss.uxSchedulerSuspended)
    [Anonymous Symbol]                       0x200000a4   Section        0  tasks.o(.bss.uxSchedulerSuspended)
    uxTopReadyPriority                       0x200000a8   Data           4  tasks.o(.bss.uxTopReadyPriority)
    [Anonymous Symbol]                       0x200000a8   Section        0  tasks.o(.bss.uxTopReadyPriority)
    xNextTaskUnblockTime                     0x200000ac   Data           4  tasks.o(.bss.xNextTaskUnblockTime)
    [Anonymous Symbol]                       0x200000ac   Section        0  tasks.o(.bss.xNextTaskUnblockTime)
    xNumOfOverflows                          0x200000b0   Data           4  tasks.o(.bss.xNumOfOverflows)
    [Anonymous Symbol]                       0x200000b0   Section        0  tasks.o(.bss.xNumOfOverflows)
    xTickCount                               0x200000b4   Data           4  tasks.o(.bss.xTickCount)
    [Anonymous Symbol]                       0x200000b4   Section        0  tasks.o(.bss.xTickCount)
    xYieldPending                            0x200000b8   Data           4  tasks.o(.bss.xYieldPending)
    [Anonymous Symbol]                       0x200000b8   Section        0  tasks.o(.bss.xYieldPending)
    STACK                                    0x200000c0   Section     1024  startup_stm32f40_41xxx.o(STACK)

    Global Symbols

    Symbol Name                              Value     Ov Type        Size  Object(Section)

    BuildAttributes$$THM_ISAv4$E$P$D$K$B$S$7EM$VFPi3$EXTD16$VFPS$VFMA$PE$A:L22UL41UL21$X:L11$S22US41US21$IEEE1$IW$~IW$USESV6$~STKCKD$USESV7$~SHL$OTIME$EBA8$MICROLIB$REQ8$PRES8$EABIv2 0x00000000   Number         0  anon$$obj.o ABSOLUTE
    __use_no_errno                           0x00000000   Number         0  useno.o ABSOLUTE
    __use_no_exception_handling              0x00000000   Number         0  useno.o ABSOLUTE
    __use_no_fp                              0x00000000   Number         0  useno.o ABSOLUTE
    __use_no_heap                            0x00000000   Number         0  useno.o ABSOLUTE
    __use_no_heap_region                     0x00000000   Number         0  useno.o ABSOLUTE
    __use_no_semihosting                     0x00000000   Number         0  useno.o ABSOLUTE
    __use_no_semihosting_swi                 0x00000000   Number         0  useno.o ABSOLUTE
    __use_no_signal_handling                 0x00000000   Number         0  useno.o ABSOLUTE
    __cpp_initialize__aeabi_                  - Undefined Weak Reference
    __cxa_finalize                            - Undefined Weak Reference
    __decompress                              - Undefined Weak Reference
    _clock_init                               - Undefined Weak Reference
    _microlib_exit                            - Undefined Weak Reference
    __Vectors_Size                           0x00000188   Number         0  startup_stm32f40_41xxx.o ABSOLUTE
    __Vectors                                0x08000000   Data           4  startup_stm32f40_41xxx.o(RESET)
    __Vectors_End                            0x08000188   Data           0  startup_stm32f40_41xxx.o(RESET)
    __main                                   0x08000189   Thumb Code     0  entry.o(.ARM.Collect$$$$00000000)
    _main_stk                                0x08000189   Thumb Code     0  entry2.o(.ARM.Collect$$$$00000001)
    _main_scatterload                        0x0800018d   Thumb Code     0  entry5.o(.ARM.Collect$$$$00000004)
    __main_after_scatterload                 0x08000191   Thumb Code     0  entry5.o(.ARM.Collect$$$$00000004)
    _main_clock                              0x08000191   Thumb Code     0  entry7b.o(.ARM.Collect$$$$00000008)
    _main_cpp_init                           0x08000191   Thumb Code     0  entry8b.o(.ARM.Collect$$$$0000000A)
    _main_init                               0x08000191   Thumb Code     0  entry9a.o(.ARM.Collect$$$$0000000B)
    __rt_final_cpp                           0x08000199   Thumb Code     0  entry10a.o(.ARM.Collect$$$$0000000D)
    __rt_final_exit                          0x08000199   Thumb Code     0  entry11a.o(.ARM.Collect$$$$0000000F)
    Reset_Handler                            0x0800019d   Thumb Code     8  startup_stm32f40_41xxx.o(.text)
    ADC_IRQHandler                           0x080001b7   Thumb Code     0  startup_stm32f40_41xxx.o(.text)
    CAN1_RX0_IRQHandler                      0x080001b7   Thumb Code     0  startup_stm32f40_41xxx.o(.text)
    CAN1_RX1_IRQHandler                      0x080001b7   Thumb Code     0  startup_stm32f40_41xxx.o(.text)
    CAN1_SCE_IRQHandler                      0x080001b7   Thumb Code     0  startup_stm32f40_41xxx.o(.text)
    CAN1_TX_IRQHandler                       0x080001b7   Thumb Code     0  startup_stm32f40_41xxx.o(.text)
    CAN2_RX0_IRQHandler                      0x080001b7   Thumb Code     0  startup_stm32f40_41xxx.o(.text)
    CAN2_RX1_IRQHandler                      0x080001b7   Thumb Code     0  startup_stm32f40_41xxx.o(.text)
    CAN2_SCE_IRQHandler                      0x080001b7   Thumb Code     0  startup_stm32f40_41xxx.o(.text)
    CAN2_TX_IRQHandler                       0x080001b7   Thumb Code     0  startup_stm32f40_41xxx.o(.text)
    CRYP_IRQHandler                          0x080001b7   Thumb Code     0  startup_stm32f40_41xxx.o(.text)
    DCMI_IRQHandler                          0x080001b7   Thumb Code     0  startup_stm32f40_41xxx.o(.text)
    DMA1_Stream0_IRQHandler                  0x080001b7   Thumb Code     0  startup_stm32f40_41xxx.o(.text)
    DMA1_Stream1_IRQHandler                  0x080001b7   Thumb Code     0  startup_stm32f40_41xxx.o(.text)
    DMA1_Stream2_IRQHandler                  0x080001b7   Thumb Code     0  startup_stm32f40_41xxx.o(.text)
    DMA1_Stream3_IRQHandler                  0x080001b7   Thumb Code     0  startup_stm32f40_41xxx.o(.text)
    DMA1_Stream4_IRQHandler                  0x080001b7   Thumb Code     0  startup_stm32f40_41xxx.o(.text)
    DMA1_Stream5_IRQHandler                  0x080001b7   Thumb Code     0  startup_stm32f40_41xxx.o(.text)
    DMA1_Stream6_IRQHandler                  0x080001b7   Thumb Code     0  startup_stm32f40_41xxx.o(.text)
    DMA1_Stream7_IRQHandler                  0x080001b7   Thumb Code     0  startup_stm32f40_41xxx.o(.text)
    DMA2_Stream0_IRQHandler                  0x080001b7   Thumb Code     0  startup_stm32f40_41xxx.o(.text)
    DMA2_Stream1_IRQHandler                  0x080001b7   Thumb Code     0  startup_stm32f40_41xxx.o(.text)
    DMA2_Stream2_IRQHandler                  0x080001b7   Thumb Code     0  startup_stm32f40_41xxx.o(.text)
    DMA2_Stream3_IRQHandler                  0x080001b7   Thumb Code     0  startup_stm32f40_41xxx.o(.text)
    DMA2_Stream4_IRQHandler                  0x080001b7   Thumb Code     0  startup_stm32f40_41xxx.o(.text)
    DMA2_Stream5_IRQHandler                  0x080001b7   Thumb Code     0  startup_stm32f40_41xxx.o(.text)
    DMA2_Stream6_IRQHandler                  0x080001b7   Thumb Code     0  startup_stm32f40_41xxx.o(.text)
    DMA2_Stream7_IRQHandler                  0x080001b7   Thumb Code     0  startup_stm32f40_41xxx.o(.text)
    ETH_IRQHandler                           0x080001b7   Thumb Code     0  startup_stm32f40_41xxx.o(.text)
    ETH_WKUP_IRQHandler                      0x080001b7   Thumb Code     0  startup_stm32f40_41xxx.o(.text)
    EXTI0_IRQHandler                         0x080001b7   Thumb Code     0  startup_stm32f40_41xxx.o(.text)
    EXTI15_10_IRQHandler                     0x080001b7   Thumb Code     0  startup_stm32f40_41xxx.o(.text)
    EXTI1_IRQHandler                         0x080001b7   Thumb Code     0  startup_stm32f40_41xxx.o(.text)
    EXTI2_IRQHandler                         0x080001b7   Thumb Code     0  startup_stm32f40_41xxx.o(.text)
    EXTI3_IRQHandler                         0x080001b7   Thumb Code     0  startup_stm32f40_41xxx.o(.text)
    EXTI4_IRQHandler                         0x080001b7   Thumb Code     0  startup_stm32f40_41xxx.o(.text)
    EXTI9_5_IRQHandler                       0x080001b7   Thumb Code     0  startup_stm32f40_41xxx.o(.text)
    FLASH_IRQHandler                         0x080001b7   Thumb Code     0  startup_stm32f40_41xxx.o(.text)
    FPU_IRQHandler                           0x080001b7   Thumb Code     0  startup_stm32f40_41xxx.o(.text)
    FSMC_IRQHandler                          0x080001b7   Thumb Code     0  startup_stm32f40_41xxx.o(.text)
    HASH_RNG_IRQHandler                      0x080001b7   Thumb Code     0  startup_stm32f40_41xxx.o(.text)
    I2C1_ER_IRQHandler                       0x080001b7   Thumb Code     0  startup_stm32f40_41xxx.o(.text)
    I2C1_EV_IRQHandler                       0x080001b7   Thumb Code     0  startup_stm32f40_41xxx.o(.text)
    I2C2_ER_IRQHandler                       0x080001b7   Thumb Code     0  startup_stm32f40_41xxx.o(.text)
    I2C2_EV_IRQHandler                       0x080001b7   Thumb Code     0  startup_stm32f40_41xxx.o(.text)
    I2C3_ER_IRQHandler                       0x080001b7   Thumb Code     0  startup_stm32f40_41xxx.o(.text)
    I2C3_EV_IRQHandler                       0x080001b7   Thumb Code     0  startup_stm32f40_41xxx.o(.text)
    OTG_FS_IRQHandler                        0x080001b7   Thumb Code     0  startup_stm32f40_41xxx.o(.text)
    OTG_FS_WKUP_IRQHandler                   0x080001b7   Thumb Code     0  startup_stm32f40_41xxx.o(.text)
    OTG_HS_EP1_IN_IRQHandler                 0x080001b7   Thumb Code     0  startup_stm32f40_41xxx.o(.text)
    OTG_HS_EP1_OUT_IRQHandler                0x080001b7   Thumb Code     0  startup_stm32f40_41xxx.o(.text)
    OTG_HS_IRQHandler                        0x080001b7   Thumb Code     0  startup_stm32f40_41xxx.o(.text)
    OTG_HS_WKUP_IRQHandler                   0x080001b7   Thumb Code     0  startup_stm32f40_41xxx.o(.text)
    PVD_IRQHandler                           0x080001b7   Thumb Code     0  startup_stm32f40_41xxx.o(.text)
    RCC_IRQHandler                           0x080001b7   Thumb Code     0  startup_stm32f40_41xxx.o(.text)
    RTC_Alarm_IRQHandler                     0x080001b7   Thumb Code     0  startup_stm32f40_41xxx.o(.text)
    RTC_WKUP_IRQHandler                      0x080001b7   Thumb Code     0  startup_stm32f40_41xxx.o(.text)
    SDIO_IRQHandler                          0x080001b7   Thumb Code     0  startup_stm32f40_41xxx.o(.text)
    SPI1_IRQHandler                          0x080001b7   Thumb Code     0  startup_stm32f40_41xxx.o(.text)
    SPI2_IRQHandler                          0x080001b7   Thumb Code     0  startup_stm32f40_41xxx.o(.text)
    SPI3_IRQHandler                          0x080001b7   Thumb Code     0  startup_stm32f40_41xxx.o(.text)
    TAMP_STAMP_IRQHandler                    0x080001b7   Thumb Code     0  startup_stm32f40_41xxx.o(.text)
    TIM1_BRK_TIM9_IRQHandler                 0x080001b7   Thumb Code     0  startup_stm32f40_41xxx.o(.text)
    TIM1_CC_IRQHandler                       0x080001b7   Thumb Code     0  startup_stm32f40_41xxx.o(.text)
    TIM1_TRG_COM_TIM11_IRQHandler            0x080001b7   Thumb Code     0  startup_stm32f40_41xxx.o(.text)
    TIM6_DAC_IRQHandler                      0x080001b7   Thumb Code     0  startup_stm32f40_41xxx.o(.text)
    TIM7_IRQHandler                          0x080001b7   Thumb Code     0  startup_stm32f40_41xxx.o(.text)
    TIM8_BRK_TIM12_IRQHandler                0x080001b7   Thumb Code     0  startup_stm32f40_41xxx.o(.text)
    TIM8_CC_IRQHandler                       0x080001b7   Thumb Code     0  startup_stm32f40_41xxx.o(.text)
    TIM8_TRG_COM_TIM14_IRQHandler            0x080001b7   Thumb Code     0  startup_stm32f40_41xxx.o(.text)
    TIM8_UP_TIM13_IRQHandler                 0x080001b7   Thumb Code     0  startup_stm32f40_41xxx.o(.text)
    UART4_IRQHandler                         0x080001b7   Thumb Code     0  startup_stm32f40_41xxx.o(.text)
    UART5_IRQHandler                         0x080001b7   Thumb Code     0  startup_stm32f40_41xxx.o(.text)
    USART2_IRQHandler                        0x080001b7   Thumb Code     0  startup_stm32f40_41xxx.o(.text)
    USART3_IRQHandler                        0x080001b7   Thumb Code     0  startup_stm32f40_41xxx.o(.text)
    USART6_IRQHandler                        0x080001b7   Thumb Code     0  startup_stm32f40_41xxx.o(.text)
    WWDG_IRQHandler                          0x080001b7   Thumb Code     0  startup_stm32f40_41xxx.o(.text)
    __scatterload                            0x080001c1   Thumb Code    38  init.o(.text)
    __scatterload_rt2                        0x080001c1   Thumb Code     0  init.o(.text)
    BusFault_Handler                         0x080001f1   Thumb Code     2  stm32f4xx_it.o(.text.BusFault_Handler)
    DebugMon_Handler                         0x080001f5   Thumb Code     2  stm32f4xx_it.o(.text.DebugMon_Handler)
    Emotor_GPIO_Init                         0x080001f9   Thumb Code    42  encodeMotor.o(.text.Emotor_GPIO_Init)
    Emotor_Init                              0x08000225   Thumb Code    20  encodingMotor.o(.text.Emotor_Init)
    Emotor_PWM_TIM8_Init                     0x08000239   Thumb Code   246  encodeMotor.o(.text.Emotor_PWM_TIM8_Init)
    Emotor_control                           0x08000331   Thumb Code   204  encodingMotor.o(.text.Emotor_control)
    GPIO_Init                                0x080003fd   Thumb Code   138  stm32f4xx_gpio.o(.text.GPIO_Init)
    GPIO_PinAFConfig                         0x08000489   Thumb Code    40  stm32f4xx_gpio.o(.text.GPIO_PinAFConfig)
    GPIO_SetBits                             0x080004b1   Thumb Code     4  stm32f4xx_gpio.o(.text.GPIO_SetBits)
    GPIO_StructInit                          0x080004b5   Thumb Code    12  stm32f4xx_gpio.o(.text.GPIO_StructInit)
    HardFault_Handler                        0x080004c1   Thumb Code     2  stm32f4xx_it.o(.text.HardFault_Handler)
    LED_Init                                 0x080004c5   Thumb Code    84  led.o(.text.LED_Init)
    MemManage_Handler                        0x08000519   Thumb Code     2  stm32f4xx_it.o(.text.MemManage_Handler)
    NMI_Handler                              0x0800051d   Thumb Code     2  stm32f4xx_it.o(.text.NMI_Handler)
    NVIC_Init                                0x08000521   Thumb Code    98  misc.o(.text.NVIC_Init)
    NVIC_PriorityGroupConfig                 0x08000585   Thumb Code    20  misc.o(.text.NVIC_PriorityGroupConfig)
    PendSV_Handler                           0x080005a1   Thumb Code   100  port.o(.text.PendSV_Handler)
    RCC_AHB1PeriphClockCmd                   0x08000605   Thumb Code    24  stm32f4xx_rcc.o(.text.RCC_AHB1PeriphClockCmd)
    RCC_APB1PeriphClockCmd                   0x0800061d   Thumb Code    24  stm32f4xx_rcc.o(.text.RCC_APB1PeriphClockCmd)
    RCC_APB2PeriphClockCmd                   0x08000635   Thumb Code    24  stm32f4xx_rcc.o(.text.RCC_APB2PeriphClockCmd)
    SVC_Handler                              0x08000651   Thumb Code    36  port.o(.text.SVC_Handler)
    Sengine_Init                             0x08000675   Thumb Code    26  steeringEngine.o(.text.Sengine_Init)
    Sengine_PWM_TIM4_Init                    0x08000691   Thumb Code   238  steerEngine.o(.text.Sengine_PWM_TIM4_Init)
    Sengine_PWM_TIM5_Init                    0x08000781   Thumb Code   186  steerEngine.o(.text.Sengine_PWM_TIM5_Init)
    Sengine_setAngle                         0x0800083d   Thumb Code   204  steeringEngine.o(.text.Sengine_setAngle)
    Smotor_Angle_control                     0x08000919   Thumb Code   166  steppingMotor.o(.text.Smotor_Angle_control)
    Smotor_GPIO_Init                         0x080009c1   Thumb Code    50  stepMotor.o(.text.Smotor_GPIO_Init)
    Smotor_Init                              0x080009f5   Thumb Code    20  steppingMotor.o(.text.Smotor_Init)
    Smotor_PWM_TIM1_Init                     0x08000a09   Thumb Code   338  stepMotor.o(.text.Smotor_PWM_TIM1_Init)
    Start_motion                             0x08000b5d   Thumb Code   188  steppingMotor.o(.text.Start_motion)
    SysTick_CLKSourceConfig                  0x08000c19   Thumb Code    24  misc.o(.text.SysTick_CLKSourceConfig)
    SysTick_Handler                          0x08000c31   Thumb Code    46  port.o(.text.SysTick_Handler)
    SysTick_Init                             0x08000c61   Thumb Code    42  SysTick.o(.text.SysTick_Init)
    SystemInit                               0x08000c8d   Thumb Code   246  system_stm32f4xx.o(.text.SystemInit)
    TIM1_PWM_Output                          0x08000d85   Thumb Code    92  stepMotor.o(.text.TIM1_PWM_Output)
    TIM1_UP_TIM10_IRQHandler                 0x08000de1   Thumb Code    38  stepMotor.o(.text.TIM1_UP_TIM10_IRQHandler)
    TIM2_IRQHandler                          0x08000e09   Thumb Code    18  encodeMotor.o(.text.TIM2_IRQHandler)
    TIM3_IRQHandler                          0x08000e1d   Thumb Code    20  encodeMotor.o(.text.TIM3_IRQHandler)
    TIM4_IRQHandler                          0x08000e31   Thumb Code    20  encodeMotor.o(.text.TIM4_IRQHandler)
    TIM5_IRQHandler                          0x08000e45   Thumb Code    20  encodeMotor.o(.text.TIM5_IRQHandler)
    TIM_ARRPreloadConfig                     0x08000e59   Thumb Code    20  stm32f4xx_tim.o(.text.TIM_ARRPreloadConfig)
    TIM_CCxCmd                               0x08000e6d   Thumb Code    32  stm32f4xx_tim.o(.text.TIM_CCxCmd)
    TIM_ClearITPendingBit                    0x08000e8d   Thumb Code     6  stm32f4xx_tim.o(.text.TIM_ClearITPendingBit)
    TIM_Cmd                                  0x08000e95   Thumb Code    18  stm32f4xx_tim.o(.text.TIM_Cmd)
    TIM_CtrlPWMOutputs                       0x08000ea9   Thumb Code    24  stm32f4xx_tim.o(.text.TIM_CtrlPWMOutputs)
    TIM_GetITStatus                          0x08000ec1   Thumb Code    24  stm32f4xx_tim.o(.text.TIM_GetITStatus)
    TIM_ITConfig                             0x08000ed9   Thumb Code    16  stm32f4xx_tim.o(.text.TIM_ITConfig)
    TIM_OC1Init                              0x08000ee9   Thumb Code   102  stm32f4xx_tim.o(.text.TIM_OC1Init)
    TIM_OC1PreloadConfig                     0x08000f51   Thumb Code    12  stm32f4xx_tim.o(.text.TIM_OC1PreloadConfig)
    TIM_OC2Init                              0x08000f5d   Thumb Code   110  stm32f4xx_tim.o(.text.TIM_OC2Init)
    TIM_OC2PreloadConfig                     0x08000fcd   Thumb Code    14  stm32f4xx_tim.o(.text.TIM_OC2PreloadConfig)
    TIM_OC3Init                              0x08000fdd   Thumb Code   110  stm32f4xx_tim.o(.text.TIM_OC3Init)
    TIM_OC3PreloadConfig                     0x0800104d   Thumb Code    12  stm32f4xx_tim.o(.text.TIM_OC3PreloadConfig)
    TIM_OC4Init                              0x08001059   Thumb Code    82  stm32f4xx_tim.o(.text.TIM_OC4Init)
    TIM_OC4PreloadConfig                     0x080010ad   Thumb Code    14  stm32f4xx_tim.o(.text.TIM_OC4PreloadConfig)
    TIM_PrescalerConfig                      0x080010bd   Thumb Code     6  stm32f4xx_tim.o(.text.TIM_PrescalerConfig)
    TIM_SetAutoreload                        0x080010c5   Thumb Code     4  stm32f4xx_tim.o(.text.TIM_SetAutoreload)
    TIM_SetCompare1                          0x080010c9   Thumb Code     4  stm32f4xx_tim.o(.text.TIM_SetCompare1)
    TIM_SetCompare2                          0x080010cd   Thumb Code     4  stm32f4xx_tim.o(.text.TIM_SetCompare2)
    TIM_SetCompare3                          0x080010d1   Thumb Code     4  stm32f4xx_tim.o(.text.TIM_SetCompare3)
    TIM_SetCompare4                          0x080010d5   Thumb Code     4  stm32f4xx_tim.o(.text.TIM_SetCompare4)
    TIM_TimeBaseInit                         0x080010d9   Thumb Code   146  stm32f4xx_tim.o(.text.TIM_TimeBaseInit)
    TIM_UpdateRequestConfig                  0x0800116d   Thumb Code    20  stm32f4xx_tim.o(.text.TIM_UpdateRequestConfig)
    USART1_IRQHandler                        0x08001181   Thumb Code   142  usart.o(.text.USART1_IRQHandler)
    USART_ClearITPendingBit                  0x08001211   Thumb Code    14  stm32f4xx_usart.o(.text.USART_ClearITPendingBit)
    USART_GetFlagStatus                      0x08001221   Thumb Code    10  stm32f4xx_usart.o(.text.USART_GetFlagStatus)
    USART_GetITStatus                        0x0800122d   Thumb Code    50  stm32f4xx_usart.o(.text.USART_GetITStatus)
    USART_ReceiveData                        0x08001261   Thumb Code     8  stm32f4xx_usart.o(.text.USART_ReceiveData)
    USART_SendData                           0x08001269   Thumb Code     8  stm32f4xx_usart.o(.text.USART_SendData)
    UsageFault_Handler                       0x08001271   Thumb Code     2  stm32f4xx_it.o(.text.UsageFault_Handler)
    delay_ms                                 0x08001275   Thumb Code   140  SysTick.o(.text.delay_ms)
    main                                     0x08001301   Thumb Code   184  main.o(.text.main)
    uxListRemove                             0x080013c1   Thumb Code    34  list.o(.text.uxListRemove)
    vListInsertEnd                           0x080013e5   Thumb Code    26  list.o(.text.vListInsertEnd)
    vTaskSwitchContext                       0x08001401   Thumb Code   134  tasks.o(.text.vTaskSwitchContext)
    xTaskIncrementTick                       0x08001489   Thumb Code   384  tasks.o(.text.xTaskIncrementTick)
    __scatterload_copy                       0x08001609   Thumb Code    14  handlers.o(i.__scatterload_copy)
    __scatterload_null                       0x08001617   Thumb Code     2  handlers.o(i.__scatterload_null)
    __scatterload_zeroinit                   0x08001619   Thumb Code    14  handlers.o(i.__scatterload_zeroinit)
    Region$$Table$$Base                      0x08001628   Number         0  anon$$obj.o(Region$$Table)
    Region$$Table$$Limit                     0x08001638   Number         0  anon$$obj.o(Region$$Table)
    Recvl_Buffer                             0x20000000   Data           5  usart.o(.bss.Recvl_Buffer)
    Recvl_Data                               0x20000005   Data           3  usart.o(.bss.Recvl_Data)
    SMOTOR_1                                 0x20000008   Data           8  steppingMotor.o(.bss.SMOTOR_1)
    SMOTOR_2                                 0x20000010   Data           8  steppingMotor.o(.bss.SMOTOR_2)
    SMOTOR_3                                 0x20000018   Data           8  steppingMotor.o(.bss.SMOTOR_3)
    SMOTOR_4                                 0x20000020   Data           8  steppingMotor.o(.bss.SMOTOR_4)
    pxCurrentTCB                             0x20000030   Data           4  tasks.o(.bss.pxCurrentTCB)
    __initial_sp                             0x200004c0   Data           0  startup_stm32f40_41xxx.o(STACK)



==============================================================================

Memory Map of the image

  Image Entry point : 0x08000189

  Load Region LR_IROM1 (Base: 0x08000000, Size: 0x00001638, Max: 0x00100000, ABSOLUTE)

    Execution Region ER_IROM1 (Exec base: 0x08000000, Load base: 0x08000000, Size: 0x00001638, Max: 0x00100000, ABSOLUTE)

    Exec Addr    Load Addr    Size         Type   Attr      Idx    E Section Name        Object

    0x08000000   0x08000000   0x00000188   Data   RO            3    RESET               startup_stm32f40_41xxx.o
    0x08000188   0x08000188   0x00000000   Code   RO         1212  * .ARM.Collect$$$$00000000  mc_w.l(entry.o)
    0x08000188   0x08000188   0x00000004   Code   RO         1221    .ARM.Collect$$$$00000001  mc_w.l(entry2.o)
    0x0800018c   0x0800018c   0x00000004   Code   RO         1224    .ARM.Collect$$$$00000004  mc_w.l(entry5.o)
    0x08000190   0x08000190   0x00000000   Code   RO         1226    .ARM.Collect$$$$00000008  mc_w.l(entry7b.o)
    0x08000190   0x08000190   0x00000000   Code   RO         1228    .ARM.Collect$$$$0000000A  mc_w.l(entry8b.o)
    0x08000190   0x08000190   0x00000008   Code   RO         1229    .ARM.Collect$$$$0000000B  mc_w.l(entry9a.o)
    0x08000198   0x08000198   0x00000000   Code   RO         1231    .ARM.Collect$$$$0000000D  mc_w.l(entry10a.o)
    0x08000198   0x08000198   0x00000000   Code   RO         1233    .ARM.Collect$$$$0000000F  mc_w.l(entry11a.o)
    0x08000198   0x08000198   0x00000004   Code   RO         1222    .ARM.Collect$$$$00002712  mc_w.l(entry2.o)
    0x0800019c   0x0800019c   0x00000024   Code   RO            4    .text               startup_stm32f40_41xxx.o
    0x080001c0   0x080001c0   0x00000030   Code   RO         1235    .text               mc_w.l(init.o)
    0x080001f0   0x080001f0   0x00000002   Code   RO         1200    .text.BusFault_Handler  stm32f4xx_it.o
    0x080001f2   0x080001f2   0x00000002   PAD
    0x080001f4   0x080001f4   0x00000002   Code   RO         1204    .text.DebugMon_Handler  stm32f4xx_it.o
    0x080001f6   0x080001f6   0x00000002   PAD
    0x080001f8   0x080001f8   0x0000002a   Code   RO         1039    .text.Emotor_GPIO_Init  encodeMotor.o
    0x08000222   0x08000222   0x00000002   PAD
    0x08000224   0x08000224   0x00000014   Code   RO         1097    .text.Emotor_Init   encodingMotor.o
    0x08000238   0x08000238   0x000000f6   Code   RO         1041    .text.Emotor_PWM_TIM8_Init  encodeMotor.o
    0x0800032e   0x0800032e   0x00000002   PAD
    0x08000330   0x08000330   0x000000cc   Code   RO         1099    .text.Emotor_control  encodingMotor.o
    0x080003fc   0x080003fc   0x0000008a   Code   RO           55    .text.GPIO_Init     stm32f4xx_gpio.o
    0x08000486   0x08000486   0x00000002   PAD
    0x08000488   0x08000488   0x00000028   Code   RO           79    .text.GPIO_PinAFConfig  stm32f4xx_gpio.o
    0x080004b0   0x080004b0   0x00000004   Code   RO           69    .text.GPIO_SetBits  stm32f4xx_gpio.o
    0x080004b4   0x080004b4   0x0000000c   Code   RO           57    .text.GPIO_StructInit  stm32f4xx_gpio.o
    0x080004c0   0x080004c0   0x00000002   Code   RO         1196    .text.HardFault_Handler  stm32f4xx_it.o
    0x080004c2   0x080004c2   0x00000002   PAD
    0x080004c4   0x080004c4   0x00000054   Code   RO          924    .text.LED_Init      led.o
    0x08000518   0x08000518   0x00000002   Code   RO         1198    .text.MemManage_Handler  stm32f4xx_it.o
    0x0800051a   0x0800051a   0x00000002   PAD
    0x0800051c   0x0800051c   0x00000002   Code   RO         1194    .text.NMI_Handler   stm32f4xx_it.o
    0x0800051e   0x0800051e   0x00000002   PAD
    0x08000520   0x08000520   0x00000062   Code   RO           13    .text.NVIC_Init     misc.o
    0x08000582   0x08000582   0x00000002   PAD
    0x08000584   0x08000584   0x00000014   Code   RO           11    .text.NVIC_PriorityGroupConfig  misc.o
    0x08000598   0x08000598   0x00000008   PAD
    0x080005a0   0x080005a0   0x00000064   Code   RO          885    .text.PendSV_Handler  port.o
    0x08000604   0x08000604   0x00000018   Code   RO          234    .text.RCC_AHB1PeriphClockCmd  stm32f4xx_rcc.o
    0x0800061c   0x0800061c   0x00000018   Code   RO          240    .text.RCC_APB1PeriphClockCmd  stm32f4xx_rcc.o
    0x08000634   0x08000634   0x00000018   Code   RO          242    .text.RCC_APB2PeriphClockCmd  stm32f4xx_rcc.o
    0x0800064c   0x0800064c   0x00000004   PAD
    0x08000650   0x08000650   0x00000024   Code   RO          869    .text.SVC_Handler   port.o
    0x08000674   0x08000674   0x0000001a   Code   RO         1161    .text.Sengine_Init  steeringEngine.o
    0x0800068e   0x0800068e   0x00000002   PAD
    0x08000690   0x08000690   0x000000ee   Code   RO         1069    .text.Sengine_PWM_TIM4_Init  steerEngine.o
    0x0800077e   0x0800077e   0x00000002   PAD
    0x08000780   0x08000780   0x000000ba   Code   RO         1071    .text.Sengine_PWM_TIM5_Init  steerEngine.o
    0x0800083a   0x0800083a   0x00000002   PAD
    0x0800083c   0x0800083c   0x000000dc   Code   RO         1159    .text.Sengine_setAngle  steeringEngine.o
    0x08000918   0x08000918   0x000000a6   Code   RO         1145    .text.Smotor_Angle_control  steppingMotor.o
    0x080009be   0x080009be   0x00000002   PAD
    0x080009c0   0x080009c0   0x00000032   Code   RO         1081    .text.Smotor_GPIO_Init  stepMotor.o
    0x080009f2   0x080009f2   0x00000002   PAD
    0x080009f4   0x080009f4   0x00000014   Code   RO         1141    .text.Smotor_Init   steppingMotor.o
    0x08000a08   0x08000a08   0x00000152   Code   RO         1083    .text.Smotor_PWM_TIM1_Init  stepMotor.o
    0x08000b5a   0x08000b5a   0x00000002   PAD
    0x08000b5c   0x08000b5c   0x000000bc   Code   RO         1143    .text.Start_motion  steppingMotor.o
    0x08000c18   0x08000c18   0x00000018   Code   RO           19    .text.SysTick_CLKSourceConfig  misc.o
    0x08000c30   0x08000c30   0x0000002e   Code   RO          887    .text.SysTick_Handler  port.o
    0x08000c5e   0x08000c5e   0x00000002   PAD
    0x08000c60   0x08000c60   0x0000002a   Code   RO          905    .text.SysTick_Init  SysTick.o
    0x08000c8a   0x08000c8a   0x00000002   PAD
    0x08000c8c   0x08000c8c   0x000000f6   Code   RO          555    .text.SystemInit    system_stm32f4xx.o
    0x08000d82   0x08000d82   0x00000002   PAD
    0x08000d84   0x08000d84   0x0000005c   Code   RO         1087    .text.TIM1_PWM_Output  stepMotor.o
    0x08000de0   0x08000de0   0x00000026   Code   RO         1085    .text.TIM1_UP_TIM10_IRQHandler  stepMotor.o
    0x08000e06   0x08000e06   0x00000002   PAD
    0x08000e08   0x08000e08   0x00000012   Code   RO         1053    .text.TIM2_IRQHandler  encodeMotor.o
    0x08000e1a   0x08000e1a   0x00000002   PAD
    0x08000e1c   0x08000e1c   0x00000014   Code   RO         1055    .text.TIM3_IRQHandler  encodeMotor.o
    0x08000e30   0x08000e30   0x00000014   Code   RO         1057    .text.TIM4_IRQHandler  encodeMotor.o
    0x08000e44   0x08000e44   0x00000014   Code   RO         1059    .text.TIM5_IRQHandler  encodeMotor.o
    0x08000e58   0x08000e58   0x00000014   Code   RO          305    .text.TIM_ARRPreloadConfig  stm32f4xx_tim.o
    0x08000e6c   0x08000e6c   0x00000020   Code   RO          379    .text.TIM_CCxCmd    stm32f4xx_tim.o
    0x08000e8c   0x08000e8c   0x00000006   Code   RO          425    .text.TIM_ClearITPendingBit  stm32f4xx_tim.o
    0x08000e92   0x08000e92   0x00000002   PAD
    0x08000e94   0x08000e94   0x00000012   Code   RO          311    .text.TIM_Cmd       stm32f4xx_tim.o
    0x08000ea6   0x08000ea6   0x00000002   PAD
    0x08000ea8   0x08000ea8   0x00000018   Code   RO          409    .text.TIM_CtrlPWMOutputs  stm32f4xx_tim.o
    0x08000ec0   0x08000ec0   0x00000018   Code   RO          423    .text.TIM_GetITStatus  stm32f4xx_tim.o
    0x08000ed8   0x08000ed8   0x00000010   Code   RO          415    .text.TIM_ITConfig  stm32f4xx_tim.o
    0x08000ee8   0x08000ee8   0x00000066   Code   RO          313    .text.TIM_OC1Init   stm32f4xx_tim.o
    0x08000f4e   0x08000f4e   0x00000002   PAD
    0x08000f50   0x08000f50   0x0000000c   Code   RO          341    .text.TIM_OC1PreloadConfig  stm32f4xx_tim.o
    0x08000f5c   0x08000f5c   0x0000006e   Code   RO          315    .text.TIM_OC2Init   stm32f4xx_tim.o
    0x08000fca   0x08000fca   0x00000002   PAD
    0x08000fcc   0x08000fcc   0x0000000e   Code   RO          343    .text.TIM_OC2PreloadConfig  stm32f4xx_tim.o
    0x08000fda   0x08000fda   0x00000002   PAD
    0x08000fdc   0x08000fdc   0x0000006e   Code   RO          317    .text.TIM_OC3Init   stm32f4xx_tim.o
    0x0800104a   0x0800104a   0x00000002   PAD
    0x0800104c   0x0800104c   0x0000000c   Code   RO          345    .text.TIM_OC3PreloadConfig  stm32f4xx_tim.o
    0x08001058   0x08001058   0x00000052   Code   RO          319    .text.TIM_OC4Init   stm32f4xx_tim.o
    0x080010aa   0x080010aa   0x00000002   PAD
    0x080010ac   0x080010ac   0x0000000e   Code   RO          347    .text.TIM_OC4PreloadConfig  stm32f4xx_tim.o
    0x080010ba   0x080010ba   0x00000002   PAD
    0x080010bc   0x080010bc   0x00000006   Code   RO          289    .text.TIM_PrescalerConfig  stm32f4xx_tim.o
    0x080010c2   0x080010c2   0x00000002   PAD
    0x080010c4   0x080010c4   0x00000004   Code   RO          295    .text.TIM_SetAutoreload  stm32f4xx_tim.o
    0x080010c8   0x080010c8   0x00000004   Code   RO          325    .text.TIM_SetCompare1  stm32f4xx_tim.o
    0x080010cc   0x080010cc   0x00000004   Code   RO          327    .text.TIM_SetCompare2  stm32f4xx_tim.o
    0x080010d0   0x080010d0   0x00000004   Code   RO          329    .text.TIM_SetCompare3  stm32f4xx_tim.o
    0x080010d4   0x080010d4   0x00000004   Code   RO          331    .text.TIM_SetCompare4  stm32f4xx_tim.o
    0x080010d8   0x080010d8   0x00000092   Code   RO          285    .text.TIM_TimeBaseInit  stm32f4xx_tim.o
    0x0800116a   0x0800116a   0x00000002   PAD
    0x0800116c   0x0800116c   0x00000014   Code   RO          303    .text.TIM_UpdateRequestConfig  stm32f4xx_tim.o
    0x08001180   0x08001180   0x0000008e   Code   RO          995    .text.USART1_IRQHandler  usart.o
    0x0800120e   0x0800120e   0x00000002   PAD
    0x08001210   0x08001210   0x0000000e   Code   RO          523    .text.USART_ClearITPendingBit  stm32f4xx_usart.o
    0x0800121e   0x0800121e   0x00000002   PAD
    0x08001220   0x08001220   0x0000000a   Code   RO          517    .text.USART_GetFlagStatus  stm32f4xx_usart.o
    0x0800122a   0x0800122a   0x00000002   PAD
    0x0800122c   0x0800122c   0x00000032   Code   RO          521    .text.USART_GetITStatus  stm32f4xx_usart.o
    0x0800125e   0x0800125e   0x00000002   PAD
    0x08001260   0x08001260   0x00000008   Code   RO          487    .text.USART_ReceiveData  stm32f4xx_usart.o
    0x08001268   0x08001268   0x00000008   Code   RO          485    .text.USART_SendData  stm32f4xx_usart.o
    0x08001270   0x08001270   0x00000002   Code   RO         1202    .text.UsageFault_Handler  stm32f4xx_it.o
    0x08001272   0x08001272   0x00000002   PAD
    0x08001274   0x08001274   0x0000008c   Code   RO          911    .text.delay_ms      SysTick.o
    0x08001300   0x08001300   0x000000c0   Code   RO         1180    .text.main          main.o
    0x080013c0   0x080013c0   0x00000022   Code   RO          606    .text.uxListRemove  list.o
    0x080013e2   0x080013e2   0x00000002   PAD
    0x080013e4   0x080013e4   0x0000001a   Code   RO          602    .text.vListInsertEnd  list.o
    0x080013fe   0x080013fe   0x00000002   PAD
    0x08001400   0x08001400   0x00000086   Code   RO          701    .text.vTaskSwitchContext  tasks.o
    0x08001486   0x08001486   0x00000002   PAD
    0x08001488   0x08001488   0x00000180   Code   RO          713    .text.xTaskIncrementTick  tasks.o
    0x08001608   0x08001608   0x0000000e   Code   RO         1239    i.__scatterload_copy  mc_w.l(handlers.o)
    0x08001616   0x08001616   0x00000002   Code   RO         1240    i.__scatterload_null  mc_w.l(handlers.o)
    0x08001618   0x08001618   0x0000000e   Code   RO         1241    i.__scatterload_zeroinit  mc_w.l(handlers.o)
    0x08001626   0x08001626   0x00000002   PAD
    0x08001628   0x08001628   0x00000010   Data   RO         1238    Region$$Table       anon$$obj.o


    Execution Region RW_IRAM1 (Exec base: 0x20000000, Load base: 0x08001638, Size: 0x000004c0, Max: 0x00020000, ABSOLUTE)

    Exec Addr    Load Addr    Size         Type   Attr      Idx    E Section Name        Object

    0x20000000        -       0x00000005   Zero   RW         1000    .bss.Recvl_Buffer   usart.o
    0x20000005        -       0x00000003   Zero   RW         1001    .bss.Recvl_Data     usart.o
    0x20000008        -       0x00000008   Zero   RW         1147    .bss.SMOTOR_1       steppingMotor.o
    0x20000010        -       0x00000008   Zero   RW         1148    .bss.SMOTOR_2       steppingMotor.o
    0x20000018        -       0x00000008   Zero   RW         1149    .bss.SMOTOR_3       steppingMotor.o
    0x20000020        -       0x00000008   Zero   RW         1150    .bss.SMOTOR_4       steppingMotor.o
    0x20000028        -       0x00000001   Zero   RW          999    .bss.USART1_IRQHandler.Count  usart.o
    0x20000029   0x08001638   0x00000001   PAD
    0x2000002a        -       0x00000002   Zero   RW          914    .bss.fac_ms         SysTick.o
    0x2000002c        -       0x00000001   Zero   RW          913    .bss.fac_us         SysTick.o
    0x2000002d   0x08001638   0x00000003   PAD
    0x20000030        -       0x00000004   Zero   RW          771    .bss.pxCurrentTCB   tasks.o
    0x20000034        -       0x00000004   Zero   RW          781    .bss.pxDelayedTaskList  tasks.o
    0x20000038        -       0x00000004   Zero   RW          782    .bss.pxOverflowDelayedTaskList  tasks.o
    0x2000003c        -       0x00000064   Zero   RW          772    .bss.pxReadyTasksLists  tasks.o
    0x200000a0        -       0x00000004   Zero   RW          788    .bss.uxPendedTicks  tasks.o
    0x200000a4        -       0x00000004   Zero   RW          779    .bss.uxSchedulerSuspended  tasks.o
    0x200000a8        -       0x00000004   Zero   RW          773    .bss.uxTopReadyPriority  tasks.o
    0x200000ac        -       0x00000004   Zero   RW          786    .bss.xNextTaskUnblockTime  tasks.o
    0x200000b0        -       0x00000004   Zero   RW          789    .bss.xNumOfOverflows  tasks.o
    0x200000b4        -       0x00000004   Zero   RW          780    .bss.xTickCount     tasks.o
    0x200000b8        -       0x00000004   Zero   RW          787    .bss.xYieldPending  tasks.o
    0x200000bc   0x08001638   0x00000004   PAD
    0x200000c0        -       0x00000400   Zero   RW            1    STACK               startup_stm32f40_41xxx.o


==============================================================================

Image component sizes


      Code (inc. data)   RO Data    RW Data    ZI Data      Debug   Object Name

       182          0          0          0          3       2760   SysTick.o
       366          0          0          0          0       5452   encodeMotor.o
       224          4          0          0          0       2547   encodingMotor.o
        84          0          0          0          0       1908   led.o
        60          0          0          0          0       2213   list.o
       192          8          0          0          0       1362   main.o
       142          0          0          0          0       3550   misc.o
       182          8          0          0          0       4193   port.o
        36          8        392          0       1024        936   startup_stm32f40_41xxx.o
       424          0          0          0          0       3842   steerEngine.o
       246         22          0          0          0       2735   steeringEngine.o
       518          4          0          0          0       6375   stepMotor.o
       374          4          0          0         32       3080   steppingMotor.o
       194          0          0          0          0       4964   stm32f4xx_gpio.o
        12          0          0          0          0        840   stm32f4xx_it.o
        72          0          0          0          0      13926   stm32f4xx_rcc.o
       788          0          0          0          0      27032   stm32f4xx_tim.o
        90          0          0          0          0       8937   stm32f4xx_usart.o
       246          0          0          0          0       3469   system_stm32f4xx.o
       518          0          0          0        140      33017   tasks.o
       142          0          0          0          9       6171   usart.o

    ----------------------------------------------------------------------
      5180         58        408          0       1216     139309   Object Totals
         0          0         16          0          0          0   (incl. Generated)
        88          0          0          0          8          0   (incl. Padding)

    ----------------------------------------------------------------------

      Code (inc. data)   RO Data    RW Data    ZI Data      Debug   Library Member Name

         0          0          0          0          0          0   entry.o
         0          0          0          0          0          0   entry10a.o
         0          0          0          0          0          0   entry11a.o
         8          4          0          0          0          0   entry2.o
         4          0          0          0          0          0   entry5.o
         0          0          0          0          0          0   entry7b.o
         0          0          0          0          0          0   entry8b.o
         8          4          0          0          0          0   entry9a.o
        30          0          0          0          0          0   handlers.o
        48         10          0          0          0         68   init.o

    ----------------------------------------------------------------------
       100         18          0          0          0         68   Library Totals
         2          0          0          0          0          0   (incl. Padding)

    ----------------------------------------------------------------------

      Code (inc. data)   RO Data    RW Data    ZI Data      Debug   Library Name

        98         18          0          0          0         68   mc_w.l

    ----------------------------------------------------------------------
       100         18          0          0          0         68   Library Totals

    ----------------------------------------------------------------------

==============================================================================


      Code (inc. data)   RO Data    RW Data    ZI Data      Debug   

      5280         76        408          0       1216     139201   Grand Totals
      5280         76        408          0       1216     139201   ELF Image Totals
      5280         76        408          0          0          0   ROM Totals

==============================================================================

    Total RO  Size (Code + RO Data)                 5688 (   5.55kB)
    Total RW  Size (RW Data + ZI Data)              1216 (   1.19kB)
    Total ROM Size (Code + RO Data + RW Data)       5688 (   5.55kB)

==============================================================================

